=== carte du toit — assets/environment/caves/SM_WaterfallCave.glb
    20090 triangles, 6784 dans le seau ; pas 0.10 m, vide qualifiant 0.30 m
    colonnes : 885 ok, 0 ciel, 2580 sans vide, 0 impair, 0 hors
    toit < 0,80 m : 180 colonne(s)
      0.002 m en (+0.60 ; 5.90)  plafond 1.55  cumul 0.002
      0.038 m en (+0.50 ; 5.80)  plafond 1.51  cumul 0.038
      0.042 m en (+0.60 ; 6.00)  plafond 1.49  cumul 0.042
      0.058 m en (+0.50 ; 5.90)  plafond 1.46  cumul 0.058
      0.076 m en (+0.50 ; 6.00)  plafond 1.40  cumul 0.076
      0.112 m en (+0.60 ; 5.80)  plafond 1.60  cumul 0.112
      0.137 m en (+0.40 ; 5.90)  plafond 1.36  cumul 0.137
      0.138 m en (+0.40 ; 5.80)  plafond 1.42  cumul 0.138
      0.145 m en (+0.50 ; 5.70)  plafond 1.55  cumul 0.145
      0.145 m en (+0.40 ; 6.00)  plafond 1.30  cumul 0.145
      0.151 m en (+2.10 ; 4.90)  plafond 2.16  cumul 0.151
      0.158 m en (+2.20 ; 4.80)  plafond 2.15  cumul 0.158
    EMPRISE des colonnes minces : x [-0.20 ; +2.70]  y [4.50 ; 6.40]
    carte (lignes = ay croissant vers le bas, colonnes = ax) :
      legende : '#' >= 2 m   '+' >= 0,80 m   'x' < 0,80 m   '!' percee   '.' pas de vide   ' ' hors solide
        456789012345678901234567890123456789012345678901234567890123456
   3.20 ..........................#####################################
   3.30 ..........................#####################################
   3.40 ..........................####################################.
   3.50 ..........................####################################.
   3.60 ..........................###################################..
   3.70 ..........................##################################...
   3.80 ..........................##################################...
   3.90 ..........................#################################....
   4.00 .........................##############################++#.....
   4.10 .........................############################+++#......
   4.20 .........................#######################+##+++++#......
   4.30 .........................######################+++++++++.......
   4.40 .........................#####################+++++++++........
   4.50 .........................######+++###########++xxxxx+++........
   4.60 .........................####+++++++########++xxxxxxxx.........
   4.70 .........................##+++++++++++#####++xxxxxxxx..........
   4.80 .........................#+++++++++++++###+++xxxxxxx...........
   4.90 .........................#++++xxx+++++++++++xxxxxxx+...........
   5.00 .........................++++xxxxx+++++++++xxxxxxx+............
   5.10 .........................++++xxxxxxxx+++++xxxxxxx+.............
   5.20 ........................++++xxxxxxxxxx++++xxxxxx+..............
   5.30 ........................++xxxxxxxxxxxx++++xxxx++...............
   5.40 ........................+xxxxxxxxxxxxx+++++++++................
   5.50 ........................xxxxxxxxxxxxx+++++++++.................
   5.60 ........................xxxxxxxxxxxx+++++++++..................
   5.70 .........................xxxxxxxxxx++++++++#...................
   5.80 .........................xxxxxxxxx++++++++#....................
   5.90 ..........................xxxxxxx+++++++##.....................
   6.00 ..........................xxxxxxx++++++##......................
   6.10 ...........................xxxxx+++++++#.......................
   6.20 ...........................xxxx+++++++#........................
   6.30 ............................xx+++++++##........................
   6.40 ............................x+++++++##.........................
   6.50 .............................+++++###..........................
   6.60 ..............................++####...........................
   6.70 ..............................+####............................
   6.80 ...............................###.............................
   6.90 ...............................##..............................
   7.00 ...............................................................
   7.10 ...............................................................
   7.20 ...............................................................
   7.30 ...............................................................
   7.40 ...............................................................
   7.50 ...............................................................
   7.60 ...............................................................
   7.70 ...............................................................
   7.80 ...............................................................
   7.90 ...............................................................
   8.00 ...............................................................
   8.10 ...............................................................
   8.20 ...............................................................
   8.30 ...............................................................
   8.40 ...............................................................
   8.50 ...............................................................
   8.60 ...............................................................
