=== marge pour la masse corrective — assets/environment/caves/SM_WaterfallCave.glb
    20090 triangles ; seuil 0.80 m + marge 0.60 m ; retrait de silhouette 0.35 m
    profil  55.0 deg : 212 colonnes, z de -0.08 a 8.18 m
    profil 100.0 deg : 236 colonnes, z de -2.43 a 8.19 m
    profil 225.0 deg : 213 colonnes, z de -0.04 a 8.19 m
    colonnes du sol : 24 x 19, pas 0.20 m
    legende : chiffre = jeu en dm (permis - exige), 'X' jeu < 0, '.' pas de vide, '=' deja conforme sans ajout
       456789012345678901234567
  3.80 ......=================.
  4.00 ......================..
  4.20 ......================..
  4.40 ......===========9999...
  4.60 ......===9======9999....
  4.80 ......==9999===9999.....
  5.00 ......9877988=99999.....
  5.20 .....9997556899999......
  5.40 .....899864358999.......
  5.60 .....667875445==........
  5.80 ......6556=====.........
  6.00 ......6543====..........
  6.20 .......55====...........
  6.40 .......5====............
  6.60 ........===.............
  6.80 .........=..............
  7.00 ........................
  7.20 ........................
  7.40 ........................
    colonnes A CORRIGER (sommet - plafond < 1.40 m) : 74
    les 10 plus contraintes :
      (+1.00 ; 5.40)  plafond 2.19  sommet 2.50  exige 3.59  permis 3.92  jeu +0.32
      (+0.60 ; 6.00)  plafond 1.49  sommet 1.53  exige 2.89  permis 3.26  jeu +0.37
      (+1.20 ; 5.60)  plafond 2.07  sommet 3.29  exige 3.47  permis 3.89  jeu +0.42
      (+0.40 ; 6.00)  plafond 1.30  sommet 1.45  exige 2.70  permis 3.14  jeu +0.44
      (+0.80 ; 5.40)  plafond 2.02  sommet 2.37  exige 3.42  permis 3.87  jeu +0.45
      (+1.00 ; 5.60)  plafond 2.01  sommet 3.18  exige 3.41  permis 3.86  jeu +0.45
      (+0.40 ; 6.20)  plafond 1.18  sommet 1.57  exige 2.58  permis 3.08  jeu +0.50
      (+0.20 ; 6.40)  plafond 0.88  sommet 1.37  exige 2.28  permis 2.79  jeu +0.51
      (+0.80 ; 5.20)  plafond 2.11  sommet 2.44  exige 3.51  permis 4.03  jeu +0.52
      (+0.20 ; 6.20)  plafond 1.01  sommet 1.43  exige 2.41  permis 2.94  jeu +0.53
    colonnes SANS solution conforme (jeu < 0) : 0
    sommet le plus haut EXIGE par la correction : 3.88 m
