=== INSPECTION glTF : assets/environment/caves/SM_WaterfallCave.glb ===
  format                 : GLB v2, 1490392 octets
  chunk_binaire          : 1484544 octets
  generateur             : Khronos glTF Blender I/O v4.0.44
  version_gltf           : 2.0
  meshes                 : 2
  materiaux              : 6 (MAT_CaveRock_Face, MAT_CaveRock_Base, MAT_CaveRock_Collar, MAT_CaveIn_Wall, MAT_CaveIn_Deep, MAT_CaveIn_Floor)
  textures               : 0 image(s), 0 texture(s)
  noeuds                 : 2 (COL_WaterfallCave, SM_WaterfallCave)
  skins                  : 0
  animations             : 0 (aucune)
  triangles              : 20952
  bbox_min               : [-8.7717, -3.5509, -11.8987]
  bbox_max               : [8.1739, 8.1923, 3.2305]
  dimensions_m           : [16.9456, 11.7432, 15.1292]
  [AVERT] mesh 'COL_WaterfallCave': pas d'UV0 — lightmap et matériaux limités
  [AVERT] mesh 'SM_WaterfallCave': pas d'UV0 — lightmap et matériaux limités
  [AVERT] mesh 'SM_WaterfallCave': pas d'UV0 — lightmap et matériaux limités
  [AVERT] mesh 'SM_WaterfallCave': pas d'UV0 — lightmap et matériaux limités
  [AVERT] mesh 'SM_WaterfallCave': pas d'UV0 — lightmap et matériaux limités
  [AVERT] mesh 'SM_WaterfallCave': pas d'UV0 — lightmap et matériaux limités
  [AVERT] mesh 'SM_WaterfallCave': pas d'UV0 — lightmap et matériaux limités
  [AVERT] min Y = -3.5509 (attendu ~0 : bas de l'objet au sol, §7.15)
=== VALIDE ===
