==========================================================================
SONDE DE CONTINUITE — Grotte du Couchant
==========================================================================
cotes  : LUES dans /home/user/zelda-r2a351/integ/source_assets/blender/environment/make_waterfall_cave.py
         9 stations, axe y de -1.15 a +3.17, sag 0.08, denivele de porche -0.58
cotes  : CAVITE, CAVITE_ASYM, PALIER, SAG, PORCHE_DENIVELE conformes au generateur
garde  : le profil declare laisse au moins 0.42 m au-dessus du terrain a toutes les stations (herbe 0.30 m)

--------------------------------------------------------------------------
CONTROLE 0 — LA POSE MONDE, DERIVEE ET EPROUVEE
--------------------------------------------------------------------------
origine   : (-106.000 ; 3.500 ; 3.500), lacet 45.0 deg
derivee de: resources/world_v2/world_v2_layout.json -> v2_site [-110.0, 3.0, 6.0]
            scripts/world_v2/poi/waterfall_cave_place.gd -> SEUIL_LOCAL [4.0, -2.5], LACET_DEG 45.0, EXHAUSSEMENT 0.50
            terrain sous le seuil 3.00 m — NON VERIFIE — documentaire, cf. commentaires d'implantation de waterfall_cave_place.gd
aller-retour modele->monde(matrices)->modele(forme fermee) :
   ecart max 4.663e-15 m sur 14 points et 5 directions, tolerance 1e-09 m
   PASS — les deux chemins concordent
maillage rendu : 19992 triangles (COL_WaterfallCave ecarte)
   MAT_CaveRock_Base        8381 tris
   MAT_CaveRock_Face        6838 tris
   MAT_CaveRock_Collar      3604 tris
   MAT_CaveIn_Deep           508 tris
   MAT_CaveIn_Floor          468 tris
   MAT_CaveIn_Wall           193 tris
emprise modele : x[-9.17..8.57] y[-3.53..12.30] z[-3.95..8.59]
echantillons interieurs : 495 (stations 0 a 8, les quatre que le generateur saute comprises)

--------------------------------------------------------------------------
CONTROLE 1 — PLANCHER (rayon vers le BAS depuis l'interieur)
--------------------------------------------------------------------------
Aucune fonction du generateur ne fait ce controle :
  controle_epaisseur  : `if math.sin(theta) < -0.30: continue`
  controle_aucun_jour : `Vector((0.0, 0.0, 1.0))` — vers le HAUT
468 point(s) du vide sondes vers le bas, 0 faute(s)
   PASS — un sol existe sous chaque point sonde, a la hauteur attendue

   CARTE DU PLANCHER (positions laterales avec sol / sans sol) :
      y  -1.15  station 0  #####    5/5  ecart max 0.03 m  z du fond    -
      y  -0.86  station 0  #####    5/5  ecart max 0.04 m  z du fond    -
      y  -0.57  station 0  #####    5/5  ecart max 0.05 m  z du fond    -
      y  -0.29  station 1  #####    5/5  ecart max 0.07 m  z du fond    -
      y  +0.00  station 1  #####    5/5  ecart max 0.08 m  z du fond    -
      y  +0.26  station 1  #####    5/5  ecart max 0.04 m  z du fond    -
      y  +0.53  station 2  #####    5/5  ecart max 0.03 m  z du fond    -
      y  +0.79  station 2  #####    5/5  ecart max 0.03 m  z du fond    -
      y  +1.05  station 2  #####    5/5  ecart max 0.01 m  z du fond    -
      y  +1.19  station 2  #####    5/5  ecart max 0.02 m  z du fond    -
      y  +1.33  station 2  #####    5/5  ecart max 0.03 m  z du fond    -
      y  +1.48  station 3  #####    5/5  ecart max 0.04 m  z du fond    -
      y  +1.62  station 3  #####    5/5  ecart max 0.05 m  z du fond    -
      y  +1.75  station 3  #####    5/5  ecart max 0.07 m  z du fond    -
      y  +1.87  station 4  #####    5/5  ecart max 0.07 m  z du fond    -
      y  +2.00  station 4  #####    5/5  ecart max 0.08 m  z du fond    -
      y  +2.12  station 4  ####     4/4  ecart max 0.09 m  z du fond    -
      y  +2.24  station 4  ####     4/4  ecart max 0.10 m  z du fond    -
      y  +2.35  station 4  ####     4/4  ecart max 0.11 m  z du fond    -
      y  +2.46  station 5  ####     4/4  ecart max 0.12 m  z du fond    -
      y  +2.58  station 5  ####     4/4  ecart max 0.12 m  z du fond    -
      y  +2.66  station 5  ####     4/4  ecart max 0.16 m  z du fond    -
      y  +2.73  station 6  ###      3/3  ecart max 0.20 m  z du fond    -
      y  +2.80  station 6  ###      3/3  ecart max 0.24 m  z du fond    -
      y  +2.88  station 6  ##.      2/3  ecart max 0.27 m  z du fond +0.04  <-- TROU
      y  +2.92  station 6  ##.      2/3  ecart max 0.31 m  z du fond +0.05  <-- TROU
      y  +2.97  station 6  #..      1/3  ecart max 0.36 m  z du fond +0.10  <-- TROU
      y  +3.02  station 7  #..      1/3  ecart max 0.40 m  z du fond +0.13  <-- TROU
      y  +3.06  station 7  #..      1/3  ecart max 0.45 m  z du fond +0.15  <-- TROU
      y  +3.09  station 7  #..      1/3  ecart max 0.45 m  z du fond +0.18  <-- TROU
      y  +3.12  station 8  #..      1/3  ecart max 0.45 m  z du fond +0.23  <-- TROU
      y  +3.14  station 8  #..      1/3  ecart max 0.44 m  z du fond +0.27  <-- TROU
      y  +3.17  station 8  ##.      2/3  ecart max 0.44 m  z du fond +0.23  <-- TROU
   >>> plancher absent de y = +2.88 a y = +3.17 (stations 6 a 8)

--------------------------------------------------------------------------
CONTROLE 2 — JOUR (sphere entiere, stations 0 a 8)
--------------------------------------------------------------------------
100 direction(s) par point, elevations -90 a +90 : le fond (±Y) et le sol (-Z) sont couverts
66 point(s) du porche ecarte(s) (ouvert par construction)
0 point(s) ecarte(s) comme HORS CAVITE (enclosure < 0.50)
38196 rayon(s) juges, 2104 ecarte(s) parce qu'ils sortent par la BOUCHE, 22 RAYON(S) SUSPECT(S)
   « suspect » n'est pas « percee » : voir la definition en tete de
   OUVERTURE_CONFIRMEE_M. La confirmation est faite plus bas.
   station 1 :   2 rayon(s) suspect(s), azimuts 26..180, elevations -22..45
   station 2 :   5 rayon(s) suspect(s), azimuts 77..334, elevations -45..22
   station 3 :   2 rayon(s) suspect(s), azimuts 180..231, elevations 0..45
   station 4 :   2 rayon(s) suspect(s), azimuts 103..334, elevations 0..45
   station 5 :   1 rayon(s) suspect(s), azimuts 309..309, elevations 0..0
   station 6 :   4 rayon(s) suspect(s), azimuts 129..309, elevations -68..68
   station 7 :   3 rayon(s) suspect(s), azimuts 51..257, elevations -22..68
   station 8 :   3 rayon(s) suspect(s), azimuts 26..231, elevations -45..22
   OU LES RAYONS SORTENT (regroupe par maille de 1,5 m sur la coque) — un vrai trou fait converger, un mauvais point disperse :
        3 rayon(s) quittent la galerie en x~+3.51 y~+3.33 z~+0.84  (stations de depart 7,8)
        2 rayon(s) quittent la galerie en x~+3.83 y~+1.21 z~+1.57  (stations de depart 4,5)
        2 rayon(s) quittent la galerie en x~+2.47 y~+4.58 z~+1.73  (stations de depart 6,8)
        1 rayon(s) quittent la galerie en x~-2.06 y~+0.13 z~+0.56  (stations de depart 1)
        1 rayon(s) quittent la galerie en x~+1.53 y~+0.35 z~+2.11  (stations de depart 1)
        1 rayon(s) quittent la galerie en x~-1.29 y~-0.54 z~-0.63  (stations de depart 2)
        1 rayon(s) quittent la galerie en x~-0.10 y~+3.11 z~+1.25  (stations de depart 2)
        1 rayon(s) quittent la galerie en x~-0.87 y~+0.95 z~+1.37  (stations de depart 2)

   CARTE DU FOND (vue de derriere, emprise de la derniere station)
   'O' = le rayon traverse la galerie de part en part
      z +2.80  ..........OOOO
      z +2.55  ...........OOO
      z +2.30  ...........OOO
      z +2.05  ............OO
      z +1.80  ............OO
      z +1.55  ..............
      z +1.30  ..............
      z +1.05  ..............
      z +0.80  ..............
      z +0.55  ..............
      x de +1.84 a +5.32, pas 0,25 m
   >>> fond de la galerie OUVERT : 14 case(s) sur 140, emprise x[+4.34 .. +5.09] z[+1.80 .. +2.80], soit 0.75 x 1.00 m

--------------------------------------------------------------------------
CONTROLE 2b — CONFIRMATION DES RAYONS SUSPECTS
--------------------------------------------------------------------------
Un rayon suspect n'est pas une percee. Une percee est CONFIRMEE
quand un carre de 0.10 m de cote, perpendiculaire au rayon, est
INTEGRALEMENT perce — faisceau de pas 0.025 m sur +/-0.15 m.
22 amas de sortie mesure(s) : 0 CONFIRME(S), 22 ecarte(s)
   la plus grande ouverture parmi les amas ecartes : 0.025 m (seuil 0.10 m)
      ouverture 0.025 m   1 rayon(s)  sortie [-0.87, 0.95, 1.37]  faisceau 20/169 sortant  surface paroi_moins_x
      ouverture 0.025 m   1 rayon(s)  sortie [0.81, 4.8, 0.45]  faisceau 10/169 sortant  surface fond
      ouverture 0.025 m   1 rayon(s)  sortie [2.12, 3.91, 0.54]  faisceau 18/169 sortant  surface fond
      ouverture 0.000 m   1 rayon(s)  sortie [-2.06, 0.13, 0.56]  faisceau 7/169 sortant  surface paroi_moins_x
      ouverture 0.000 m   1 rayon(s)  sortie [1.53, 0.35, 2.11]  faisceau 1/169 sortant  surface paroi_plus_x
   PASS — aucun amas ne porte un carre de 0.10 m integralement perce

--------------------------------------------------------------------------
CONTROLE 4 — LES CINQ SURFACES (plancher, TOIT, parois, fond)
--------------------------------------------------------------------------
Rayons tires du DEHORS vers le noyau, une face a la fois. Methode
independante du controle 2, et la seule qui nomme le TOIT — que la
version precedente ne cartographiait nulle part.

  LIRE « 0 CONFIRMEE » ICI COMME « SAINE » EST UNE ERREUR, ET ELLE
  EST STRUCTURELLE. Ce controle vise le NOYAU (55 %% de la demi-
  largeur) par des rayons alignes sur les axes. Deux angles morts
  lui sont propres, mesures sur la geometrie A1_ASYM :
    * une percee qui ouvre sur la MARGE, entre le noyau et la
      paroi, n'est pas visee — 59 des 161 percees du controle 2
      partaient hors du noyau ;
    * une percee OBLIQUE peut avoir de la roche au zenith et rien
      sur sa propre direction — 16 cas, invisibles a un raster
      aligne sur les axes.
  Le controle 2 part de l'interieur et balaie la sphere entiere.
  Les deux ne se remplacent pas : le verdict est le PLUS SEVERE
  des deux, jamais le plus rassurant.
   plancher       pas 0.050 m   10197 case(s),    0 ouverte(s), 0 bloc(s) assez large(s), 0 confirmee(s)
   toit           pas 0.050 m   10197 case(s),    0 ouverte(s), 0 bloc(s) assez large(s), 0 confirmee(s)
   paroi_moins_x  pas 0.050 m    3914 case(s),    0 ouverte(s), 0 bloc(s) assez large(s), 0 confirmee(s)
   paroi_plus_x   pas 0.050 m    3914 case(s),    0 ouverte(s), 0 bloc(s) assez large(s), 0 confirmee(s)
   fond           pas 0.050 m    3762 case(s),    0 ouverte(s), 0 bloc(s) assez large(s), 0 confirmee(s)
   PASS — aucune des cinq faces ne porte une percee confirmee

--------------------------------------------------------------------------
CONTROLE 3 — LIGNE DE VUE (regle du moteur : cull_back)
--------------------------------------------------------------------------
NON VERIFIE — aucun manifeste fourni (--manifeste)

==========================================================================
GATE — 0 PERCEE CONFIRMEE
==========================================================================
percees confirmees : 0  (seuil d'ouverture 0.10 m)
VERDICT : FAIL — defaut de plancher ou de fond mesure
==========================================================================
sortie brute : evidence/R2a-3.5.1/b_sonde/integ_apres/sonde.json
RC=1
