# commande : python3 tools/cave_argmin_localiser.py <glb> --familles
============================================================================
LOCALISATION DE L'ARGMIN D'EPAISSEUR — projection, direction,
generateur responsable. Cet outil ne rend AUCUN verdict.
============================================================================
fichier : assets/environment/caves/SM_WaterfallCave.glb
sha256  : c184c8dc0c0e754a61624e1d3542a8b70fa496334366a17889bb4c41ade028ed        <- lu AVANT la mesure
maillage mesure : SM_WaterfallCave  (COL_WaterfallCave, la coque
   de collision qui BOUCHE la galerie, est exclue nommement)
h = 0.1000 m   masque = 2.00 m   pas de balayage = 0.050 m

--- LES FRERES : qui d'autre est sous-echantillonne ? ---
  module R : hauteur de boite native 4.348 m
  rayon ou la hauteur mediane tombe sous la moitie, a l'echelle 1,0 : 0.600 m

  famille        roches  ech. xy  2 x r50   ecart max verdict
  gaine          81      1.15     1.380     1.387     SOUS-ECHANTILLONNEE
  dos_alcove     3       1.35     1.620     0.758     OK
  calotte_nord   23      1.00     1.200     1.600     SOUS-ECHANTILLONNEE
  semelle        30      1.45     1.740     1.239     OK

  LECTURE. L'ecart max est mesure entre roches VOISINES d'un meme
  rang, en plan. Il MAJORE le cas reel quand un rang saute une
  pose (debord sous le minimum) : a lire comme un signal, jamais
  comme un verdict. Le verdict appartient au portail.
RC=0
