Godot Engine v4.7.1.stable.custom_build.a13da4feb (2026-07-13 21:00:28 UTC) - https://godotengine.org

[materiaux] res://assets/architecture/pylon/SM_Pylon_Resonance.glb
maillage                       srf  matériau               classe             albédo
SM_Pylon_Ring                    0  MAT_Pylon_Copper       StandardMaterial3D · maillage (0.15, 0.18, 0.15) rug 0.58
SM_Pylon_Plinth                  0  MAT_Pylon_Stone        StandardMaterial3D · maillage (0.30, 0.28, 0.23) rug 0.92
SM_Pylon_Collar                  0  MAT_Pylon_Ivory        StandardMaterial3D · maillage (0.37, 0.35, 0.30) rug 0.52
SM_Pylon_ShaftCore               0  MAT_Pylon_CoreStone    StandardMaterial3D · maillage (0.05, 0.05, 0.05) rug 0.96
SM_Pylon_Shaft                   0  MAT_Pylon_Copper       StandardMaterial3D · maillage (0.15, 0.18, 0.15) rug 0.58
SM_Pylon_Vein                    0  MAT_Pylon_Cyan         StandardMaterial3D · maillage (0.05, 0.15, 0.18) rug 0.35
SM_Pylon_Leg_A                   0  MAT_Pylon_Stone        StandardMaterial3D · maillage (0.30, 0.28, 0.23) rug 0.92
SM_Pylon_Leg_B                   0  MAT_Pylon_Stone        StandardMaterial3D · maillage (0.30, 0.28, 0.23) rug 0.92
SM_Pylon_Leg_C                   0  MAT_Pylon_Stone        StandardMaterial3D · maillage (0.30, 0.28, 0.23) rug 0.92
SM_Pylon_Belt_0                  0  MAT_Pylon_Ivory        StandardMaterial3D · maillage (0.37, 0.35, 0.30) rug 0.52
SM_Pylon_Belt_1                  0  MAT_Pylon_Ivory        StandardMaterial3D · maillage (0.37, 0.35, 0.30) rug 0.52
SM_Pylon_RingBracket_0           0  MAT_Pylon_Copper       StandardMaterial3D · maillage (0.15, 0.18, 0.15) rug 0.58
SM_Pylon_RingBracket_1           0  MAT_Pylon_Copper       StandardMaterial3D · maillage (0.15, 0.18, 0.15) rug 0.58
SM_Pylon_Crown_Tall              0  MAT_Pylon_Copper       StandardMaterial3D · maillage (0.15, 0.18, 0.15) rug 0.58
SM_Pylon_Crown_Short             0  MAT_Pylon_Copper       StandardMaterial3D · maillage (0.15, 0.18, 0.15) rug 0.58
SM_Pylon_CrownCap_Tall           0  MAT_Pylon_Ivory        StandardMaterial3D · maillage (0.37, 0.35, 0.30) rug 0.52
SM_Pylon_CrownCap_Short          0  MAT_Pylon_Ivory        StandardMaterial3D · maillage (0.37, 0.35, 0.30) rug 0.52

[materiaux] toutes les surfaces portent un matériau.
