==========================================================================
SONDE DE CONTINUITE — Grotte du Couchant
==========================================================================
cotes  : CAVITE, PALIER, SAG, PORCHE_DENIVELE conformes au generateur
garde  : le profil declare laisse au moins 0.42 m au-dessus du terrain a toutes les stations (herbe 0.30 m)

--------------------------------------------------------------------------
CONTROLE 0 — LA POSE MONDE, DERIVEE ET EPROUVEE
--------------------------------------------------------------------------
origine   : (-106.000 ; 3.500 ; 3.500), lacet 45.0 deg
derivee de: resources/world_v2/world_v2_layout.json -> v2_site [-110.0, 3.0, 6.0]
            scripts/world_v2/poi/waterfall_cave_place.gd -> SEUIL_LOCAL [4.0, -2.5], LACET_DEG 45.0, EXHAUSSEMENT 0.50
            terrain sous le seuil 3.00 m — NON VERIFIE — documentaire, cf. commentaires d'implantation de waterfall_cave_place.gd
aller-retour modele->monde(matrices)->modele(forme fermee) :
   ecart max 4.663e-15 m sur 14 points et 5 directions, tolerance 1e-09 m
   PASS — les deux chemins concordent
maillage rendu : 19954 triangles (COL_WaterfallCave ecarte)
   MAT_CaveRock_Collar      7389 tris
   MAT_CaveRock_Base        5799 tris
   MAT_CaveRock_Face        5555 tris
   MAT_CaveIn_Deep           514 tris
   MAT_CaveIn_Floor          499 tris
   MAT_CaveIn_Wall           198 tris
emprise modele : x[-8.69..9.31] y[-4.39..12.65] z[-3.95..10.04]
echantillons interieurs : 495 (stations 0 a 8, les quatre que le generateur saute comprises)

--------------------------------------------------------------------------
CONTROLE 1 — PLANCHER (rayon vers le BAS depuis l'interieur)
--------------------------------------------------------------------------
Aucune fonction du generateur ne fait ce controle :
  controle_epaisseur  : `if math.sin(theta) < -0.30: continue`
  controle_aucun_jour : `Vector((0.0, 0.0, 1.0))` — vers le HAUT
454 point(s) du vide sondes vers le bas, 0 faute(s)
   PASS — un sol existe sous chaque point sonde, a la hauteur attendue

   CARTE DU PLANCHER (positions laterales avec sol / sans sol) :
      y  -1.15  station 0  #####    5/5  ecart max 0.03 m  z du fond    -
      y  -0.86  station 0  #####    5/5  ecart max 0.04 m  z du fond    -
      y  -0.57  station 0  #####    5/5  ecart max 0.04 m  z du fond    -
      y  -0.29  station 1  #####    5/5  ecart max 0.04 m  z du fond    -
      y  +0.00  station 1  #####    5/5  ecart max 0.04 m  z du fond    -
      y  +0.40  station 1  #####    5/5  ecart max 0.03 m  z du fond    -
      y  +0.80  station 2  #####    5/5  ecart max 0.03 m  z du fond    -
      y  +1.20  station 2  #####    5/5  ecart max 0.03 m  z du fond    -
      y  +1.60  station 2  #####    5/5  ecart max 0.03 m  z du fond    -
      y  +2.00  station 2  #####    5/5  ecart max 0.04 m  z du fond    -
      y  +2.40  station 2  #####    5/5  ecart max 0.04 m  z du fond    -
      y  +2.80  station 3  #####    5/5  ecart max 0.03 m  z du fond    -
      y  +3.20  station 3  #####    5/5  ecart max 0.03 m  z du fond    -
      y  +3.59  station 3  #####    5/5  ecart max 0.03 m  z du fond    -
      y  +3.98  station 4  #####    5/5  ecart max 0.03 m  z du fond    -
      y  +4.36  station 4  #####    5/5  ecart max 0.04 m  z du fond    -
      y  +4.75  station 4  #####    5/5  ecart max 0.04 m  z du fond    -
      y  +5.12  station 4  #####    5/5  ecart max 0.05 m  z du fond    -
      y  +5.50  station 4  #####    5/5  ecart max 0.06 m  z du fond    -
      y  +5.88  station 5  #####    5/5  ecart max 0.06 m  z du fond    -
      y  +6.25  station 5  #####    5/5  ecart max 0.07 m  z du fond    -
      y  +6.59  station 5  #####    5/5  ecart max 0.11 m  z du fond    -
      y  +6.92  station 6  #####    5/5  ecart max 0.13 m  z du fond    -
      y  +7.26  station 6  #####    5/5  ecart max 0.14 m  z du fond    -
      y  +7.60  station 6  #####    5/5  ecart max 0.14 m  z du fond    -
      y  +7.86  station 6  #####    5/5  ecart max 0.16 m  z du fond    -
      y  +8.12  station 6  ####     4/4  ecart max 0.18 m  z du fond    -
      y  +8.39  station 7  ####     4/4  ecart max 0.19 m  z du fond    -
      y  +8.65  station 7  ####     4/4  ecart max 0.19 m  z du fond    -
      y  +8.80  station 7  ####     4/4  ecart max 0.17 m  z du fond    -
      y  +8.95  station 8  ####     4/4  ecart max 0.15 m  z du fond    -
      y  +9.10  station 8  ###      3/3  ecart max 0.14 m  z du fond    -
      y  +9.25  station 8  ###      3/3  ecart max 0.13 m  z du fond    -

--------------------------------------------------------------------------
CONTROLE 2 — JOUR (sphere entiere, stations 0 a 8)
--------------------------------------------------------------------------
100 direction(s) par point, elevations -90 a +90 : le fond (±Y) et le sol (-Z) sont couverts
60 point(s) du porche ecarte(s) (ouvert par construction)
0 point(s) ecarte(s) comme HORS CAVITE (enclosure < 0.50)
37950 rayon(s) juges, 1850 ecarte(s) parce qu'ils sortent par la BOUCHE, 73 RAYON(S) SUSPECT(S)
   « suspect » n'est pas « percee » : voir la definition en tete de
   OUVERTURE_CONFIRMEE_M. La confirmation est faite plus bas.
   station 1 :  10 rayon(s) suspect(s), azimuts 0..257, elevations -68..45
   station 2 :  14 rayon(s) suspect(s), azimuts 0..334, elevations -68..45
   station 3 :   5 rayon(s) suspect(s), azimuts 26..334, elevations -22..45
   station 4 :  13 rayon(s) suspect(s), azimuts 0..309, elevations -45..68
   station 5 :   8 rayon(s) suspect(s), azimuts 0..334, elevations -22..68
   station 6 :  14 rayon(s) suspect(s), azimuts 0..309, elevations -68..68
   station 7 :   5 rayon(s) suspect(s), azimuts 180..309, elevations -22..68
   station 8 :   4 rayon(s) suspect(s), azimuts 103..309, elevations -45..68
   OU LES RAYONS SORTENT (regroupe par maille de 1,5 m sur la coque) — un vrai trou fait converger, un mauvais point disperse :
        3 rayon(s) quittent la galerie en x~+2.21 y~+0.02 z~+0.49  (stations de depart 1,2)
        3 rayon(s) quittent la galerie en x~+2.31 y~+0.42 z~+1.67  (stations de depart 1,2)
        3 rayon(s) quittent la galerie en x~+1.55 y~+8.25 z~+3.60  (stations de depart 6,7)
        2 rayon(s) quittent la galerie en x~-0.67 y~+0.51 z~-0.32  (stations de depart 1,2)
        2 rayon(s) quittent la galerie en x~+2.79 y~+4.78 z~+3.34  (stations de depart 1,6)
        2 rayon(s) quittent la galerie en x~-0.18 y~+1.23 z~-0.33  (stations de depart 2)
        2 rayon(s) quittent la galerie en x~+3.83 y~+4.29 z~+0.70  (stations de depart 2,5)
        2 rayon(s) quittent la galerie en x~-0.54 y~+3.32 z~-0.23  (stations de depart 4)

   CARTE DU FOND (vue de derriere, emprise de la derniere station)
   'O' = le rayon traverse la galerie de part en part
      z +3.02  ................
      z +2.77  ................
      z +2.52  ................
      z +2.27  ................
      z +2.02  ................
      z +1.77  ................
      z +1.52  ................
      z +1.27  ................
      z +1.02  ................
      z +0.77  ................
      x de +0.97 a +4.73, pas 0,25 m
      aucune case ouverte : le fond de la galerie est plein

--------------------------------------------------------------------------
CONTROLE 2b — CONFIRMATION DES RAYONS SUSPECTS
--------------------------------------------------------------------------
Un rayon suspect n'est pas une percee. Une percee est CONFIRMEE
quand un carre de 0.10 m de cote, perpendiculaire au rayon, est
INTEGRALEMENT perce — faisceau de pas 0.025 m sur +/-0.15 m.
71 amas de sortie mesure(s) : 0 CONFIRME(S), 71 ecarte(s)
   la plus grande ouverture parmi les amas ecartes : 0.000 m (seuil 0.10 m)
      ouverture 0.000 m   2 rayon(s)  sortie [2.2, 0.0, 0.29]  faisceau 5/169 sortant  surface paroi_plus_x
      ouverture 0.000 m   2 rayon(s)  sortie [0.39, 5.4, 3.33]  faisceau 2/169 sortant  surface toit
      ouverture 0.000 m   1 rayon(s)  sortie [-0.57, 0.22, -0.33]  faisceau 7/169 sortant  surface plancher
      ouverture 0.000 m   1 rayon(s)  sortie [2.67, 4.62, 3.32]  faisceau 4/169 sortant  surface toit
      ouverture 0.000 m   1 rayon(s)  sortie [0.51, 0.74, 3.17]  faisceau 0/169 sortant  surface toit
   PASS — aucun amas ne porte un carre de 0.10 m integralement perce

--------------------------------------------------------------------------
CONTROLE 4 — LES CINQ SURFACES (plancher, TOIT, parois, fond)
--------------------------------------------------------------------------
Rayons tires du DEHORS vers le noyau, une face a la fois. Methode
independante du controle 2, et la seule qui nomme le TOIT — que la
version precedente ne cartographiait nulle part.
   plancher       pas 0.050 m   17298 case(s),    0 ouverte(s), 0 bloc(s) assez large(s), 0 confirmee(s)
   toit           pas 0.050 m   17298 case(s),    0 ouverte(s), 0 bloc(s) assez large(s), 0 confirmee(s)
   paroi_moins_x  pas 0.050 m    8184 case(s),    0 ouverte(s), 0 bloc(s) assez large(s), 0 confirmee(s)
   paroi_plus_x   pas 0.050 m    8184 case(s),    0 ouverte(s), 0 bloc(s) assez large(s), 0 confirmee(s)
   fond           pas 0.050 m    4092 case(s),    0 ouverte(s), 0 bloc(s) assez large(s), 0 confirmee(s)
   PASS — aucune des cinq faces ne porte une percee confirmee

--------------------------------------------------------------------------
CONTROLE 3 — LIGNE DE VUE (regle du moteur : cull_back)
--------------------------------------------------------------------------
POSE — penetration du rayon central dans la galerie
   approche_joueur            10.20 m de vide de galerie avant le premier triangle
   seuil_cadre                7.10 m de vide de galerie avant le premier triangle
   trois_masses               0.00 m de vide de galerie avant le premier triangle
   flanc_arriere              0.00 m de vide de galerie avant le premier triangle
   balayage dans le repere de la galerie (penetration max) :
      transverse  +0.0:10.20  <<  -3.0: 0.00 -2.0: 0.00 -1.0: 7.05 -0.5:10.20 +0.5: 9.80 +1.0: 7.20 +2.0: 0.00 +3.0: 0.00
      vertical    +0.0:10.20  <<  -3.0: 0.00 -2.0: 0.00 -1.0: 7.15 -0.5: 9.10 +0.5:10.25 +1.0:10.25 +2.0: 4.80 +3.0: 0.40
      axial       +0.0:10.20  <<  -3.0: 9.80 -2.0:10.05 -1.0:10.10 -0.5:10.15 +0.5: 9.05 +1.0: 6.60 +2.0: 6.00 +3.0: 5.30
   resolution transverse  : un ecart de +2.0 m est REFUTE
   resolution vertical    : un ecart de +2.0 m est REFUTE
   resolution axial       : AUCUNE — cet axe n'est pas contraint par cette mesure
   PASS — pose bornee a moins de 2.0 m (transverse) et 2.0 m (vertical) ; axe AXIAL non contraint.
        La preuve FINE de la transformation n'est pas ici :
        c'est tools/probe_cave_selftest.py, ou un trou connu
        tombe dans la boite de pixels predite a 2 pixels pres.
   approche_joueur            10854 pixel(s) sur la formation,    0 suspect(s), 0 confirmee(s)  PASS
   seuil_cadre                14400 pixel(s) sur la formation,    0 suspect(s), 0 confirmee(s)  PASS
   trois_masses                7628 pixel(s) sur la formation,    0 suspect(s), 0 confirmee(s)  PASS
   flanc_arriere               8560 pixel(s) sur la formation,    0 suspect(s), 0 confirmee(s)  PASS

==========================================================================
GATE — 0 PERCEE CONFIRMEE
==========================================================================
percees confirmees : 0  (seuil d'ouverture 0.10 m)
VERDICT : PASS
==========================================================================
sortie brute : evidence/world_v2/v2_3_r2a/grotte/preuve_geometrique/probe_r2a35.json
PROBE_RC=0
