==============================================================================
PORTAIL D'EXPORT ISS-071 — parité de résolution éditeur / build exportée
arbre   : /home/user/Zelda
sortie  : /home/user/wt-a-out   (HORS de l'arbre : un export dans l'arbre le salirait)
date    : 2026-08-29T21:37:57+00:00
==============================================================================

### 0. état du dépôt — une preuve vient d'un arbre COMMITTÉ
    SHA testé      : 783217bfcbe7c8b2f562dc59c5a07987d54aaf29
    fichiers sales : 0

### 1. verrou canonique et cloison user://
    XDG_DATA_HOME (étapes éditeur) = /home/user/Zelda/.godot_user
    verrou pris : /home/user/Zelda/.git/heavy_tools.lock
    godot : 4.7.1.stable.custom_build.a13da4feb

### 2. import — obligatoire, et pas une formalité
    code retour import : 0 (24 lignes)

### 3. manifeste ÉDITEUR
    code retour : 0
    manifeste éditeur : /home/user/wt-a-out/manifeste_editeur.json (37368 octets)

### 4. export Linux vers un chemin HORS de l'arbre
    templates : linux_release.x86_64 
    code retour export : 0 (1578 lignes)
    binaire : /home/user/wt-a-out/build/EclatsDOrage.x86_64
    octets  : 411507936
    sha256  : 810a3b44fa322ec8d9b144b1dded4a42b9a9ce7c16752afd776b8a55b58be6c1

### 5. lancement de la build AUTONOME, user:// VIERGE
    profil vierge : /home/user/wt-a-out/profil_vierge (0 entrée(s) — 0 attendu)
    Xvfb PID 13247 sur :91
    jeu PID 13253 ; journal /home/user/wt-a-out/journaux/jeu_exporte_stdout.log
    drapeaux après « -- » : --iss071-dump=/home/user/wt-a-out/manifeste_export.json --iss071-chargeabilite=1

### 6. pilotage par le FOCUS X
    fenêtre : 2097155
    « Nouvelle partie » : Return envoyé par le focus, pas par --window

### 7. attente du jalon de montage, PUIS de l'effacement du chargement
    jalon atteint : [world_v2] fondation V2 vérifiée — vallée whitebox prête.
    luminance moyenne mesurée : 0.29955 (seuil 0.02 ; chargement 0.0027)
    monde affiché — capture /home/user/wt-a-out/02_monde.png

### 8. manifeste EXPORT écrit par le jeu lui-même
    manifeste export : /home/user/wt-a-out/manifeste_export.json (37367 octets)
    [iss071] manifeste écrit : /home/user/wt-a-out/manifeste_export.json
    jeu arrêté ; journal figé à 56 lignes

### 9. familles d'erreur au journal du jeu
         0 ligne(s)  ::  kit : modèle inconnu
         0 ligne(s)  ::  modèle végétal introuvable
         0 ligne(s)  ::  \[flower_field\] modèle inconnu
         0 ligne(s)  ::  \[flower_field\] modèle de dalle inconnu

### 10. comparateur de parité (tools/iss071_parite.py)
==============================================================================
ISS-071 — CONTRÔLE DE PARITÉ ÉDITEUR / EXPORT
contrat : docs/contrats/iss071_parite_resolveurs.md
==============================================================================
[VERT        ] lecture du manifeste editeur
               examiné : /home/user/wt-a-out/manifeste_editeur.json (37368 o)
               mesure  : environnement « editeur », godot 4.7.1-stable (custom_build), monde neris_v2
[VERT        ] lecture du manifeste export
               examiné : /home/user/wt-a-out/manifeste_export.json (37367 o)
               mesure  : environnement « export », godot 4.7.1-stable (custom_build), monde neris_v2
[VERT        ] lecture du journal du jeu
               examiné : /home/user/wt-a-out/journaux/jeu_exporte_stdout.log (56 lignes)
               mesure  : jalon « fondation V2 vérifiée » présent
[VERT        ] I7 AssetRegistry — ordre des répertoires inchangé
               examiné : 6 répertoire(s) éditeur, 6 export, comparés position par position
               mesure  : listes identiques dans le même ordre
[VERT        ] I1 index AssetRegistry — mêmes noms canoniques indexés
               examiné : 160 clés éditeur contre 160 clés export, union 160
               mesure  : 0 différence(s) : 0 seulement en éditeur, 0 seulement en export
[VERT        ] I2/I3 index AssetRegistry — même chemin source pour un même nom
               examiné : 160 couple(s) nom→chemin comparés un à un (comparaison de couples, jamais de cardinaux)
               mesure  : 0 couple(s) divergent(s)
[VERT        ] I6 AssetRegistry — collisions publiées à l'identique
               examiné : 0 collision(s) publiée(s) en éditeur, 0 en export
               mesure  : mêmes collisions des deux côtés
[VERT        ] §4 AssetRegistry — différence des modèles DEMANDÉS
               examiné : 21 nom(s) demandés en éditeur, 21 en export
               mesure  : 0 différence(s)
[VERT        ] §4 AssetRegistry — différence des modèles CHARGÉS
               examiné : 21 nom(s) chargés en éditeur, 21 en export
               mesure  : 0 différence(s)
[VERT        ] §4 AssetRegistry — modèle DEMANDÉ mais NON CHARGÉ
               examiné : table « manques » des deux manifestes : 0 nom(s) distincts en éditeur, 0 en export
               mesure  : 0 appel(s) manqué(s) en éditeur, 0 en export
[VERT        ] I7 WorldV2PlaceKit — ordre des répertoires inchangé
               examiné : 6 répertoire(s) éditeur, 6 export, comparés position par position
               mesure  : listes identiques dans le même ordre
[VERT        ] I1 index WorldV2PlaceKit — mêmes noms canoniques indexés
               examiné : 215 clés éditeur contre 215 clés export, union 215
               mesure  : 0 différence(s) : 0 seulement en éditeur, 0 seulement en export
[VERT        ] I2/I3 index WorldV2PlaceKit — même chemin source pour un même nom
               examiné : 215 couple(s) nom→chemin comparés un à un (comparaison de couples, jamais de cardinaux)
               mesure  : 0 couple(s) divergent(s)
[VERT        ] I6 WorldV2PlaceKit — collisions publiées à l'identique
               examiné : 0 collision(s) publiée(s) en éditeur, 0 en export
               mesure  : mêmes collisions des deux côtés
[VERT        ] §4 WorldV2PlaceKit — différence des modèles DEMANDÉS
               examiné : 99 nom(s) demandés en éditeur, 99 en export
               mesure  : 0 différence(s)
[VERT        ] §4 WorldV2PlaceKit — différence des modèles CHARGÉS
               examiné : 99 nom(s) chargés en éditeur, 99 en export
               mesure  : 0 différence(s)
[VERT        ] §4 WorldV2PlaceKit — modèle DEMANDÉ mais NON CHARGÉ
               examiné : table « manques » des deux manifestes : 0 nom(s) distincts en éditeur, 0 en export
               mesure  : 0 appel(s) manqué(s) en éditeur, 0 en export
[VERT        ] §4 modules_instancies — positif et identique
               examiné : clé « modules_instancies » des deux manifestes
               mesure  : éditeur=459, export=459
[VERT        ] §4 cellules_emises — positif et identique
               examiné : clé « cellules_emises » des deux manifestes
               mesure  : éditeur=631, export=631
[VERT        ] §4 cellules_manquees — nulles des deux côtés
               examiné : clé « vegetation.cellules_manquees » des deux manifestes
               mesure  : éditeur=0, export=0 — une cellule manquée est une cellule de MultiMesh sautée ENTIÈRE, donc bien plus d'objets absents que d'appels manqués
[VERT        ] §3 lieux_poses — positif et identique
               examiné : clé « lieux_poses » des deux manifestes
               mesure  : éditeur=15, export=15
[VERT        ] §4 journal — lignes « kit : modèle inconnu »
               examiné : 56 ligne(s) de journal balayées
               mesure  : 0 ligne(s), 0 modèle(s) distinct(s)
[VERT        ] §4 journal — lignes « modèle végétal introuvable »
               examiné : 56 ligne(s) de journal balayées
               mesure  : 0 ligne(s), 0 modèle(s) distinct(s)
[VERT        ] §4 journal — lignes « flower_field : modèle inconnu »
               examiné : 56 ligne(s) de journal balayées
               mesure  : 0 ligne(s), 0 modèle(s) distinct(s)
[VERT        ] §4 journal — lignes « flower_field : modèle de dalle inconnu »
               examiné : 56 ligne(s) de journal balayées
               mesure  : 0 ligne(s), 0 modèle(s) distinct(s)
[VERT        ] I9 — aucun manque silencieux
               examiné : 0 manque(s) comptés aux manifestes contre 0 ligne(s) d'erreur au journal
               mesure  : compteurs et journal concordent (tous deux nuls, ou tous deux positifs)
[VERT        ] I4/I5 editeur/WorldV2PlaceKit — chemins indexés réellement chargeables
               examiné : 215 chemin(s) éprouvés par un vrai load(), pour 215 chemin(s) publiés dans l'index
               mesure  : 215/215 chargés
[VERT        ] I4/I5 editeur/AssetRegistry — chemins indexés réellement chargeables
               examiné : 160 chemin(s) éprouvés par un vrai load(), pour 160 chemin(s) publiés dans l'index
               mesure  : 160/160 chargés
[VERT        ] I4/I5 export/WorldV2PlaceKit — chemins indexés réellement chargeables
               examiné : 215 chemin(s) éprouvés par un vrai load(), pour 215 chemin(s) publiés dans l'index
               mesure  : 215/215 chargés
[VERT        ] I4/I5 export/AssetRegistry — chemins indexés réellement chargeables
               examiné : 160 chemin(s) éprouvés par un vrai load(), pour 160 chemin(s) publiés dans l'index
               mesure  : 160/160 chargés
[VERT        ] I8 — plafond de rétention des PackedScene de kit (ISS-059)
               examiné : scripts/world_v2/poi/world_v2_place_kit.gd (512 lignes) cherché pour le littéral « const SCENE_CACHE_MAX: int = 256 »
               mesure  : littéral présent, à l'identique
[VERT        ] I8 — plafond de rétention des PackedScene du registre (ISS-059)
               examiné : scripts/core/asset_registry.gd (295 lignes) cherché pour le littéral « const MODEL_CACHE_MAX: int = 48 »
               mesure  : littéral présent, à l'identique

inventaire nominatif écrit : /home/user/wt-a-out/inventaire_modeles_absents.txt (0 modèle(s) distinct(s))

==============================================================================
VERDICT ISS-071 : VERT  (code 0)
  32 contrôle(s) exécutés · 0 ROUGE · 0 BLOQUÉ · 0 NON VÉRIFIÉ
==============================================================================
rapport JSON : /home/user/wt-a-out/rapport_parite.json
    code retour du comparateur : 0
    contexte : /home/user/wt-a-out/contexte.json

=== VERDICT PORTAIL EXPORT ISS-071 : code 0
RC=0
RC_PARITE=0

== G1. l'artefact mesuré est-il CELUI du commit courant ? ==
  PASS  build liée au commit courant (783217bfcbe7c8b2f562dc59c5a07987d54aaf29), arbre propre à l'export

== G2/G3. arrivée réelle au camp, et zéro ressource manquante ==
        [peuplement] garnison : 4 posé(s), 0 déjà tombé(s)
  PASS  quatre gardes posés, aucun déjà tombé
  PASS  un garde a VU le héros arriver : garrison.ember_camp.blue.01
WM_DELETE_WINDOW envoyé à 2097155
        (fermeture honorée en 1 s)
        position sauvegardée : {'x': 36.2253303527832, 'y': 0.410450309514999, 'z': 0.233676105737686}
  PASS  le héros a RÉELLEMENT marché : 99.77 m depuis son point de reprise
  PASS  aucun modèle ni ressource manquant dans le PCK — la vallée (G2/G3)

== G4. aucune duplication au redémarrage ==
        [peuplement] garnison : 4 posé(s), 0 déjà tombé(s)  (lignes de peuplement : 1)
  PASS  quatre gardes, pas huit — aucune duplication
  PASS  le bâtisseur n'a construit QU'UNE fois dans ce processus
WM_DELETE_WINDOW envoyé à 2097155
        (fermeture honorée en 2 s)

== G5. une garnison tombée reste tombée après fermeture et « Continuer » ==
        [peuplement] garnison : 2 posé(s), 2 déjà tombé(s)
  PASS  deux gardes seulement : les deux morts du slot ne reviennent pas
WM_DELETE_WINDOW envoyé à 2097155
        (fermeture honorée en 21 s)
        enemies_slain après la croix : ['garrison.ember_camp.blue.01', 'garrison.ember_camp.red.01']
  PASS  les deux morts SURVIVENT à la réécriture de fermeture

== G6. l'inventaire de l'antichambre survit à la reprise ==
  PASS  « Continuer » route vers l'antichambre
WM_DELETE_WINDOW envoyé à 2097155
        (fermeture honorée en 1 s)
  PASS  une écriture a RÉELLEMENT eu lieu (horodatage : 2026-08-29 21:41:48)
        armes=3 flèches=37 storm_berry=3 plats=1
  PASS  l'inventaire est INTACT après la reprise dans l'antichambre (ISS-080)

== G7. aucune ressource manquante — sur TOUS les journaux de ce run ==
  PASS  aucun modèle ni ressource manquant dans le PCK — garnison_2_profil_garnison_g3.log
  PASS  aucun modèle ni ressource manquant dans le PCK — garnison_3_profil_garnison_g5.log
  PASS  aucun modèle ni ressource manquant dans le PCK — garnison_4_profil_garnison_g6.log
        4 journal(aux) de jeu examiné(s) dans ce run

NON VÉRIFIÉ ICI, ET PROUVÉ EN MOTEUR PAR test_world_v2_garrison_combat.gd :
  dégâts dans les deux sens · victoire de la garnison · mort du héros et
  « Réessayer ». Un clavier synthétique sous Xvfb en rendu logiciel ne
  peut pas en faire une mesure déterministe.

GATE_EXPORT_GARNISON : VERT (0 échec)
RC_GARNISON=0
