Godot Engine v4.7.1.stable.custom_build.a13da4feb (2026-07-13 21:00:28 UTC) - https://godotengine.org

[assise] familles utiles aux quatre golden masters — 48 module(s)
[assise] emprise et pivot MESURÉS après KitScale.factor() puis
[assise] KitPlacement.seat(), exactement comme WorldV2PlaceKit.module()

module                                 facteur  assise  emprise L×H×P (m)       pivot dans l'emprise      surfaces
Wall_Plaster_Straight                   1.000   0.000    2.00 ×  3.12 ×  0.41  centre / min / 0.77       2
Wall_Plaster_Straight_L                 1.000   0.000    2.00 ×  3.12 ×  0.41  centre / min / 0.77       3
Wall_Plaster_Straight_R                 1.000   0.000    2.00 ×  3.12 ×  0.41  centre / min / 0.77       3
Wall_UnevenBrick_Straight               1.000   0.000    2.00 ×  3.12 ×  0.41  centre / min / 0.77       3
Wall_Plaster_Door_Round                 1.000   0.000    2.00 ×  3.12 ×  0.41  centre / min / 0.77       3
Wall_UnevenBrick_Door_Round             1.000   0.000    2.00 ×  3.12 ×  0.41  centre / min / 0.77       3
Wall_Plaster_Window_Wide_Round          1.000   0.000    2.00 ×  3.12 ×  0.41  centre / min / 0.77       3
Wall_UnevenBrick_Window_Wide_Round      1.000   0.000    2.00 ×  3.12 ×  0.41  centre / min / 0.77       3
Wall_Arch                               1.000   0.000    2.00 ×  3.00 ×  0.06  centre / min / min        1
Wall_BottomCover                        1.000   0.000    2.00 ×  0.24 ×  0.43  centre / centre / 0.73    1
Corner_Exterior_Brick                   1.000   0.000    0.53 ×  3.02 ×  0.58  0.67 / min / 0.35         1
Corner_ExteriorWide_Brick               1.000   0.000    0.71 ×  3.04 ×  0.76  0.69 / min / 0.29         1
Corner_Exterior_Wood                    1.000   0.000    0.21 ×  3.00 ×  0.24  centre / min / centre     1
Roof_RoundTiles_4x4                     1.000   0.000    5.51 ×  4.25 ×  5.56  centre / min / centre     2
Roof_RoundTiles_6x6                     1.000   0.000    8.25 ×  5.67 ×  8.03  centre / min / centre     2
Roof_RoundTiles_8x8                     1.000   0.000    9.95 ×  6.78 × 10.33  centre / min / centre     2
Roof_RoundTiles_6x10                    1.000   0.000    8.25 ×  5.67 × 11.85  centre / min / centre     2
Roof_Front_Brick4                       1.000   0.000    4.40 ×  3.07 ×  1.13  centre / min / 0.30       2
Roof_Front_Brick6                       1.000   0.000    6.69 ×  4.52 ×  1.13  centre / min / 0.30       2
Overhang_Roof_Plaster                   1.000   0.000    2.00 ×  0.27 ×  2.02  centre / max / centre     2
Overhang_Plaster_Short                  1.000   0.000    2.00 ×  3.12 ×  1.32  centre / min / 0.15       2
Floor_Brick                             1.000   0.000    2.00 ×  0.02 ×  2.00  centre / centre / centre  1
Floor_UnevenBrick                       1.000   0.000    2.00 ×  0.02 ×  2.00  centre / centre / centre  1
Floor_WoodLight                         1.000   0.000    2.00 ×  0.02 ×  2.00  centre / centre / centre  1
Floor_WoodDark                          1.000   0.000    2.00 ×  0.02 ×  2.00  centre / centre / centre  1
Door_2_Round                            1.000   0.000    1.12 ×  2.33 ×  0.26  min / min / centre        2
Door_4_Round                            1.000   0.000    1.11 ×  2.32 ×  0.21  min / min / centre        2
DoorFrame_Round_WoodDark                1.000   0.000    1.41 ×  2.56 ×  0.54  centre / min / centre     1
Window_Wide_Round1                      1.000   1.016    1.36 ×  1.73 ×  0.53  centre / min / centre     2
WindowShutters_Wide_Round_Open          1.000   1.093    2.30 ×  1.65 ×  0.47  centre / min / min        1
Stairs_Exterior_Straight                1.000   0.000    2.00 ×  1.20 ×  2.08  centre / 0.17 / centre    2
Stairs_Exterior_Straight_L              1.000   0.000    2.00 ×  1.20 ×  2.08  centre / 0.17 / centre    2
Stairs_Exterior_Platform                1.000   0.000    2.00 ×  1.00 ×  2.00  centre / min / centre     2
SM_Dungeon_CaveWall                     1.000   0.000    4.00 ×  4.05 ×  2.16  centre / min / max        1
SM_Dungeon_CaveWallHalf                 1.000   0.000    2.00 ×  4.05 ×  1.81  centre / min / max        1
SM_Dungeon_CaveWallTop                  1.000   0.000    4.00 ×  4.50 ×  1.13  centre / min / max        1
SM_Dungeon_CaveArch                     1.000   0.000    4.00 ×  4.05 ×  2.45  centre / min / centre     1
SM_Dungeon_CaveRock                     1.000   0.000    2.64 ×  4.35 ×  2.81  centre / min / centre     1
SM_Dungeon_ArchBlock                    1.000   0.000    0.93 ×  1.01 ×  0.93  centre / min / centre     1
SM_Dungeon_PillarStub                   1.000   0.000    1.00 ×  1.31 ×  1.00  centre / min / centre     1
SM_Dungeon_RubbleLarge                  1.000   0.000    1.20 ×  0.50 ×  1.35  centre / min / centre     1
SM_Dungeon_RubbleSmall                  1.000   0.000    1.03 ×  0.50 ×  1.11  centre / min / centre     1
RockPath_Square_Wide                    1.000   0.000    2.05 ×  0.18 ×  1.99  centre / min / centre     1
Prop_Support                            1.000   1.211    0.20 ×  1.71 ×  2.04  centre / min / min        1
Roof_Support2                           1.000   0.000    0.20 ×  0.74 ×  0.77  centre / max / min        1
Prop_Chimney                            1.000   0.000    0.95 ×  3.18 ×  1.00  centre / min / centre     2
Balcony_Simple_Straight                 1.000   0.000    2.00 ×  1.23 ×  0.21  centre / min / min        1
Prop_WoodenFence_Single                 1.000   0.000    2.06 ×  0.84 ×  0.12  centre / min / centre     1

[assise] tous les modules demandés existent.
