[ou] fichier   /home/user/zelda-r2a355/reference/SM_WaterfallCave_cc3596c5.glb
[ou] maillage  COL_WaterfallCave : 442 sommets, 880 triangles
[ou] penetrations : 62
[ou]
[ou] station  ay      ecart axe  enfoncement  couture   position Blender
[ou]   0.00  -1.306    2.984 m    0.098899 m   0.1306 m  (+2.980, -1.306, -0.764)
[ou]   0.00  -1.276    2.988 m    0.098899 m   0.0018 m  (+2.985, -1.276, -0.822)
[ou]   0.00  -1.344    2.994 m    0.337402 m   0.0602 m  (+2.988, -1.344, -0.680)
[ou]   0.00  -1.260    3.048 m    0.106246 m   0.1244 m  (+3.046, -1.260, -0.824)
[ou]   0.00  -1.350    3.051 m    0.274176 m   0.3076 m  (+3.045, -1.350, -0.507)
[ou]   0.00  -1.346    3.100 m    0.194586 m   0.0165 m  (+3.094, -1.346, -0.352)
[ou]   0.00  -1.326    3.170 m    0.388190 m   0.3019 m  (+3.165, -1.326, -0.211)
[ou]   0.00  -1.302    3.247 m    0.457261 m   0.2100 m  (+3.243, -1.302, +0.027)
[ou]   0.00  -1.301    3.276 m    0.397300 m   0.3262 m  (+3.272, -1.301, +0.293)
[ou]   0.00  -1.197    3.278 m    0.193166 m   0.3560 m  (+3.277, -1.197, -0.840)
[ou]   0.00  -1.306    3.297 m    0.397300 m   0.0302 m  (+3.293, -1.306, +0.470)
[ou]   0.00  -1.157    3.440 m    0.067740 m   0.1220 m  (+3.440, -1.157, +2.090)
[ou]   0.00  -1.279    3.441 m    0.085533 m   0.4402 m  (+3.439, -1.279, +0.649)
[ou]   0.00  -1.165    3.477 m    0.067740 m   0.0571 m  (+3.477, -1.165, +2.009)
[ou]   0.00  -1.167    3.496 m    0.274923 m   0.0434 m  (+3.496, -1.167, +1.962)
[ou]   0.00  -1.177    3.524 m    0.215534 m   0.2211 m  (+3.524, -1.177, +1.834)
[ou]   0.00  -1.218    3.581 m    0.244613 m   0.7173 m  (+3.580, -1.218, +1.370)
[ou]   0.00  -1.251    3.602 m    0.207054 m   0.1889 m  (+3.601, -1.251, +0.905)
[ou]   0.00  -1.251    3.618 m    0.301738 m   0.0169 m  (+3.617, -1.251, +1.007)
[ou]   0.12  -1.013    3.176 m    0.214160 m   0.9441 m  (+3.176, -1.013, +2.529)
[ou]   0.12  -1.009    3.259 m    0.044506 m   0.4807 m  (+3.259, -1.009, -0.898)
[ou]   0.33  -0.776    2.931 m    0.015242 m   0.3377 m  (+2.931, -0.776, -0.970)
[ou]   0.33  -0.769    2.830 m    0.239342 m   0.5939 m  (+2.830, -0.769, +3.167)
[ou]   0.46  -0.624    2.627 m    0.132525 m   0.3539 m  (+2.627, -0.624, -1.018)
[ou]   0.52  -0.550    2.446 m    0.132525 m   0.0440 m  (+2.446, -0.550, -1.031)
[ou]   0.53  -0.544    2.524 m    0.102345 m   0.7967 m  (+2.524, -0.544, +3.747)
[ou]   0.65  -0.400    2.326 m    0.058969 m   0.3428 m  (+2.326, -0.400, -1.039)
[ou]   0.69  -0.360    2.289 m    0.319483 m   0.3210 m  (+2.289, -0.360, +4.213)
[ou]   0.78  -0.257    2.231 m    0.062698 m   0.1471 m  (+2.231, -0.257, +4.415)
[ou]   0.79  -0.245    2.181 m    0.058969 m   0.1016 m  (+2.181, -0.245, -1.077)
[ou]   1.21  -0.220    2.134 m    0.233261 m   0.0187 m  (+2.134, -0.220, -1.102)
[ou]   1.22  -0.202    2.106 m    0.032381 m   0.0435 m  (+2.109, -0.202, -1.102)
[ou]   2.80  -0.102    1.990 m    0.023574 m   0.3014 m  (+2.016, -0.102, -1.004)
[ou]   2.87  -0.154    2.102 m    0.062698 m   0.6548 m  (+2.136, -0.154, +4.165)
[ou]   6.08  +5.303    2.809 m    0.000020 m   0.0000 m  (+1.679, +5.303, +1.610)
[ou]   6.08  +5.303    2.809 m    0.000020 m   0.0000 m  (+1.679, +5.303, +1.610)
[ou]   6.08  +5.303    2.809 m    0.000020 m   0.0001 m  (+1.679, +5.303, +1.610)
[ou]   6.08  +5.304    2.809 m    0.092012 m   0.0015 m  (+1.679, +5.304, +1.609)
[ou]   6.08  +5.303    2.808 m    0.093717 m   0.0014 m  (+1.680, +5.303, +1.609)
[ou]   6.09  +5.305    2.810 m    0.096173 m   0.0082 m  (+1.680, +5.305, +0.330)
[ou]   6.09  +5.321    2.828 m    0.092012 m   0.0921 m  (+1.671, +5.321, +1.566)
[ou]   6.09  +5.301    2.804 m    0.100076 m   0.0087 m  (+1.685, +5.301, +0.332)
[ou]   6.12  +5.302    2.798 m    0.005465 m   0.1287 m  (+1.698, +5.302, +1.547)
[ou]   6.15  +5.493    3.015 m    0.203975 m   0.5447 m  (+1.595, +5.493, +1.312)
[ou]   6.16  +5.453    2.967 m    0.216488 m   0.3185 m  (+1.621, +5.453, +0.367)
[ou]   6.24  +5.699    3.238 m    0.203975 m   0.1751 m  (+1.505, +5.699, +1.030)
[ou]   6.24  +5.619    3.144 m    0.216488 m   0.0486 m  (+1.555, +5.619, +0.409)
[ou]   6.25  +5.289    2.756 m    0.366089 m   0.1611 m  (+1.757, +5.289, +0.375)
[ou]   6.26  +5.765    3.309 m    0.182582 m   0.0982 m  (+1.477, +5.765, +0.915)
[ou]   6.28  +5.790    3.335 m    0.231813 m   0.0849 m  (+1.468, +5.790, +0.828)
[ou]   6.30  +5.742    3.274 m    0.261101 m   0.2236 m  (+1.506, +5.742, +0.441)
[ou]   6.33  +5.848    3.391 m    0.316982 m   0.3199 m  (+1.455, +5.848, +0.635)
[ou]   6.36  +5.870    3.410 m    0.257306 m   0.0607 m  (+1.455, +5.870, +0.476)
[ou]   6.41  +5.290    2.724 m    0.134235 m   0.5269 m  (+1.821, +5.290, +1.244)
[ou]   6.44  +5.288    2.715 m    0.366089 m   0.0372 m  (+1.836, +5.288, +0.428)
[ou]   6.51  +5.306    2.721 m    0.365772 m   0.0293 m  (+1.854, +5.306, +0.450)
[ou]   6.56  +5.311    2.716 m    0.370823 m   0.0232 m  (+1.872, +5.311, +0.465)
[ou]   6.65  +5.300    2.685 m    0.292241 m   0.0795 m  (+1.915, +5.300, +0.490)
[ou]   6.74  +5.279    2.643 m    0.084730 m   0.3939 m  (+1.961, +5.279, +0.809)
[ou]   6.75  +5.288    2.651 m    0.292241 m   0.0299 m  (+1.962, +5.288, +0.516)
[ou]   6.82  +5.281    2.629 m    0.313298 m   0.0441 m  (+1.993, +5.281, +0.535)
[ou]   6.84  +5.278    2.621 m    0.045950 m   0.0700 m  (+2.003, +5.278, +0.581)
[ou]
[ou] HISTOGRAMME PAR STATION (le coude est la station 3, ay=1.62)
[ou]   station 0 (ax 0.00, ay -1.15) :  24  ###############                           enfoncement max 0.457261 m
[ou]   station 1 (ax 0.00, ay +0.00) :   8  #####                                     enfoncement max 0.319483 m
[ou]   station 2 (ax 0.22, ay +1.05) :   0                                            enfoncement max 0.000000 m
[ou]   station 3 (ax 1.00, ay +1.62) :   2  #                                         enfoncement max 0.062698 m  <-- LE COUDE, 42 deg
[ou]   station 4 (ax 1.82, ay +2.12) :   0                                            enfoncement max 0.000000 m
[ou]   station 5 (ax 2.62, ay +2.58) :   0                                            enfoncement max 0.000000 m
[ou]   station 6 (ax 3.10, ay +2.88) :  21  ##############                            enfoncement max 0.366089 m
[ou]   station 7 (ax 3.40, ay +3.06) :   7  #####                                     enfoncement max 0.370823 m
[ou]   station 8 (ax 3.58, ay +3.17) :   0                                            enfoncement max 0.000000 m
[ou]
[ou] concentration autour du coude (station 2.5 a 3.5) : 2 sur 62, soit 3 %
