==========================================================================
SONDE DE CONTINUITE — Grotte du Couchant
==========================================================================
cotes  : CAVITE, PALIER, SAG, PORCHE_DENIVELE conformes au generateur
garde  : le profil declare laisse au moins 0.42 m au-dessus du terrain a toutes les stations (herbe 0.30 m)
maillage rendu : 20450 triangles (COL_WaterfallCave ecarte)
   MAT_CaveRock_Collar      7357 tris
   MAT_CaveRock_Base        5882 tris
   MAT_CaveRock_Face        5613 tris
   MAT_CaveIn_Floor          729 tris
   MAT_CaveIn_Deep           671 tris
   MAT_CaveIn_Wall           198 tris
emprise modele : x[-8.69..9.30] y[-4.39..10.64] z[-3.18..10.04]
echantillons interieurs : 102 (stations 0 a 8, les quatre que le generateur saute comprises)

--------------------------------------------------------------------------
CONTROLE 1 — PLANCHER (rayon vers le BAS depuis l'interieur)
--------------------------------------------------------------------------
Aucune fonction du generateur ne fait ce controle :
  controle_epaisseur  : `if math.sin(theta) < -0.30: continue`
  controle_aucun_jour : `Vector((0.0, 0.0, 1.0))` — vers le HAUT
93 point(s) du vide sondes vers le bas, 12 faute(s)
   sol_trop_bas       12
   emprise des fautes : y[0.00 .. 5.50], stations 1, 2, 4
   sol_trop_bas     station 4  (x   0.81, y   5.50, z   0.73)  impacts 2  chute 1.20 m (attendue 0.60)
   sol_trop_bas     station 4  (x   0.81, y   5.50, z   1.53)  impacts 2  chute 2.00 m (attendue 1.40)
   sol_trop_bas     station 4  (x   0.58, y   4.75, z   0.68)  impacts 2  chute 1.13 m (attendue 0.60)
   sol_trop_bas     station 4  (x   0.58, y   4.75, z   1.48)  impacts 2  chute 1.93 m (attendue 1.40)
   sol_trop_bas     station 4  (x   0.41, y   3.98, z   0.65)  impacts 2  chute 1.02 m (attendue 0.60)
   sol_trop_bas     station 4  (x   0.41, y   3.98, z   1.45)  impacts 2  chute 1.82 m (attendue 1.40)
   sol_trop_bas     station 2  (x   0.06, y   1.60, z   0.56)  impacts 2  chute 0.97 m (attendue 0.60)
   sol_trop_bas     station 2  (x   0.06, y   1.60, z   1.36)  impacts 2  chute 1.77 m (attendue 1.40)

   CARTE DU PLANCHER (positions laterales avec sol / sans sol) :
      y  -1.15  station 0  ###      3/3  ecart max 0.03 m  z du fond    -
      y  -0.57  station 0  ###      3/3  ecart max 0.17 m  z du fond    -
      y  +0.00  station 1  ##.      2/3  ecart max 0.37 m  z du fond -0.45  <-- TROU
      y  +0.80  station 2  ##.      2/3  ecart max 0.37 m  z du fond -0.43  <-- TROU
      y  +1.60  station 2  ##.      2/3  ecart max 0.37 m  z du fond -0.41  <-- TROU
      y  +2.40  station 2  ###      3/3  ecart max 0.03 m  z du fond    -
      y  +3.20  station 3  ###      3/3  ecart max 0.03 m  z du fond    -
      y  +3.98  station 4  ##.      2/3  ecart max 0.42 m  z du fond -0.37  <-- TROU
      y  +4.75  station 4  ##.      2/3  ecart max 0.53 m  z du fond -0.45  <-- TROU
      y  +5.50  station 4  ##.      2/3  ecart max 0.60 m  z du fond -0.47  <-- TROU
      y  +6.25  station 5  ###      3/3  ecart max 0.06 m  z du fond    -
      y  +6.92  station 6  ###      3/3  ecart max 0.11 m  z du fond    -
      y  +7.60  station 6  ###      3/3  ecart max 0.11 m  z du fond    -
      y  +8.12  station 6  ###      3/3  ecart max 0.15 m  z du fond    -
      y  +8.65  station 7  ###      3/3  ecart max 0.15 m  z du fond    -
      y  +8.95  station 8  ##       2/2  ecart max 0.11 m  z du fond    -
      y  +9.25  station 8  ##       2/2  ecart max 0.10 m  z du fond    -
   >>> plancher absent de y = +0.00 a y = +5.50 (stations 1 a 4)

--------------------------------------------------------------------------
CONTROLE 2 — JOUR (sphere entiere, stations 0 a 8)
--------------------------------------------------------------------------
52 direction(s) par point, elevations -90 a +90 : le fond (±Y) et le sol (-Z) sont couverts
12 point(s) du porche ecarte(s) (ouvert par construction)
0 point(s) ecarte(s) comme HORS CAVITE (enclosure < 0.50)
3975 rayon(s) juges, 237 ecarte(s) parce qu'ils sortent par la BOUCHE, 81 percee(s)
   station 1 :   2 percee(s), azimuts 72..108, elevations -60..0
   station 2 :   8 percee(s), azimuts 0..324, elevations -60..30
   station 3 :   3 percee(s), azimuts 72..216, elevations 0..60
   station 4 :   7 percee(s), azimuts 72..252, elevations 0..60
   station 5 :   3 percee(s), azimuts 72..108, elevations 0..0
   station 6 :  19 percee(s), azimuts 72..144, elevations -30..30
   station 7 :  10 percee(s), azimuts 72..324, elevations -30..30
   station 8 :  29 percee(s), azimuts 72..180, elevations -30..60
   OU LES RAYONS SORTENT (regroupe par maille de 1,5 m sur la coque) — un vrai trou fait converger, un mauvais point disperse :
       27 rayon(s) quittent la galerie en x~+2.22 y~+9.23 z~+1.45  (stations de depart 1,3,4,5,6,7,8)
       25 rayon(s) quittent la galerie en x~+1.52 y~+9.21 z~+1.52  (stations de depart 2,3,4,6,7,8)
        6 rayon(s) quittent la galerie en x~+1.71 y~+9.22 z~+2.22  (stations de depart 7,8)
        4 rayon(s) quittent la galerie en x~+0.71 y~+9.11 z~+1.18  (stations de depart 6)
        2 rayon(s) quittent la galerie en x~-0.12 y~+8.83 z~+1.34  (stations de depart 4,6)
        2 rayon(s) quittent la galerie en x~+1.69 y~+9.21 z~+0.88  (stations de depart 5,6)
        2 rayon(s) quittent la galerie en x~+0.68 y~+9.11 z~+0.92  (stations de depart 6)
        1 rayon(s) quittent la galerie en x~-1.06 y~+0.90 z~-0.29  (stations de depart 1)

   CARTE DU FOND (vue de derriere, emprise de la derniere station)
   'O' = le rayon traverse la galerie de part en part
      z +3.02  ................
      z +2.77  ................
      z +2.52  ................
      z +2.27  ...O............
      z +2.02  ..OOO...........
      z +1.77  ..OOOO..........
      z +1.52  .O.OOO..........
      z +1.27  .OOOOO..........
      z +1.02  OOOOOOO.........
      z +0.77  ................
      x de +0.97 a +4.73, pas 0,25 m
   >>> fond de la galerie OUVERT : 24 case(s) sur 160, emprise x[+0.97 .. +2.47] z[+1.02 .. +2.27], soit 1.50 x 1.25 m

--------------------------------------------------------------------------
CONTROLE 3 — LIGNE DE VUE (regle du moteur : cull_back)
--------------------------------------------------------------------------
NON VERIFIE — aucun manifeste fourni (--manifeste)

==========================================================================
VERDICT : FAIL — defaut mesure
==========================================================================
