[PASS    ] profil user:// vierge — /home/user/smoke_lot1r2/profil_vierge recréé, 0 entrée(s) — installation neuve
[PASS    ] serveur X virtuel possédé — Xvfb pid 11215 sur display :0 choisi par -displayfd
[PASS    ] fenêtre du build exportée — xdotool search «Eclats d'Orage» -> 2097155
[PASS    ] menu principal atteint — journal 1685 o ; capture 01_menu.png
[PASS    ] « Nouvelle partie » ouvre World V2 — [world_v2] monde        : neris_v2 (vallée whitebox V2.1)
[PASS    ] aucune vallée V1 chargée — 0 mention(s) de la vallée V1 dans la sortie du jeu
[PASS    ] lieux posés par le layout — [world_v2] lieux        : 15 scène(s) posée(s) par le layout
[PASS    ] monde monté (fondation V2 vérifiée) — jalon final du montage atteint dans les 300 s
[PASS    ] écran de jeu affiché (plus l'écran de chargement) — luminance moyenne 0.5138 (l'écran de chargement mesuré vaut 0.0027)
[PASS    ] rotation caméra à la souris — RMSE 0.1607 entre 02 et 03 (seuil 0.0200)
[PASS    ] déplacement à la touche Z — RMSE 0.1408 entre 03 et 04 (seuil 0.0200)
[PARTIAL ] gravité : saut puis retour au sol — RMSE saut 0.0602 · RMSE après retombée 0.1064 (la vue s'écarte puis revient : le sol arrête la chute)
[PASS    ] sauvegarde écrite dans user:// vierge — 412 fichier(s) créés, dont 1 de sauvegarde : godot/app_userdata/Eclats d'Orage/saves/slot0.json
    [audio, conteneur sans carte son] ERROR: Condition "status < 0" is true. Returning: ERR_CANT_OPEN  |  at: init_output_device (drivers/alsa/audio_driver_alsa.cpp:97)
[PASS    ] modèles de kit résolus dans la build exportée — 0 ligne(s) « kit : modèle inconnu » ; 0 modèles distincts
[PASS    ] aucune autre erreur bloquante (session 1) — 0 ERROR hors audio et hors kit, sur 33 lignes ; 1 ligne(s) audio (pas de carte son dans ce conteneur)
[PASS    ] reprise après rechargement -> World V2 — [world_v2] monde présent ; 0 mention(s) V1
    [audio, conteneur sans carte son] ERROR: Condition "status < 0" is true. Returning: ERR_CANT_OPEN  |  at: init_output_device (drivers/alsa/audio_driver_alsa.cpp:97)
[PASS    ] aucune erreur bloquante (session 2) — 0 ERROR hors audio et hors kit, 0 « modèle inconnu », sur 33 lignes ; 1 ligne(s) audio attribuées au pilote ALSA (pas de carte son dans ce conteneur)

=== 17 points observés, 0 FAIL ===
RC=0
