LANCER_GODOT: VERROU=/home/user/Zelda/.git/heavy_tools.lock
LANCER_GODOT: XDG_DATA_HOME=/tmp/lancer_godot_ud_Ut4au3Hn
LANCER_GODOT: CWD=/home/user/wt1r-a
LANCER_GODOT: CMD=/usr/local/bin/godot --headless --path . --script tools/godot/probe_place_metrics.gd
Godot Engine v4.7.1.stable.custom_build.a13da4feb (2026-07-13 21:00:28 UTC) - https://godotengine.org

[hameau] implantation vérifiée : 3 toiture(s), 10 collider(s), 24 appui(s) — aucune faute.
[world_v2] monde        : neris_v2 (vallée whitebox V2.1)
[world_v2] carte        : 31 lieux + 3 sites systémiques, valide
[world_v2] terrain      : 64 chunks, montage 14758 ms
[world_v2] navigation   : 4 région(s) chargée(s)
[world_v2] lieux        : 15 scène(s) posée(s) par le layout
[world_v2] spawn        : (0.0, 24.4, 170.0)
[world_v2] sol          : c4r6 à y=24.00
[world_v2] fondation V2 vérifiée — vallée whitebox prête.
WARNING: Navigation region synchronization had 2 edge error(s).
More than 2 edges tried to occupy the same map rasterization space.
This causes a logical error in the navigation mesh geometry and is commonly caused by overlap or too densely placed edges.
Consider baking with a higher 'cell_size', greater geometry margin, and less detailed bake objects to cause fewer edges.
Consider lowering the 'navigation/3d/merge_rasterizer_cell_scale' in the project settings.
This warning can be toggled under 'navigation/3d/warnings/navmesh_edge_merge_errors' in the project settings.
     at: _build_step_find_edge_connection_pairs (modules/navigation_3d/3d/nav_region_builder_3d.cpp:219)
WARNING: Navigation region synchronization had 38 edge error(s).
More than 2 edges tried to occupy the same map rasterization space.
This causes a logical error in the navigation mesh geometry and is commonly caused by overlap or too densely placed edges.
Consider baking with a higher 'cell_size', greater geometry margin, and less detailed bake objects to cause fewer edges.
Consider lowering the 'navigation/3d/merge_rasterizer_cell_scale' in the project settings.
This warning can be toggled under 'navigation/3d/warnings/navmesh_edge_merge_errors' in the project settings.
     at: _build_step_find_edge_connection_pairs (modules/navigation_3d/3d/nav_region_builder_3d.cpp:219)
lieu                                     mesh  colls appuis            emprise (m)
camp                                       47      5     10       25.0 x  3.6 x  18.4
valley.poi.riverside_village.01           276     53     24       34.5 x 14.3 x  25.7
valley.poi.abandoned_farm.01               58     18     12       20.3 x  6.2 x  24.2
valley.poi.stone_bridge.01                 35      1      7       24.8 x  7.4 x  16.9
valley.poi.waterfall_cave.01                7      1      8       22.6 x 11.7 x  22.6
valley.poi.thunderstruck_tree.01           14      1      1       15.1 x 11.2 x  10.3
valley.poi.ember_raider_camps.01           74     11     10       22.5 x  5.8 x  20.0
valley.poi.conductive_basin.01             79      4      5       18.2 x  3.2 x  10.0
pylon                                      23      2      4       15.4 x 35.0 x  13.0
valley.poi.watchtower_ruin.01              19     11      9       13.1 x 12.0 x  11.7
valley.poi.overlook_summit.01              12      4      8       22.1 x  8.0 x  18.6
valley.poi.turquoise_spring.01             14      3     11       14.4 x  3.2 x  14.2
valley.poi.forest_shrine.01                35     12     17       17.0 x  8.2 x  11.5
valley.poi.barrow_cemetery.01              35     12     21       23.6 x  4.6 x  19.3
valley.poi.flower_field.01                  6      2      9        7.7 x  2.4 x   5.5
TOTAL                                     734    140
WARNING: 2 ObjectDB instances were leaked at exit (run with `--verbose` for details).
   at: cleanup (core/object/object.cpp:2536)
ERROR: 1 resources still in use at exit (run with --verbose for details).
   at: clear (core/io/resource.cpp:822)
LANCER_GODOT: RC_GODOT=0
RC_APRES=0
