LANCER_GODOT: VERROU=/home/user/Zelda/.git/heavy_tools.lock
LANCER_GODOT: XDG_DATA_HOME=/tmp/lancer_godot_ud_xitVbKfI
LANCER_GODOT: CWD=/home/user/Zelda
LANCER_GODOT: CMD=/usr/local/bin/godot --headless --path . --script tools/godot/test_runner.gd -- --filter=enemy_territory_iss083
Godot Engine v4.7.1.stable.custom_build.a13da4feb (2026-07-13 21:00:28 UTC) - https://godotengine.org

=== TEST RUNNER — Godot 4.7.1-stable (custom_build) ===
filtre: enemy_territory_iss083
  ok   test_enemy_territory_iss083.gd::test_la_vision_n_acquiert_pas_au_dela_du_territoire (3 assertions)
  ÉCHEC test_enemy_territory_iss083.gd::test_le_cri_d_un_allie_n_impose_pas_une_cible_hors_territoire — un allié ne peut pas IMPOSER une cible que la vision de ce garde vient de refuser — la même question doit avoir la même réponse quelle que soit la porte
  ÉCHEC test_enemy_territory_iss083.gd::test_une_fleche_venue_de_loin_n_impose_pas_sa_cible — être frappé de loin ne fait pas sortir un garde de son territoire — sinon un joueur kite la garnison entière hors de sa région
  ok   test_enemy_territory_iss083.gd::test_dans_le_territoire_la_vision_acquiert_toujours (2 assertions)
  ok   test_enemy_territory_iss083.gd::test_dans_le_territoire_le_cri_d_un_allie_porte_toujours (4 assertions)
  ok   test_enemy_territory_iss083.gd::test_dans_le_territoire_un_coup_recu_revele_toujours_l_attaquant (3 assertions)
erreurs de script dans le journal : 0

=== RÉSULTAT: 4 réussi(s), 2 échoué(s) ===
  ÉCHEC: test_enemy_territory_iss083.gd::test_le_cri_d_un_allie_n_impose_pas_une_cible_hors_territoire — un allié ne peut pas IMPOSER une cible que la vision de ce garde vient de refuser — la même question doit avoir la même réponse quelle que soit la porte
  ÉCHEC: test_enemy_territory_iss083.gd::test_une_fleche_venue_de_loin_n_impose_pas_sa_cible — être frappé de loin ne fait pas sortir un garde de son territoire — sinon un joueur kite la garnison entière hors de sa région
WARNING: 2 ObjectDB instances were leaked at exit (run with `--verbose` for details).
   at: cleanup (core/object/object.cpp:2536)
ERROR: 1 resources still in use at exit (run with --verbose for details).
   at: clear (core/io/resource.cpp:822)
LANCER_GODOT: RC_GODOT=1
RC=1
