Godot Engine v4.7.1.stable.official.a13da4feb - https://godotengine.org
WARNING: Could not set V-Sync mode, as changing V-Sync mode is not supported by the graphics driver.
     at: set_use_vsync (platform/linuxbsd/x11/gl_manager_x11.cpp:372)
OpenGL API 4.5 (Core Profile) Mesa 25.2.8-0ubuntu0.24.04.1 - Compatibility - Using Device: Mesa - llvmpipe (LLVM 20.1.2, 256 bits)
ALSA lib confmisc.c:855:(parse_card) cannot find card '0'
ALSA lib conf.c:5204:(_snd_config_evaluate) function snd_func_card_inum returned error: No such file or directory
ALSA lib confmisc.c:422:(snd_func_concat) error evaluating strings
ALSA lib conf.c:5204:(_snd_config_evaluate) function snd_func_concat returned error: No such file or directory
ALSA lib confmisc.c:1342:(snd_func_refer) error evaluating name
ALSA lib conf.c:5204:(_snd_config_evaluate) function snd_func_refer returned error: No such file or directory
ALSA lib conf.c:5727:(snd_config_expand) Evaluate error: No such file or directory
ALSA lib pcm.c:2721:(snd_pcm_open_noupdate) Unknown PCM default
ERROR: Condition "status < 0" is true. Returning: ERR_CANT_OPEN
   at: init_output_device (drivers/alsa/audio_driver_alsa.cpp:97)
WARNING: All audio drivers failed, falling back to the dummy driver.
     at: initialize (servers/audio/audio_server.cpp:258)

[capture] scène    : res://scenes/world/valley/ValleyWorld.tscn
[capture] sortie   : evidence/vslice_pass3_20260812/apres_mesas/02_descente.png
[capture] taille   : 1920x1080, frames=40
[capture] renderer : forward_plus / llvmpipe (LLVM 20.1.2, 256 bits)
[art] vallée peinte : 4390 surfaces
[monde] lieux habités : 8 chemins, 14 objets de vie
[capture] géométrie : 4258 géométrie(s) visible(s) dans la scène
[capture] contenu   : 3222 couleurs distinctes (échantillon), écart-type luma 0.24
[capture] contribution : 94.395 % des pixels échantillonnés changent quand la géométrie est masquée
[capture] OK -> /home/user/Zelda/evidence/vslice_pass3_20260812/apres_mesas/02_descente.png (1920x1080)
