Godot Engine v4.7.1.stable.custom_build.a13da4feb (2026-07-13 21:00:28 UTC) - https://godotengine.org

=== TEST RUNNER — Godot 4.7.1-stable (custom_build) ===
filtre: r2b_basin
  ÉCHEC test_world_v2_r2b_basin.gd::test_l_habillage_du_bassin_vient_du_kit_avec_uv — l'habillage du bassin vient du kit avec UV (72 écart(s)) — Margelle_2 : maillage PROCÉDURAL (sans chemin) — primitive hors kit ; Margelle_3 : maillage PROCÉDURAL (sans chemin) — primitive hors kit ; Margelle_4 : maillage PROCÉDURAL (sans chemin) — primitive hors kit ; Margelle_5 : maillage PROCÉDURAL (sans chemin) — primitive hors kit ; Margelle_6 : maillage PROCÉDURAL (sans chemin) — primitive hors kit ; Margelle_7 : maillage PROCÉDURAL (sans chemin) — primitive hors kit ; … et 66 autres
[hameau] implantation vérifiée : 3 toiture(s), 10 collider(s), 24 appui(s) — aucune faute.
[world_v2] monde        : neris_v2 (vallée whitebox V2.1)
[world_v2] carte        : 31 lieux + 3 sites systémiques, valide
[world_v2] terrain      : 64 chunks, montage 9555 ms
[world_v2] navigation   : 4 région(s) chargée(s)
[world_v2] lieux        : 9 scène(s) posée(s) par le layout
[world_v2] spawn        : (0.0, 24.4, 170.0)
WARNING: Navigation region synchronization had 2 edge error(s).
More than 2 edges tried to occupy the same map rasterization space.
This causes a logical error in the navigation mesh geometry and is commonly caused by overlap or too densely placed edges.
Consider baking with a higher 'cell_size', greater geometry margin, and less detailed bake objects to cause fewer edges.
Consider lowering the 'navigation/3d/merge_rasterizer_cell_scale' in the project settings.
This warning can be toggled under 'navigation/3d/warnings/navmesh_edge_merge_errors' in the project settings.
     at: _build_step_find_edge_connection_pairs (modules/navigation_3d/3d/nav_region_builder_3d.cpp:219)
WARNING: Navigation region synchronization had 38 edge error(s).
More than 2 edges tried to occupy the same map rasterization space.
This causes a logical error in the navigation mesh geometry and is commonly caused by overlap or too densely placed edges.
Consider baking with a higher 'cell_size', greater geometry margin, and less detailed bake objects to cause fewer edges.
Consider lowering the 'navigation/3d/merge_rasterizer_cell_scale' in the project settings.
This warning can be toggled under 'navigation/3d/warnings/navmesh_edge_merge_errors' in the project settings.
     at: _build_step_find_edge_connection_pairs (modules/navigation_3d/3d/nav_region_builder_3d.cpp:219)
[world_v2] sol          : c4r6 à y=24.00
[world_v2] fondation V2 vérifiée — vallée whitebox prête.
  ÉCHEC test_world_v2_r2b_basin.gd::test_le_bassin_garde_comportement_et_contrat_dans_le_monde — le bassin garde son comportement et son contrat (2 écart(s)) — Margelle_19 : habillage DANS l'eau garantie de la nappe ; Margelle_20 : habillage DANS l'eau garantie de la nappe
  ÉCHEC test_world_v2_r2b_basin.gd::test_les_lampes_gardent_leur_noyau_et_l_habillage_n_emet_pas — les lampes gardent leur noyau et l'habillage n'émet pas (2 écart(s)) — lampe source : Socle/Fût encore en BoxMesh — option B non appliquée ; lampe récepteur : Socle/Fût encore en BoxMesh — option B non appliquée
erreurs de script dans le journal : 0

=== RÉSULTAT: 0 réussi(s), 3 échoué(s) ===
  ÉCHEC: test_world_v2_r2b_basin.gd::test_l_habillage_du_bassin_vient_du_kit_avec_uv — l'habillage du bassin vient du kit avec UV (72 écart(s)) — Margelle_2 : maillage PROCÉDURAL (sans chemin) — primitive hors kit ; Margelle_3 : maillage PROCÉDURAL (sans chemin) — primitive hors kit ; Margelle_4 : maillage PROCÉDURAL (sans chemin) — primitive hors kit ; Margelle_5 : maillage PROCÉDURAL (sans chemin) — primitive hors kit ; Margelle_6 : maillage PROCÉDURAL (sans chemin) — primitive hors kit ; Margelle_7 : maillage PROCÉDURAL (sans chemin) — primitive hors kit ; … et 66 autres
  ÉCHEC: test_world_v2_r2b_basin.gd::test_le_bassin_garde_comportement_et_contrat_dans_le_monde — le bassin garde son comportement et son contrat (2 écart(s)) — Margelle_19 : habillage DANS l'eau garantie de la nappe ; Margelle_20 : habillage DANS l'eau garantie de la nappe
  ÉCHEC: test_world_v2_r2b_basin.gd::test_les_lampes_gardent_leur_noyau_et_l_habillage_n_emet_pas — les lampes gardent leur noyau et l'habillage n'émet pas (2 écart(s)) — lampe source : Socle/Fût encore en BoxMesh — option B non appliquée ; lampe récepteur : Socle/Fût encore en BoxMesh — option B non appliquée
RC=1
