Godot Engine v4.7.1.stable.custom_build.a13da4feb (2026-07-13 21:00:28 UTC) - https://godotengine.org

=== TEST RUNNER — Godot 4.7.1-stable (custom_build) ===
filtre: world_v2_r2b2_arbre,world_v2_r2b1_arbre
  ok   test_world_v2_r2b1_arbre.gd::test_l_arbre_ouvre_sa_silhouette_sous_tout_azimut (1 assertions)
  ok   test_world_v2_r2b1_arbre.gd::test_deux_ruptures_principales_a_des_hauteurs_differentes (1 assertions)
  ok   test_world_v2_r2b1_arbre.gd::test_le_fut_n_est_pas_un_cone (1 assertions)
  ok   test_world_v2_r2b1_arbre.gd::test_les_saillies_ne_forment_ni_grappe_ni_etoile (1 assertions)
  ok   test_world_v2_r2b1_arbre.gd::test_les_bois_tombes_sont_hierarchises (1 assertions)
  ok   test_world_v2_r2b1_arbre.gd::test_la_fracture_est_du_bois_arrache (1 assertions)
  ok   test_world_v2_r2b1_arbre.gd::test_le_sol_brule_n_est_ni_etoile_ni_plaque (2 assertions)
  ok   test_world_v2_r2b1_arbre.gd::test_la_masse_sombre_au_sol_reste_sobre (2 assertions)
[r2b2-arbre] C1a rotation inter-anneau |Δφ| moyen 4.183° sur 8 couples
[r2b2-arbre] C1b écart-type de Δφ 3.893° ; rotation nette 16.1°
[r2b2-arbre] C1c cohérence verticale du relief +0.770 sur 4 couples
[r2b2-arbre] C1d crête-à-crête du profil radial 0.225 du rayon moyen
  ok   test_world_v2_r2b2_arbre.gd::test_c1_le_fut_n_est_plus_un_prisme (1 assertions)
[r2b2-arbre] C2a flanc 43.6 % / surface presque horizontale 25.9 % sur 9.39 m²
[r2b2-arbre] C2b sagitta en plan des 7 racines : [8.63883894793697, 11.535909349385, 7.73374924730881, 13.1112408767047, 11.1017723871014, 10.0466449517039, 19.4132241495321] (min 7.73 %)
[r2b2-arbre] C2c écarts d'azimut des racines [80.5253426751058, 20.8674514787928, 97.2390982478343, 41.4235927038636, 119.944514894404] → max/min 5.75
[r2b2-arbre] C2d hauteur max des racines hors collider 0.253 m (0 sommet(s) au-dessus de 0.32)
[r2b2-arbre] C2e emprise des racines 3.02 x 0.91 m -> aspect 3.33 : 1 ; 47.7 % de surface sous 0,30 m
  ok   test_world_v2_r2b2_arbre.gd::test_c2_les_racines_ont_du_volume (1 assertions)
[r2b2-arbre] C3a sagitta en plan des bois : [9.83314832632046, 7.63238222011011, 8.6516380901882, 10.4910078364407, 11.2714894495138]
[r2b2-arbre] C3b effilements [0.40070118326065, 0.86454835200539, 0.54959834179993, 0.45665430984696, 0.26783105090699] → max/min 3.228
[r2b2-arbre] C3c triangles par bois [132, 66, 80, 148, 68] → 5 compte(s) distinct(s)
  ok   test_world_v2_r2b2_arbre.gd::test_c3_les_bois_tombes_ne_sont_plus_homothetiques (1 assertions)
[r2b2-arbre] C4c fragments de ruban : 3
[r2b2-arbre] C4a CV de la largeur LISSÉE sur 3 stations 0.452
[r2b2-arbre] C4b largeur lissée max/min 4.66
[r2b2-arbre] C4d profondeur radiale du bois nu, lissée : [0.08402952359737, 0.11277813057973, 0.14460496259856, 0.19965498020236, 0.3077468416125, 0.28728832395124, 0.21264723811242, 0.16604940990362, 0.21992166204194, 0.28182497175275, 0.25734688274808, 0.1837264554381, 0.11767203807838, 0.09438785267979, 0.13838279423974, 0.1464583040369, 0.10568659714806]
[r2b2-arbre] C4d profondeur radiale sur 17 stations : min 0.084 m max 0.308 m → max/min 3.66
[r2b2-arbre] C4e plans de rupture détectés [5.77985954284668, 4.24995613098145] ; échardes LE LONG du parcours 7
  ok   test_world_v2_r2b2_arbre.gd::test_c4_la_cicatrice_est_un_volume_arrache (1 assertions)
[r2b2-arbre] C5 luminances [0.13304460996687, 0.21774201580286, 0.43051001288295, 0.74754200210571] → 3 palier(s) séparé(s) d'au moins 0.12
[r2b2-arbre] C5 teintes 0.0196..0.1092 (étendue 0.0896), saturation max 0.346
[r2b2-arbre] C5 budget : 3574 triangles (plafond 6000)
  ok   test_world_v2_r2b2_arbre.gd::test_c5_paliers_de_valeur_et_budget (1 assertions)
erreurs de script dans le journal : 0

=== RÉSULTAT: 13 réussi(s), 0 échoué(s) ===
RC=0
