    OK    sonde de contrat
    OK    sonde de contrat : attendu 1, obtenu 1
    OK    sonde de contrat : attendu 0.0000 ± 0.0001, obtenu 0.0000
    OK    sonde de contrat : valeur nulle
    OK    B1 — Boot.tscn s'instancie et survit à _ready()
    OK    B2 — Boot atteint le MENU PRINCIPAL sans intervention
    OK    B3 — le menu porte un bouton « Nouvelle partie »
    OK    …et il est actionnable, pas grisé
    OK    B4 — presser « Nouvelle partie » ouvre RÉELLEMENT la vallée (aucune sauvegarde : départ direct)
    OK    B5 — la vallée porte un joueur
    OK    …qui se pose sur un sol valide
    OK    …et il est VIVANT (100.0 PV)
    OK    B6 — le joueur porte son rig de caméra
    OK    …et le HUD de jeu est monté
    OK    B7 — le héros ne passe pas sous le monde en trois secondes (min y = 32.00)
    OK    B7b — soulevé de 3 m, le héros RETOMBE et se repose (y 35.00 → 32.00)
    OK    B8 — une interaction est à portée de marche du spawn (7 m)
    OK    …et un ennemi aussi (93 m)
    OK    B9 — le héros peut mourir par le chemin de dégâts réel
    OK    B9a — la mort ouvre le panneau de reprise
    OK    B9b — le panneau porte un bouton « Réessayer »
    OK    B9c — « Réessayer » rend un héros VIVANT dans le monde
    OK    B10 — l'arrêt ne laisse ni vallée ni menu résiduels sous la racine
=== RÉSULTAT: 1 réussi(s), 0 échoué(s) ===
