Godot Engine v4.7.1.stable.custom_build.a13da4feb (2026-07-13 21:00:28 UTC) - https://godotengine.org

=== TEST RUNNER — Godot 4.7.1-stable (custom_build) ===
filtre: boot_smoke
[boot] Godot            : 4.7.1-stable (custom_build)
[boot] renderer         : forward_plus
[boot] physique 3D      : Jolt Physics
[boot] tick physique    : 60 Hz
[boot] pilote de rendu  : headless
[boot] autoloads        : GameState, EventBus, SaveSystem, AudioManager, SceneFlow
[boot] flux             : BOOT
[boot] fondation vérifiée — Phase A.
[boot] transition vers le menu principal.
[art] vallée peinte : 4827 surfaces
[monde] lieux habités : 8 chemins, 14 objets de vie
WARNING: [save] santé sauvegardée invalide (0.0) — pleine vie
     at: push_warning (core/variant/variant_utility.cpp:1033)
     GDScript backtrace (most recent call first):
         [0] _restore_player_vitals (res://scripts/world/valley_world.gd:991)
         [1] _apply_save (res://scripts/world/valley_world.gd:974)
         [2] _ready (res://scripts/world/valley_world.gd:125)
[art] vallée peinte : 4828 surfaces
[monde] lieux habités : 8 chemins, 14 objets de vie
  ok   test_boot_smoke.gd::test_boot_smoke_from_boot_to_a_playable_valley (20 assertions)
erreurs de script dans le journal : 0

=== RÉSULTAT: 1 réussi(s), 0 échoué(s) ===
BOOT_SMOKE_RC=0
