    OK    sonde de contrat
    OK    sonde de contrat : attendu 1, obtenu 1
    OK    sonde de contrat : attendu 0.0000 ± 0.0001, obtenu 0.0000
    OK    sonde de contrat : valeur nulle
    OK    G1 — Boot atteint le menu principal
    OK    G2 — le bouton « Nouvelle partie » existe
    OK    G3 — la vallée s'ouvre (sans sauvegarde)
    OK    G4 — le héros est là
    OK    G5 — un coffre existe dans la vallée chargée
    OK    …et il s'ouvre par l'interaction du joueur (86 m du spawn)
    OK    …et il donne un objet RÉEL à l'inventaire (1 → 2)
    OK    G6 — un ennemi peuple la vallée
    OK    …et il a des points de vie
    OK    …et il ENCAISSE (45.0 → 33.0 PV)
    OK    G7 — le héros porte son Bracelet de Résonance
    OK    …et Pulse s'exécute depuis le monde chargé (verdict : « fired »)
    OK    G8 — la porte de la citadelle existe dans la vallée
    OK    …et elle est dans le monde jouable (344 m du spawn)
    OK    …et son interaction demande RÉELLEMENT la transition
    OK    G8b — le vestibule de la citadelle s'ouvre
    OK    G9 — le vestibule porte un joueur
    OK    …et la porte du donjon y est présente
    OK    …et son interaction demande la transition vers la salle 1
    OK    G9b — la SALLE 1 du donjon s'ouvre depuis le vestibule
=== RÉSULTAT: 1 réussi(s), 0 échoué(s) ===
