# ISS-088 — contrôle : le contrat ISS-086 reste vert
# arbre : /home/user/wt-A (base 8c6955c6)  état : MODIFIÉ
# commande : … --filter=iss086
# date : 2026-08-30T23:09:50Z

LANCER_GODOT: --headless ajouté (pas de --rendu : aucun affichage disponible).
LANCER_GODOT: VERROU=/home/user/Zelda/.git/heavy_tools.lock
LANCER_GODOT: XDG_DATA_HOME=/tmp/lancer_godot_ud_UPxFmjeM
LANCER_GODOT: CWD=/home/user/wt-A
LANCER_GODOT: CMD=/usr/local/bin/godot --headless --path . --script tools/godot/test_runner.gd -- --filter=iss086
Godot Engine v4.7.1.stable.custom_build.a13da4feb (2026-07-13 21:00:28 UTC) - https://godotengine.org

=== TEST RUNNER — Godot 4.7.1-stable (custom_build) ===
filtre: iss086
[boot] Godot            : 4.7.1-stable (custom_build)
[boot] renderer         : forward_plus
[boot] physique 3D      : Jolt Physics
[boot] tick physique    : 60 Hz
[boot] pilote de rendu  : headless
[boot] autoloads        : GameState, EventBus, SaveSystem, AudioManager, SceneFlow
[boot] flux             : BOOT
[boot] fondation vérifiée — Phase A.
[boot] transition vers le menu principal.
[flow] transition vers : res://scenes/ui/MainMenu.tscn
[flow] transition vers : res://scenes/world/valley/ValleyWorld.tscn
[art] vallée peinte : 4469 surfaces
[monde] lieux habités : 8 chemins, 14 objets de vie
[flow] transition vers : res://scenes/ui/MainMenu.tscn
  ok   test_ambience_ownership_iss086.gd::test_quitter_la_vallee_arrete_et_libere_son_ambiance (8 assertions)
[art] vallée peinte : 4469 surfaces
[monde] lieux habités : 8 chemins, 14 objets de vie
[art] vallée peinte : 4469 surfaces
[monde] lieux habités : 8 chemins, 14 objets de vie
[art] vallée peinte : 4469 surfaces
[monde] lieux habités : 8 chemins, 14 objets de vie
  ok   test_ambience_ownership_iss086.gd::test_trois_cycles_ne_laissent_aucune_ambiance_derriere (13 assertions)
[art] vallée peinte : 4469 surfaces
[monde] lieux habités : 8 chemins, 14 objets de vie
  ok   test_ambience_ownership_iss086.gd::test_une_sortie_tardive_ne_coupe_pas_lambiance_suivante (5 assertions)
WARNING: [audio] play_ambience(amb_valley) sans propriétaire : refusé. Qui démarre une ambiance doit pouvoir la rendre.
     at: push_warning (core/variant/variant_utility.cpp:1033)
     GDScript backtrace (most recent call first):
         [0] play_ambience (res://scripts/core/audio_manager.gd:97)
         [1] test_une_ambiance_sans_proprietaire_est_refusee (res://tests/integration/test_ambience_ownership_iss086.gd:438)
         [2] _rendre_le_silence (res://tests/integration/test_ambience_ownership_iss086.gd:208)
  ok   test_ambience_ownership_iss086.gd::test_une_ambiance_sans_proprietaire_est_refusee (4 assertions)
erreurs de script dans le journal : 0

=== RÉSULTAT: 4 réussi(s), 0 échoué(s) ===
LANCER_GODOT: RC_GODOT=0
