# ISS-088 — CONTRAT ROUGE, correctif retiré
# arbre : /home/user/wt-A (base 8c6955c6)  état : MODIFIÉ (correctif retiré)
# commande : tools/lancer_godot.sh --path . --script tools/godot/test_runner.gd -- --filter=iss088
# date : 2026-08-30T23:09:41Z

LANCER_GODOT: --headless ajouté (pas de --rendu : aucun affichage disponible).
LANCER_GODOT: VERROU=/home/user/Zelda/.git/heavy_tools.lock
LANCER_GODOT: XDG_DATA_HOME=/tmp/lancer_godot_ud_r1FM44lB
LANCER_GODOT: CWD=/home/user/wt-A
LANCER_GODOT: CMD=/usr/local/bin/godot --headless --path . --script tools/godot/test_runner.gd -- --filter=iss088
Godot Engine v4.7.1.stable.custom_build.a13da4feb (2026-07-13 21:00:28 UTC) - https://godotengine.org

=== TEST RUNNER — Godot 4.7.1-stable (custom_build) ===
filtre: iss088
SCRIPT ERROR: Invalid call. Nonexistent function 'loop_end_frame (via call)' in base 'Node (audio_manager.gd)'.
          at: test_la_borne_de_boucle_se_compte_en_trames_pas_en_octets (res://tests/integration/test_audio_ambience_loop_iss088.gd:114)
          GDScript backtrace (most recent call first):
              [0] test_la_borne_de_boucle_se_compte_en_trames_pas_en_octets (res://tests/integration/test_audio_ambience_loop_iss088.gd:114)
              [1] _run_script (res://tools/godot/test_runner.gd:297)
              [2] _initialize (res://tools/godot/test_runner.gd:80)
  ÉCHEC test_audio_ambience_loop_iss088.gd::test_la_borne_de_boucle_se_compte_en_trames_pas_en_octets — A1 : `loop_end_frame()` est exposée
  ÉCHEC test_audio_ambience_loop_iss088.gd::test_le_cache_partage_reste_intact_et_lambiance_a_sa_copie — B4 : le flux JOUÉ n'est pas l'exemplaire du cache — c'est une copie
  ÉCHEC test_audio_ambience_loop_iss088.gd::test_le_cache_partage_reste_intact_et_lambiance_a_sa_copie — B6 : et sa borne est en trames, pas en octets : attendu 176399, obtenu 35704
  ÉCHEC test_audio_ambience_loop_iss088.gd::test_le_cache_partage_reste_intact_et_lambiance_a_sa_copie — B8 : l'exemplaire PARTAGÉ du cache n'a pas été muté : attendu 0, obtenu 1
  ÉCHEC test_audio_ambience_loop_iss088.gd::test_le_cache_partage_reste_intact_et_lambiance_a_sa_copie — B9 : sa borne non plus : attendu 0, obtenu 35704
  ÉCHEC test_audio_ambience_loop_iss088.gd::test_la_lecture_ne_reboucle_pas_avant_la_fin_du_clip — C4 : la lecture a dépassé 1.10 s avant de reboucler (vue : 0.7459 s). Sous le défaut, elle plafonnait à 0.8096 s.
  ÉCHEC test_audio_ambience_loop_iss088.gd::test_la_lecture_ne_reboucle_pas_avant_la_fin_du_clip — C5 : et le bouclage arrive à la FIN du clip (0.7459 s sur 4.00 s)
erreurs de script dans le journal : 1
  ÉCHEC ISS-027 : 1 SCRIPT ERROR dans le journal — un test a pu être avorté en silence

=== RÉSULTAT: 0 réussi(s), 8 échoué(s) ===
  ÉCHEC: test_audio_ambience_loop_iss088.gd::test_la_borne_de_boucle_se_compte_en_trames_pas_en_octets — A1 : `loop_end_frame()` est exposée
  ÉCHEC: test_audio_ambience_loop_iss088.gd::test_le_cache_partage_reste_intact_et_lambiance_a_sa_copie — B4 : le flux JOUÉ n'est pas l'exemplaire du cache — c'est une copie
  ÉCHEC: test_audio_ambience_loop_iss088.gd::test_le_cache_partage_reste_intact_et_lambiance_a_sa_copie — B6 : et sa borne est en trames, pas en octets : attendu 176399, obtenu 35704
  ÉCHEC: test_audio_ambience_loop_iss088.gd::test_le_cache_partage_reste_intact_et_lambiance_a_sa_copie — B8 : l'exemplaire PARTAGÉ du cache n'a pas été muté : attendu 0, obtenu 1
  ÉCHEC: test_audio_ambience_loop_iss088.gd::test_le_cache_partage_reste_intact_et_lambiance_a_sa_copie — B9 : sa borne non plus : attendu 0, obtenu 35704
  ÉCHEC: test_audio_ambience_loop_iss088.gd::test_la_lecture_ne_reboucle_pas_avant_la_fin_du_clip — C4 : la lecture a dépassé 1.10 s avant de reboucler (vue : 0.7459 s). Sous le défaut, elle plafonnait à 0.8096 s.
  ÉCHEC: test_audio_ambience_loop_iss088.gd::test_la_lecture_ne_reboucle_pas_avant_la_fin_du_clip — C5 : et le bouclage arrive à la FIN du clip (0.7459 s sur 4.00 s)
  ÉCHEC: ISS-027 : 1 SCRIPT ERROR dans le journal — un test a pu être avorté en silence
LANCER_GODOT: RC_GODOT=1
