LANCER_GODOT: --headless ajouté (pas de --rendu : aucun affichage disponible).
LANCER_GODOT: VERROU=/home/istvan/Projects/Zelda/.git/heavy_tools.lock
LANCER_GODOT: XDG_DATA_HOME=/tmp/lancer_godot_ud_dFg5LtI3
LANCER_GODOT: CWD=/home/istvan/Projects/zelda-wt-iss088
LANCER_GODOT: CMD=/home/istvan/.local/bin/godot --headless --path . --script tools/godot/test_runner.gd -- --filter=iss088,ambience_ownership_iss086,audio_sfx
Godot Engine v4.7.1.stable.official.a13da4feb - https://godotengine.org

=== TEST RUNNER — Godot 4.7.1-stable (official) ===
filtre: iss088,ambience_ownership_iss086,audio_sfx
[boot] Godot            : 4.7.1-stable (official)
[boot] renderer         : forward_plus
[boot] physique 3D      : Jolt Physics
[boot] tick physique    : 60 Hz
[boot] pilote de rendu  : headless
[boot] autoloads        : GameState, EventBus, SaveSystem, AudioManager, SceneFlow
[boot] flux             : BOOT
[boot] fondation vérifiée — Phase A.
[boot] transition vers le menu principal.
[flow] transition vers : res://scenes/ui/MainMenu.tscn
[flow] transition vers : res://scenes/world/valley/ValleyWorld.tscn
[art] vallée peinte : 4469 surfaces
[monde] lieux habités : 8 chemins, 14 objets de vie
[flow] transition vers : res://scenes/ui/MainMenu.tscn
  ok   test_ambience_ownership_iss086.gd::test_quitter_la_vallee_arrete_et_libere_son_ambiance (8 assertions)
[art] vallée peinte : 4469 surfaces
[monde] lieux habités : 8 chemins, 14 objets de vie
[art] vallée peinte : 4469 surfaces
[monde] lieux habités : 8 chemins, 14 objets de vie
[art] vallée peinte : 4469 surfaces
[monde] lieux habités : 8 chemins, 14 objets de vie
  ok   test_ambience_ownership_iss086.gd::test_trois_cycles_ne_laissent_aucune_ambiance_derriere (13 assertions)
[art] vallée peinte : 4469 surfaces
[monde] lieux habités : 8 chemins, 14 objets de vie
  ok   test_ambience_ownership_iss086.gd::test_une_sortie_tardive_ne_coupe_pas_lambiance_suivante (6 assertions)
WARNING: [audio] play_ambience(amb_valley) sans propriétaire : refusé. Qui démarre une ambiance doit pouvoir la rendre.
     at: push_warning (core/variant/variant_utility.cpp:1033)
     GDScript backtrace (most recent call first):
         [0] play_ambience (res://scripts/core/audio_manager.gd:95)
         [1] test_une_ambiance_sans_proprietaire_est_refusee (res://tests/integration/test_ambience_ownership_iss086.gd:470)
         [2] _rendre_le_silence (res://tests/integration/test_ambience_ownership_iss086.gd:230)
  ok   test_ambience_ownership_iss086.gd::test_une_ambiance_sans_proprietaire_est_refusee (4 assertions)
  ok   test_ambience_loop_iss088.gd::test_pcm_la_borne_de_boucle_est_la_derniere_trame (4 assertions)
  ok   test_ambience_loop_iss088.gd::test_qoa_la_borne_de_boucle_est_la_derniere_trame (4 assertions)
  ok   test_ambience_loop_iss088.gd::test_meme_duree_decodee_meme_borne_quel_que_soit_le_poids (3 assertions)
  ÉCHEC test_ambience_loop_iss088.gd::test_le_cache_partage_reste_vierge — S2 — APRÈS play_ambience, l'exemplaire partagé reste vierge : loop_mode=1, loop_end=22049
  ÉCHEC test_ambience_loop_iss088.gd::test_le_cache_partage_reste_vierge — S3 — le flux joué est un exemplaire DISTINCT du partagé (loop_mode=1, loop_begin=0, loop_end=22049, data=8952 o, chemin=res://tests/fixtures/audio/iss088_boucle_qoa.wav)
  ÉCHEC test_ambience_loop_iss088.gd::test_lidentite_de_la_copie_survit_sans_chemin — T1 — un flux joué, bouclé et DISTINCT du partagé existe (loop_mode=1, loop_begin=0, loop_end=22049, data=8952 o, chemin=res://tests/fixtures/audio/iss088_boucle_qoa.wav)
  ÉCHEC test_ambience_loop_iss088.gd::test_lidentite_de_la_copie_survit_sans_chemin — T3 — la copie est honnêtement SANS chemin : aucune repose manuelle (loop_mode=1, loop_begin=0, loop_end=22049, data=8952 o, chemin=res://tests/fixtures/audio/iss088_boucle_qoa.wav)
  ok   test_ambience_loop_iss088.gd::test_trois_cycles_sans_fuite_ni_accumulation (11 assertions)
  ok   test_ambience_loop_iss088.gd::test_transfert_de_propriete (3 assertions)
WARNING: [audio] play_ambience(iss088_boucle_qoa) sans propriétaire : refusé. Qui démarre une ambiance doit pouvoir la rendre.
     at: push_warning (core/variant/variant_utility.cpp:1033)
     GDScript backtrace (most recent call first):
         [0] play_ambience (res://scripts/core/audio_manager.gd:95)
         [1] test_une_ambiance_sans_proprietaire_reste_refusee (res://tests/unit/test_ambience_loop_iss088.gd:508)
         [2] _settle (res://tests/unit/test_ambience_loop_iss088.gd:118)
  ok   test_ambience_loop_iss088.gd::test_une_ambiance_sans_proprietaire_reste_refusee (3 assertions)
WARNING: [audio] son introuvable : res://assets/audio/sfx/iss088_inexistant.wav
     at: push_warning (core/variant/variant_utility.cpp:1033)
     GDScript backtrace (most recent call first):
         [0] _sfx_stream (res://scripts/core/audio_manager.gd:287)
         [1] has_sfx (res://scripts/core/audio_manager.gd:269)
         [2] test_un_son_manquant_est_trace_et_sans_degat (res://tests/unit/test_ambience_loop_iss088.gd:547)
         [3] _run_script (res://tools/godot/test_runner.gd:297)
         [4] _root_delta (res://tools/godot/test_runner.gd:390)
WARNING: [audio] son introuvable : res://assets/audio/sfx/iss088_inexistant_2.wav
     at: push_warning (core/variant/variant_utility.cpp:1033)
     GDScript backtrace (most recent call first):
         [0] _sfx_stream (res://scripts/core/audio_manager.gd:287)
         [1] play_ambience (res://scripts/core/audio_manager.gd:98)
         [2] test_un_son_manquant_est_trace_et_sans_degat (res://tests/unit/test_ambience_loop_iss088.gd:564)
         [3] _settle (res://tests/unit/test_ambience_loop_iss088.gd:118)
  ok   test_ambience_loop_iss088.gd::test_un_son_manquant_est_trace_et_sans_degat (6 assertions)
  ok   test_ambience_loop_iss088.gd::test_un_flux_vide_ne_recoit_pas_de_boucle (4 assertions)
  ok   test_audio_sfx.gd::test_every_declared_sound_exists_and_loads (22 assertions)
WARNING: [audio] son introuvable : res://assets/audio/sfx/inexistant_volontaire.wav
     at: push_warning (core/variant/variant_utility.cpp:1033)
     GDScript backtrace (most recent call first):
         [0] _sfx_stream (res://scripts/core/audio_manager.gd:287)
         [1] play_sfx (res://scripts/core/audio_manager.gd:257)
         [2] test_playing_a_sound_is_safe_even_headless (res://tests/unit/test_audio_sfx.gd:52)
         [3] _run_script (res://tools/godot/test_runner.gd:297)
         [4] _root_delta (res://tools/godot/test_runner.gd:390)
  ok   test_audio_sfx.gd::test_playing_a_sound_is_safe_even_headless (1 assertions)
  ok   test_audio_sfx.gd::test_the_wired_actions_reference_known_sounds (23 assertions)
erreurs de script dans le journal : 0

=== RÉSULTAT: 15 réussi(s), 4 échoué(s) ===
  ÉCHEC: test_ambience_loop_iss088.gd::test_le_cache_partage_reste_vierge — S2 — APRÈS play_ambience, l'exemplaire partagé reste vierge : loop_mode=1, loop_end=22049
  ÉCHEC: test_ambience_loop_iss088.gd::test_le_cache_partage_reste_vierge — S3 — le flux joué est un exemplaire DISTINCT du partagé (loop_mode=1, loop_begin=0, loop_end=22049, data=8952 o, chemin=res://tests/fixtures/audio/iss088_boucle_qoa.wav)
  ÉCHEC: test_ambience_loop_iss088.gd::test_lidentite_de_la_copie_survit_sans_chemin — T1 — un flux joué, bouclé et DISTINCT du partagé existe (loop_mode=1, loop_begin=0, loop_end=22049, data=8952 o, chemin=res://tests/fixtures/audio/iss088_boucle_qoa.wav)
  ÉCHEC: test_ambience_loop_iss088.gd::test_lidentite_de_la_copie_survit_sans_chemin — T3 — la copie est honnêtement SANS chemin : aucune repose manuelle (loop_mode=1, loop_begin=0, loop_end=22049, data=8952 o, chemin=res://tests/fixtures/audio/iss088_boucle_qoa.wav)
WARNING: 42 ObjectDB instances were leaked at exit (run with `--verbose` for details).
   at: cleanup (core/object/object.cpp:2536)
ERROR: 21 resources still in use at exit (run with --verbose for details).
   at: clear (core/io/resource.cpp:822)
LANCER_GODOT: RC_GODOT=1
