=== FINAL T1 — GLB agent A 5ff4ec6e — chemin canonique COURBE (polyligne, longueur d'arc), COL_ ===
[gab] COL_WaterfallCave : 1784 sommets, 880 triangles
[gab] chemin canonique ; ancre de salle candidat (2.62, 0.09, -2.58)
[gab] capsule joueur rayon 0.45 m hauteur 1.85 m ; contrat du filet : plafond a plus de 1.90 m du sol
[gab] --- aller : 5.52 m, 14 echantillon(s) ---
      t_m     x       z            sol  plafond    libre    degag  verdict
      0.00    0.00    1.60       2.990   -1.000      inf    0.145  capsule ne tient pas -> NON OCCUPABLE
      0.40    0.00    1.20      -0.872    1.698    2.420    0.061  capsule ne tient pas -> NON OCCUPABLE
      0.80    0.00    0.80      -0.475    1.781    2.106    0.296  capsule ne tient pas -> NON OCCUPABLE
      1.20    0.00    0.40      -0.276    2.012    2.138    0.372  capsule ne tient pas -> NON OCCUPABLE
      1.60    0.00    0.00      -0.077    2.283    2.211    0.431  capsule ne tient pas -> NON OCCUPABLE
      2.00    0.08    -0.39     -0.070    2.380    2.301    0.530  
      2.40    0.16    -0.78     -0.064    2.462    2.376    0.657  
      2.80    0.32    -1.13     -0.053    2.456    2.359    0.694  
      3.20    0.65    -1.36     -0.035    2.413    2.298    0.765  
      3.60    0.97    -1.60     -0.018    2.415    2.283    0.964  
      4.00    1.31    -1.81     -0.001    2.443    2.295    0.918  
      4.40    1.65    -2.02      0.016    2.471    2.305    0.697  
      4.80    1.99    -2.22      0.038    2.500    2.312    0.664  
      5.20    2.34    -2.42      0.063    2.531    2.317    0.605  
[gab] --- retour : 5.52 m, 14 echantillon(s) ---
      t_m     x       z            sol  plafond    libre    degag  verdict
      0.00    2.62    -2.58      0.084    2.520    2.285    0.444  capsule ne tient pas -> NON OCCUPABLE
      0.40    2.27    -2.38      0.058    2.525    2.316    0.612  
      0.80    1.93    -2.18      0.033    2.494    2.311    0.664  
      1.20    1.58    -1.98      0.013    2.466    2.303    0.722  
      1.60    1.24    -1.77     -0.005    2.438    2.293    0.970  
      2.00    0.91    -1.55     -0.021    2.415    2.286    0.915  
      2.40    0.58    -1.32     -0.039    2.413    2.302    0.745  
      2.80    0.26    -1.08     -0.056    2.492    2.398    0.656  
      3.20    0.15    -0.71     -0.065    2.447    2.362    0.621  
      3.60    0.07    -0.32     -0.072    2.361    2.283    0.510  
      4.00    0.00    0.08      -0.116    2.229    2.195    0.409  capsule ne tient pas -> NON OCCUPABLE
      4.40    0.00    0.48      -0.315    1.967    2.132    0.392  capsule ne tient pas -> NON OCCUPABLE
      4.80    0.00    0.88      -0.514    1.737    2.101    0.302  capsule ne tient pas -> NON OCCUPABLE
      5.20    0.00    1.28      -1.383    1.882    3.115    0.047  capsule ne tient pas -> NON OCCUPABLE
[gab] === BILAN ===
[gab] aucun echantillon sous le contrat geometriquement
[gab] AUCUN echantillon sous le contrat n'est occupable par une capsule r=0.45 h=1.85
FIN NOMINALE
RC_canon_045=0

[gab] COL_WaterfallCave : 1784 sommets, 880 triangles
[gab] chemin canonique ; ancre de salle candidat (2.62, 0.09, -2.58)
[gab] capsule joueur rayon 0.35 m hauteur 1.85 m ; contrat du filet : plafond a plus de 1.90 m du sol
[gab] --- aller : 5.52 m, 14 echantillon(s) ---
      t_m     x       z            sol  plafond    libre    degag  verdict
      0.00    0.00    1.60       2.990   -1.000      inf    0.145  capsule ne tient pas -> NON OCCUPABLE
      0.40    0.00    1.20      -0.872    1.698    2.420    0.061  capsule ne tient pas -> NON OCCUPABLE
      0.80    0.00    0.80      -0.475    1.781    2.106    0.296  capsule ne tient pas -> NON OCCUPABLE
      1.20    0.00    0.40      -0.276    2.012    2.138    0.372  
      1.60    0.00    0.00      -0.077    2.283    2.211    0.431  
      2.00    0.08    -0.39     -0.070    2.380    2.301    0.530  
      2.40    0.16    -0.78     -0.064    2.462    2.376    0.657  
      2.80    0.32    -1.13     -0.053    2.456    2.359    0.694  
      3.20    0.65    -1.36     -0.035    2.413    2.298    0.765  
      3.60    0.97    -1.60     -0.018    2.415    2.283    0.964  
      4.00    1.31    -1.81     -0.001    2.443    2.295    0.918  
      4.40    1.65    -2.02      0.016    2.471    2.305    0.697  
      4.80    1.99    -2.22      0.038    2.500    2.312    0.664  
      5.20    2.34    -2.42      0.063    2.531    2.317    0.605  
[gab] --- retour : 5.52 m, 14 echantillon(s) ---
      t_m     x       z            sol  plafond    libre    degag  verdict
      0.00    2.62    -2.58      0.084    2.520    2.285    0.444  
      0.40    2.27    -2.38      0.058    2.525    2.316    0.612  
      0.80    1.93    -2.18      0.033    2.494    2.311    0.664  
      1.20    1.58    -1.98      0.013    2.466    2.303    0.722  
      1.60    1.24    -1.77     -0.005    2.438    2.293    0.970  
      2.00    0.91    -1.55     -0.021    2.415    2.286    0.915  
      2.40    0.58    -1.32     -0.039    2.413    2.302    0.745  
      2.80    0.26    -1.08     -0.056    2.492    2.398    0.656  
      3.20    0.15    -0.71     -0.065    2.447    2.362    0.621  
      3.60    0.07    -0.32     -0.072    2.361    2.283    0.510  
      4.00    0.00    0.08      -0.116    2.229    2.195    0.409  
      4.40    0.00    0.48      -0.315    1.967    2.132    0.392  
      4.80    0.00    0.88      -0.514    1.737    2.101    0.302  capsule ne tient pas -> NON OCCUPABLE
      5.20    0.00    1.28      -1.383    1.882    3.115    0.047  capsule ne tient pas -> NON OCCUPABLE
[gab] === BILAN ===
[gab] aucun echantillon sous le contrat geometriquement
[gab] AUCUN echantillon sous le contrat n'est occupable par une capsule r=0.35 h=1.85
FIN NOMINALE
RC_canon_035=0

=== temoin corde (doit rendre un verdict DIFFERENT du canonique) ===
[gab] COL_WaterfallCave : 1784 sommets, 880 triangles
[gab] chemin corde ; ancre de salle candidat (2.62, 0.09, -2.58)
[gab] capsule joueur rayon 0.45 m hauteur 1.85 m ; contrat du filet : plafond a plus de 1.90 m du sol
[gab] --- aller : 4.93 m, 13 echantillon(s) ---
      t_m     x       z            sol  plafond    libre    degag  verdict
      0.00    0.00    1.60       2.990   -1.000      inf    0.145  capsule ne tient pas -> NON OCCUPABLE
      0.40    0.21    1.26      -1.047    1.617    2.514    0.069  capsule ne tient pas -> NON OCCUPABLE
      0.80    0.42    0.92      -0.528    1.222    1.600    0.041  PLAFOND BAS ; capsule ne tient pas -> NON OCCUPABLE
      1.20    0.64    0.58      -0.342    1.156    1.348    0.023  PLAFOND BAS ; capsule ne tient pas -> NON OCCUPABLE
      1.60    0.85    0.24      -0.128    0.956    0.934    0.015  PLAFOND BAS ; capsule ne tient pas -> NON OCCUPABLE
      2.00    1.06    -0.09     -0.027    0.979    0.856    0.025  PLAFOND BAS ; capsule ne tient pas -> NON OCCUPABLE
      2.40    1.27    -0.43     -0.020    1.436    1.306    0.035  PLAFOND BAS ; capsule ne tient pas -> NON OCCUPABLE
      2.80    1.49    -0.77     -0.006    2.118    1.974    0.117  capsule ne tient pas -> NON OCCUPABLE
      3.20    1.70    -1.11      0.011    2.230    2.069    0.332  capsule ne tient pas -> NON OCCUPABLE
      3.60    1.91    -1.45      0.027    2.260    2.083    0.210  capsule ne tient pas -> NON OCCUPABLE
      4.00    2.12    -1.79      0.043    2.314    2.121    0.234  capsule ne tient pas -> NON OCCUPABLE
      4.40    2.34    -2.13      0.054    2.434    2.230    0.364  capsule ne tient pas -> NON OCCUPABLE
      4.80    2.55    -2.47      0.077    2.498    2.272    0.475  
[gab] --- retour : 4.93 m, 13 echantillon(s) ---
      t_m     x       z            sol  plafond    libre    degag  verdict
      0.00    2.62    -2.58      0.084    2.520    2.285    0.444  capsule ne tient pas -> NON OCCUPABLE
      0.40    2.41    -2.24      0.062    2.456    2.244    0.420  capsule ne tient pas -> NON OCCUPABLE
      0.80    2.20    -1.90      0.047    2.354    2.157    0.292  capsule ne tient pas -> NON OCCUPABLE
      1.20    1.98    -1.56      0.033    2.270    2.088    0.180  capsule ne tient pas -> NON OCCUPABLE
      1.60    1.77    -1.22      0.016    2.240    2.073    0.274  capsule ne tient pas -> NON OCCUPABLE
      2.00    1.56    -0.89      0.000    2.195    2.045    0.247  capsule ne tient pas -> NON OCCUPABLE
      2.40    1.35    -0.55     -0.016    1.665    1.531    0.031  PLAFOND BAS ; capsule ne tient pas -> NON OCCUPABLE
      2.80    1.13    -0.21     -0.025    1.145    1.019    0.030  PLAFOND BAS ; capsule ne tient pas -> NON OCCUPABLE
      3.20    0.92    0.13      -0.054    0.764    0.667    0.039  PLAFOND BAS ; capsule ne tient pas -> NON OCCUPABLE
      3.60    0.71    0.47      -0.271    1.114    1.235    0.045  PLAFOND BAS ; capsule ne tient pas -> NON OCCUPABLE
      4.00    0.50    0.81      -0.466    1.212    1.528    0.035  PLAFOND BAS ; capsule ne tient pas -> NON OCCUPABLE
      4.40    0.28    1.15      -0.652    1.240    1.742    0.013  PLAFOND BAS ; capsule ne tient pas -> NON OCCUPABLE
      4.80    0.07    1.49           -        -        -        -  aucun sol dans COL (terrain ?)
[gab] === BILAN ===
[gab] 11 echantillon(s) sous le contrat GEOMETRIQUEMENT ; pire libre 0.667 m en (x 0.92, z 0.13)
[gab] AUCUN echantillon sous le contrat n'est occupable par une capsule r=0.45 h=1.85
FIN NOMINALE
RC_corde_045=0
RC=0
