LANCER_GODOT: VERROU=/home/user/Zelda/.git/heavy_tools.lock
LANCER_GODOT: XDG_DATA_HOME=/tmp/lancer_godot_ud_m4IHt3zp
LANCER_GODOT: CWD=/home/user/wt1r1-a
LANCER_GODOT: CMD=xvfb-run -a -s -screen 0 1280x720x24 /usr/local/bin/godot --path . --script tools/godot/capture_silhouette.gd -- --scene=res://scenes/world_v2/WorldV2.tscn --place=valley.poi.turquoise_spring.01 --name=turquoise_spring --angles=0,90 --size=900x1200 --out-dir=evidence/world_v2/v2_3_b/lot1r/voie_a3/silhouettes12
Godot Engine v4.7.1.stable.custom_build.a13da4feb (2026-07-13 21:00:28 UTC) - https://godotengine.org
ERROR: Required Vulkan instance extension VK_KHR_surface not found.
   at: _initialize_instance_extensions (drivers/vulkan/rendering_context_driver_vulkan.cpp:494)
ERROR: Condition "err != OK" is true. Returning: err
   at: initialize (drivers/vulkan/rendering_context_driver_vulkan.cpp:915)
WARNING: Your video card drivers seem not to support the required Vulkan version, switching to OpenGL 3.
     at: DisplayServerX11 (platform/linuxbsd/x11/display_server_x11.cpp:7124)
WARNING: Could not set V-Sync mode, as changing V-Sync mode is not supported by the graphics driver.
     at: set_use_vsync (platform/linuxbsd/x11/gl_manager_x11.cpp:372)
OpenGL API 4.5 (Core Profile) Mesa 25.2.8-0ubuntu0.24.04.2 - Compatibility - Using Device: Mesa - llvmpipe (LLVM 20.1.2, 256 bits)
ALSA lib confmisc.c:855:(parse_card) cannot find card '0'
ALSA lib conf.c:5208:(_snd_config_evaluate) function snd_func_card_inum returned error: No such file or directory
ALSA lib confmisc.c:422:(snd_func_concat) error evaluating strings
ALSA lib conf.c:5208:(_snd_config_evaluate) function snd_func_concat returned error: No such file or directory
ALSA lib confmisc.c:1342:(snd_func_refer) error evaluating name
ALSA lib conf.c:5208:(_snd_config_evaluate) function snd_func_refer returned error: No such file or directory
ALSA lib conf.c:5731:(snd_config_expand) Evaluate error: No such file or directory
ALSA lib pcm.c:2721:(snd_pcm_open_noupdate) Unknown PCM default
ERROR: Condition "status < 0" is true. Returning: ERR_CANT_OPEN
   at: init_output_device (drivers/alsa/audio_driver_alsa.cpp:97)
WARNING: All audio drivers failed, falling back to the dummy driver.
     at: initialize (servers/audio/audio_server.cpp:258)

[hameau] implantation vérifiée : 3 toiture(s), 10 collider(s), 24 appui(s) — aucune faute.
[world_v2] monde        : neris_v2 (vallée whitebox V2.1)
[world_v2] carte        : 31 lieux + 3 sites systémiques, valide
[world_v2] terrain      : 64 chunks, montage 15439 ms
[world_v2] navigation   : 4 région(s) chargée(s)
[world_v2] lieux        : 15 scène(s) posée(s) par le layout
[world_v2] spawn        : (0.0, 24.4, 170.0)
[world_v2] sol          : c4r6 à y=24.00
[world_v2] fondation V2 vérifiée — vallée whitebox prête.
WARNING: Navigation region synchronization had 2 edge error(s).
More than 2 edges tried to occupy the same map rasterization space.
This causes a logical error in the navigation mesh geometry and is commonly caused by overlap or too densely placed edges.
Consider baking with a higher 'cell_size', greater geometry margin, and less detailed bake objects to cause fewer edges.
Consider lowering the 'navigation/3d/merge_rasterizer_cell_scale' in the project settings.
This warning can be toggled under 'navigation/3d/warnings/navmesh_edge_merge_errors' in the project settings.
     at: _build_step_find_edge_connection_pairs (modules/navigation_3d/3d/nav_region_builder_3d.cpp:219)
WARNING: Navigation region synchronization had 38 edge error(s).
More than 2 edges tried to occupy the same map rasterization space.
This causes a logical error in the navigation mesh geometry and is commonly caused by overlap or too densely placed edges.
Consider baking with a higher 'cell_size', greater geometry margin, and less detailed bake objects to cause fewer edges.
Consider lowering the 'navigation/3d/merge_rasterizer_cell_scale' in the project settings.
This warning can be toggled under 'navigation/3d/warnings/navmesh_edge_merge_errors' in the project settings.
     at: _build_step_find_edge_connection_pairs (modules/navigation_3d/3d/nav_region_builder_3d.cpp:219)
[silhouette] mode lieu : valley.poi.turquoise_spring.01 isolé, 1760 instance(s) masquée(s)
[silhouette] turquoise_spring — 11 maillages, emprise 16.26 × 5.63 × 19.17 m
[silhouette] evidence/world_v2/v2_3_b/lot1r/voie_a3/silhouettes12/silhouette_turquoise_spring_000.png — sujet 7.4 % de l'image, hors bandes 0.000 %
[silhouette] evidence/world_v2/v2_3_b/lot1r/voie_a3/silhouettes12/silhouette_turquoise_spring_090.png — sujet 4.5 % de l'image, hors bandes 0.000 %
[silhouette] OK : 2 vue(s)
ERROR: Parameter "material" is null.
   at: material_casts_shadows (drivers/gles3/storage/material_storage.cpp:2592)
ERROR: Parameter "material" is null.
   at: material_is_animated (drivers/gles3/storage/material_storage.cpp:2579)
ERROR: Parameter "material" is null.
   at: material_get_instance_shader_parameters (drivers/gles3/storage/material_storage.cpp:2618)
ERROR: Parameter "material" is null.
   at: material_update_dependency (drivers/gles3/storage/material_storage.cpp:2630)
ERROR: Parameter "material" is null.
   at: material_casts_shadows (drivers/gles3/storage/material_storage.cpp:2592)
ERROR: Parameter "material" is null.
   at: material_is_animated (drivers/gles3/storage/material_storage.cpp:2579)
ERROR: Parameter "material" is null.
   at: material_get_instance_shader_parameters (drivers/gles3/storage/material_storage.cpp:2618)
ERROR: Parameter "material" is null.
   at: material_update_dependency (drivers/gles3/storage/material_storage.cpp:2630)
LANCER_GODOT: RC_GODOT=0
