LANCER_GODOT: VERROU=/home/user/Zelda/.git/heavy_tools.lock
LANCER_GODOT: XDG_DATA_HOME=/tmp/lancer_godot_ud_sMqFLqVr
LANCER_GODOT: CWD=/home/user/wt1r1-a
LANCER_GODOT: CMD=/usr/local/bin/godot --headless --path . --script tools/godot/probe_site_section.gd -- --center=-136,40 --span=36 --step=1.5
Godot Engine v4.7.1.stable.custom_build.a13da4feb (2026-07-13 21:00:28 UTC) - https://godotengine.org

[hameau] implantation vérifiée : 3 toiture(s), 10 collider(s), 24 appui(s) — aucune faute.
[world_v2] monde        : neris_v2 (vallée whitebox V2.1)
[world_v2] carte        : 31 lieux + 3 sites systémiques, valide
[world_v2] terrain      : 64 chunks, montage 17066 ms
[world_v2] navigation   : 4 région(s) chargée(s)
[world_v2] lieux        : 15 scène(s) posée(s) par le layout
[world_v2] spawn        : (0.0, 24.4, 170.0)
[world_v2] sol          : c4r6 à y=24.00
[world_v2] fondation V2 vérifiée — vallée whitebox prête.
WARNING: Navigation region synchronization had 2 edge error(s).
More than 2 edges tried to occupy the same map rasterization space.
This causes a logical error in the navigation mesh geometry and is commonly caused by overlap or too densely placed edges.
Consider baking with a higher 'cell_size', greater geometry margin, and less detailed bake objects to cause fewer edges.
Consider lowering the 'navigation/3d/merge_rasterizer_cell_scale' in the project settings.
This warning can be toggled under 'navigation/3d/warnings/navmesh_edge_merge_errors' in the project settings.
     at: _build_step_find_edge_connection_pairs (modules/navigation_3d/3d/nav_region_builder_3d.cpp:219)
WARNING: Navigation region synchronization had 38 edge error(s).
More than 2 edges tried to occupy the same map rasterization space.
This causes a logical error in the navigation mesh geometry and is commonly caused by overlap or too densely placed edges.
Consider baking with a higher 'cell_size', greater geometry margin, and less detailed bake objects to cause fewer edges.
Consider lowering the 'navigation/3d/merge_rasterizer_cell_scale' in the project settings.
This warning can be toggled under 'navigation/3d/warnings/navmesh_edge_merge_errors' in the project settings.
     at: _build_step_find_edge_connection_pairs (modules/navigation_3d/3d/nav_region_builder_3d.cpp:219)
[coupe] centre (-136.0, 40.0), emprise 36 m, pas 1.5 m
[coupe] '~' = en eau ; hauteurs de la fonction de terrain GELÉE
     z\x    -154   -152   -151   -150   -148   -146   -145   -144   -142   -140   -139   -138   -136   -134   -133   -132   -130   -128   -127   -126   -124   -122   -121   -120   -118
      22   23.7   23.5   23.3   23.2   23.2   23.1   22.4   19.8   16.5   13.5   11.4   10.9   10.9   10.8   10.8   10.7   10.3    9.3    8.1~   7.7~   7.5~   7.3~   7.0~   7.3    7.8 
      24   24.0   23.8   23.5   23.3   23.1   22.7   21.6   19.0   15.9   13.2   11.5   11.1   11.1   11.1   11.0   10.9   10.1    9.0    8.2~   8.1~   7.9~   7.7~   7.9    8.7    9.3 
      25   24.4   24.1   23.9   23.4   22.7   21.7   20.4   17.9   15.2   13.0   11.6   11.4   11.4   11.3   11.2   10.9   10.0    9.0~   8.6~   8.4~   8.2~   8.3~   9.1    9.9   10.2 
      26   24.8   24.6   24.1   23.1   21.9   20.5   18.9   16.6   14.3   12.7   11.8   11.6   11.6   11.6   11.5   10.8    9.8    9.1~   8.9~   8.7~   8.6~   9.0    9.7   10.2   10.2 
      28   25.2   24.9   23.9   22.5   20.8   19.1   17.4   15.3   13.5   12.4   11.9   11.8   11.8   11.8   11.5   10.7    9.8~   9.4~   9.3~   9.1~   9.1~   9.7   10.2   10.3   10.3 
      30   25.6   24.8   23.4   21.5   19.6   17.7   15.9   14.1   12.8   12.2   12.0   11.9   11.9   11.9   11.4   10.6   10.0~   9.8~   9.6~   9.5~   9.7   10.3   10.5   10.4   10.3 
      31   25.6   24.5   22.6   20.5   18.3   16.3   14.6   13.1   12.3   12.0   12.0   12.0   12.0   11.9   11.3   10.6~  10.3~  10.1~  10.0~  10.0~  10.4   10.8   10.7   10.5   10.3 
      32   25.4   23.9   21.8   19.4   17.1   15.1   13.5   12.4   12.0   12.0   12.0   12.0   12.0   11.7   11.3   10.8~  10.7~  10.5~  10.3~  10.5   11.0   11.1   10.8   10.6   10.4 
      34   24.9   23.2   20.9   18.4   16.0   14.1   12.7   12.1   12.0   12.0   12.0   12.0   12.0   11.6   11.2   11.0~  11.0~  10.8~  10.8~  11.1   11.4   11.3   11.0   10.7   10.5 
      36   24.5   22.5   20.1   17.5   15.2   13.4   12.3   12.0   12.0   12.0   12.0   12.0   12.0   11.7   11.3   11.0~  11.0~  11.0~  11.3   11.5   11.6   11.4   11.1   10.8   10.5 
      37   24.1   22.0   19.5   16.9   14.6   12.9   12.1   12.0   12.0   12.0   12.0   12.0   12.0   11.9   11.6   11.3   11.2   11.3   11.6   11.8   11.7   11.5   11.2   10.9   10.6 
      38   23.9   21.7   19.1   16.5   14.2   12.6   12.0   12.0   12.0   12.0   12.0   12.0   12.0   12.0   11.9   11.7   11.6   11.7   11.9   11.9   11.8   11.5   11.2   10.9   10.6 
      40   23.8   21.6   19.0   16.4   14.1   12.6   12.0   12.0   12.0   12.0   12.0   12.0   12.0   12.0   12.0   12.0   12.0   12.0   12.0   11.9   11.8   11.5   11.2   10.8   10.3 
      42   23.9   21.7   19.1   16.5   14.2   12.6   12.0   12.0   12.0   12.0   12.0   12.0   12.0   12.0   12.0   12.0   12.0   12.0   12.0   11.9   11.8   11.5   11.0   10.4    9.8 
      43   24.1   22.0   19.5   16.9   14.6   12.9   12.1   12.0   12.0   12.0   12.0   12.0   12.0   12.0   12.0   12.0   12.0   12.0   12.0   11.9   11.7   11.2   10.6    9.8    9.0 
      44   24.5   22.5   20.1   17.6   15.2   13.4   12.3   12.0   12.0   12.0   12.0   12.0   12.0   12.0   12.0   12.0   12.0   12.0   12.0   11.8   11.5   10.9   10.1    9.1    8.1 
      46   24.9   23.2   20.9   18.4   16.0   14.1   12.7   12.1   12.0   12.0   12.0   12.0   12.0   12.0   12.0   12.0   12.0   12.0   11.9   11.6   11.1   10.4    9.3    8.2    7.1 
      48   25.4   23.9   21.8   19.4   17.1   15.1   13.5   12.5   12.0   12.0   12.0   12.0   12.0   12.0   12.0   12.0   12.0   11.9   11.7   11.3   10.6    9.6    8.4    7.2    6.2 
      49   25.6   24.5   22.7   20.5   18.4   16.4   14.6   13.2   12.3   12.0   12.0   12.0   12.0   12.0   12.0   12.0   11.9   11.8   11.5   10.9    9.9    8.8    7.5    6.3    5.5 
      50   25.6   24.9   23.4   21.6   19.7   17.8   16.0   14.2   12.9   12.2   12.0   12.0   12.0   12.0   11.9   11.9   11.8   11.5   11.0   10.2    9.1    7.8    6.6    5.6    5.0 
      52   25.3   25.0   24.0   22.6   21.0   19.3   17.5   15.4   13.6   12.5   11.9   11.9   11.9   11.9   11.8   11.8   11.6   11.1   10.4    9.4    8.2    6.9    5.8    5.1    5.0 
      54   24.9   24.7   24.3   23.3   22.1   20.8   19.1   16.8   14.5   12.8   11.9   11.7   11.7   11.7   11.7   11.6   11.2   10.6    9.7    8.5    7.3    6.1    5.2    5.0    5.0 
      55   24.6   24.4   24.1   23.7   23.0   22.0   20.7   18.2   15.4   13.2   11.9   11.6   11.6   11.6   11.5   11.4   10.9   10.1    9.0    7.8    6.5    5.5    5.0    5.0    5.0 
      56   24.2   24.0   23.9   23.7   23.5   23.1   22.0   19.4   16.2   13.5   11.8   11.5   11.5   11.5   11.4   11.2   10.6    9.6    8.4    7.2    6.0    5.3    5.0    5.0    5.0 
      58   24.0   23.8   23.7   23.6   23.6   23.4   21.7   18.3   14.6   11.8   10.2   10.1   10.6   11.1   11.3   11.0   10.3    9.3    8.1    6.9    5.9    5.3    5.0    5.0    5.0 
WARNING: 2 ObjectDB instances were leaked at exit (run with `--verbose` for details).
   at: cleanup (core/object/object.cpp:2536)
ERROR: 1 resources still in use at exit (run with --verbose for details).
   at: clear (core/io/resource.cpp:822)
LANCER_GODOT: RC_GODOT=0
