Godot Engine v4.7.1.stable.custom_build.a13da4feb (2026-07-13 21:00:28 UTC) - https://godotengine.org

=== TEST RUNNER — Godot 4.7.1-stable (custom_build) ===
filtre: test_world_v2_places_contract,test_world_v2_places_behavior,test_world_v2_traversal,test_world_v2_navigation
  ok   test_world_v2_navigation.gd::test_les_quatre_quadrants_sont_cuits_et_bornes (1 assertions)
[hameau] implantation vérifiée : 3 toiture(s), 10 collider(s), 24 appui(s) — aucune faute.
[world_v2] monde        : neris_v2 (vallée whitebox V2.1)
[world_v2] carte        : 31 lieux + 3 sites systémiques, valide
[world_v2] terrain      : 64 chunks, montage 11326 ms
[world_v2] navigation   : 4 région(s) chargée(s)
[world_v2] lieux        : 9 scène(s) posée(s) par le layout
[world_v2] spawn        : (0.0, 24.4, 170.0)
WARNING: Navigation region synchronization had 2 edge error(s).
More than 2 edges tried to occupy the same map rasterization space.
This causes a logical error in the navigation mesh geometry and is commonly caused by overlap or too densely placed edges.
Consider baking with a higher 'cell_size', greater geometry margin, and less detailed bake objects to cause fewer edges.
Consider lowering the 'navigation/3d/merge_rasterizer_cell_scale' in the project settings.
This warning can be toggled under 'navigation/3d/warnings/navmesh_edge_merge_errors' in the project settings.
     at: _build_step_find_edge_connection_pairs (modules/navigation_3d/3d/nav_region_builder_3d.cpp:219)
WARNING: Navigation region synchronization had 38 edge error(s).
More than 2 edges tried to occupy the same map rasterization space.
This causes a logical error in the navigation mesh geometry and is commonly caused by overlap or too densely placed edges.
Consider baking with a higher 'cell_size', greater geometry margin, and less detailed bake objects to cause fewer edges.
Consider lowering the 'navigation/3d/merge_rasterizer_cell_scale' in the project settings.
This warning can be toggled under 'navigation/3d/warnings/navmesh_edge_merge_errors' in the project settings.
     at: _build_step_find_edge_connection_pairs (modules/navigation_3d/3d/nav_region_builder_3d.cpp:219)
[world_v2] sol          : c4r6 à y=24.00
[world_v2] fondation V2 vérifiée — vallée whitebox prête.
  ok   test_world_v2_navigation.gd::test_la_navigation_relie_les_ancres_mais_pas_le_lac (5 assertions)
[hameau] implantation vérifiée : 3 toiture(s), 10 collider(s), 24 appui(s) — aucune faute.
[world_v2] monde        : neris_v2 (vallée whitebox V2.1)
[world_v2] carte        : 31 lieux + 3 sites systémiques, valide
[world_v2] terrain      : 64 chunks, montage 6923 ms
[world_v2] navigation   : 4 région(s) chargée(s)
[world_v2] lieux        : 9 scène(s) posée(s) par le layout
[world_v2] spawn        : (0.0, 24.4, 170.0)
WARNING: Navigation region synchronization had 2 edge error(s).
More than 2 edges tried to occupy the same map rasterization space.
This causes a logical error in the navigation mesh geometry and is commonly caused by overlap or too densely placed edges.
Consider baking with a higher 'cell_size', greater geometry margin, and less detailed bake objects to cause fewer edges.
Consider lowering the 'navigation/3d/merge_rasterizer_cell_scale' in the project settings.
This warning can be toggled under 'navigation/3d/warnings/navmesh_edge_merge_errors' in the project settings.
     at: _build_step_find_edge_connection_pairs (modules/navigation_3d/3d/nav_region_builder_3d.cpp:219)
WARNING: Navigation region synchronization had 38 edge error(s).
More than 2 edges tried to occupy the same map rasterization space.
This causes a logical error in the navigation mesh geometry and is commonly caused by overlap or too densely placed edges.
Consider baking with a higher 'cell_size', greater geometry margin, and less detailed bake objects to cause fewer edges.
Consider lowering the 'navigation/3d/merge_rasterizer_cell_scale' in the project settings.
This warning can be toggled under 'navigation/3d/warnings/navmesh_edge_merge_errors' in the project settings.
     at: _build_step_find_edge_connection_pairs (modules/navigation_3d/3d/nav_region_builder_3d.cpp:219)
[world_v2] sol          : c4r6 à y=24.00
[world_v2] fondation V2 vérifiée — vallée whitebox prête.
  ok   test_world_v2_places_behavior.gd::test_la_grotte_a_un_seuil_et_un_interieur_praticables (2 assertions)
[hameau] implantation vérifiée : 3 toiture(s), 10 collider(s), 24 appui(s) — aucune faute.
[world_v2] monde        : neris_v2 (vallée whitebox V2.1)
[world_v2] carte        : 31 lieux + 3 sites systémiques, valide
[world_v2] terrain      : 64 chunks, montage 7033 ms
[world_v2] navigation   : 4 région(s) chargée(s)
[world_v2] lieux        : 9 scène(s) posée(s) par le layout
[world_v2] spawn        : (0.0, 24.4, 170.0)
WARNING: Navigation region synchronization had 2 edge error(s).
More than 2 edges tried to occupy the same map rasterization space.
This causes a logical error in the navigation mesh geometry and is commonly caused by overlap or too densely placed edges.
Consider baking with a higher 'cell_size', greater geometry margin, and less detailed bake objects to cause fewer edges.
Consider lowering the 'navigation/3d/merge_rasterizer_cell_scale' in the project settings.
This warning can be toggled under 'navigation/3d/warnings/navmesh_edge_merge_errors' in the project settings.
     at: _build_step_find_edge_connection_pairs (modules/navigation_3d/3d/nav_region_builder_3d.cpp:219)
WARNING: Navigation region synchronization had 38 edge error(s).
More than 2 edges tried to occupy the same map rasterization space.
This causes a logical error in the navigation mesh geometry and is commonly caused by overlap or too densely placed edges.
Consider baking with a higher 'cell_size', greater geometry margin, and less detailed bake objects to cause fewer edges.
Consider lowering the 'navigation/3d/merge_rasterizer_cell_scale' in the project settings.
This warning can be toggled under 'navigation/3d/warnings/navmesh_edge_merge_errors' in the project settings.
     at: _build_step_find_edge_connection_pairs (modules/navigation_3d/3d/nav_region_builder_3d.cpp:219)
[world_v2] sol          : c4r6 à y=24.00
[world_v2] fondation V2 vérifiée — vallée whitebox prête.
  ok   test_world_v2_places_behavior.gd::test_le_bassin_conducteur_garde_son_comportement (2 assertions)
[hameau] implantation vérifiée : 3 toiture(s), 10 collider(s), 24 appui(s) — aucune faute.
[world_v2] monde        : neris_v2 (vallée whitebox V2.1)
[world_v2] carte        : 31 lieux + 3 sites systémiques, valide
[world_v2] terrain      : 64 chunks, montage 7242 ms
[world_v2] navigation   : 4 région(s) chargée(s)
[world_v2] lieux        : 9 scène(s) posée(s) par le layout
[world_v2] spawn        : (0.0, 24.4, 170.0)
WARNING: Navigation region synchronization had 2 edge error(s).
More than 2 edges tried to occupy the same map rasterization space.
This causes a logical error in the navigation mesh geometry and is commonly caused by overlap or too densely placed edges.
Consider baking with a higher 'cell_size', greater geometry margin, and less detailed bake objects to cause fewer edges.
Consider lowering the 'navigation/3d/merge_rasterizer_cell_scale' in the project settings.
This warning can be toggled under 'navigation/3d/warnings/navmesh_edge_merge_errors' in the project settings.
     at: _build_step_find_edge_connection_pairs (modules/navigation_3d/3d/nav_region_builder_3d.cpp:219)
WARNING: Navigation region synchronization had 38 edge error(s).
More than 2 edges tried to occupy the same map rasterization space.
This causes a logical error in the navigation mesh geometry and is commonly caused by overlap or too densely placed edges.
Consider baking with a higher 'cell_size', greater geometry margin, and less detailed bake objects to cause fewer edges.
Consider lowering the 'navigation/3d/merge_rasterizer_cell_scale' in the project settings.
This warning can be toggled under 'navigation/3d/warnings/navmesh_edge_merge_errors' in the project settings.
     at: _build_step_find_edge_connection_pairs (modules/navigation_3d/3d/nav_region_builder_3d.cpp:219)
[world_v2] sol          : c4r6 à y=24.00
[world_v2] fondation V2 vérifiée — vallée whitebox prête.
  ok   test_world_v2_places_behavior.gd::test_les_recompenses_canoniques_sont_raccordees (2 assertions)
[hameau] implantation vérifiée : 3 toiture(s), 10 collider(s), 24 appui(s) — aucune faute.
[world_v2] monde        : neris_v2 (vallée whitebox V2.1)
[world_v2] carte        : 31 lieux + 3 sites systémiques, valide
[world_v2] terrain      : 64 chunks, montage 7442 ms
[world_v2] navigation   : 4 région(s) chargée(s)
[world_v2] lieux        : 9 scène(s) posée(s) par le layout
[world_v2] spawn        : (0.0, 24.4, 170.0)
WARNING: Navigation region synchronization had 2 edge error(s).
More than 2 edges tried to occupy the same map rasterization space.
This causes a logical error in the navigation mesh geometry and is commonly caused by overlap or too densely placed edges.
Consider baking with a higher 'cell_size', greater geometry margin, and less detailed bake objects to cause fewer edges.
Consider lowering the 'navigation/3d/merge_rasterizer_cell_scale' in the project settings.
This warning can be toggled under 'navigation/3d/warnings/navmesh_edge_merge_errors' in the project settings.
     at: _build_step_find_edge_connection_pairs (modules/navigation_3d/3d/nav_region_builder_3d.cpp:219)
WARNING: Navigation region synchronization had 38 edge error(s).
More than 2 edges tried to occupy the same map rasterization space.
This causes a logical error in the navigation mesh geometry and is commonly caused by overlap or too densely placed edges.
Consider baking with a higher 'cell_size', greater geometry margin, and less detailed bake objects to cause fewer edges.
Consider lowering the 'navigation/3d/merge_rasterizer_cell_scale' in the project settings.
This warning can be toggled under 'navigation/3d/warnings/navmesh_edge_merge_errors' in the project settings.
     at: _build_step_find_edge_connection_pairs (modules/navigation_3d/3d/nav_region_builder_3d.cpp:219)
[world_v2] sol          : c4r6 à y=24.00
[world_v2] fondation V2 vérifiée — vallée whitebox prête.
  ok   test_world_v2_places_behavior.gd::test_le_pylone_est_un_repere_majeur (2 assertions)
[hameau] implantation vérifiée : 3 toiture(s), 10 collider(s), 24 appui(s) — aucune faute.
[world_v2] monde        : neris_v2 (vallée whitebox V2.1)
[world_v2] carte        : 31 lieux + 3 sites systémiques, valide
[world_v2] terrain      : 64 chunks, montage 6942 ms
[world_v2] navigation   : 4 région(s) chargée(s)
[world_v2] lieux        : 9 scène(s) posée(s) par le layout
[world_v2] spawn        : (0.0, 24.4, 170.0)
WARNING: Navigation region synchronization had 2 edge error(s).
More than 2 edges tried to occupy the same map rasterization space.
This causes a logical error in the navigation mesh geometry and is commonly caused by overlap or too densely placed edges.
Consider baking with a higher 'cell_size', greater geometry margin, and less detailed bake objects to cause fewer edges.
Consider lowering the 'navigation/3d/merge_rasterizer_cell_scale' in the project settings.
This warning can be toggled under 'navigation/3d/warnings/navmesh_edge_merge_errors' in the project settings.
     at: _build_step_find_edge_connection_pairs (modules/navigation_3d/3d/nav_region_builder_3d.cpp:219)
WARNING: Navigation region synchronization had 38 edge error(s).
More than 2 edges tried to occupy the same map rasterization space.
This causes a logical error in the navigation mesh geometry and is commonly caused by overlap or too densely placed edges.
Consider baking with a higher 'cell_size', greater geometry margin, and less detailed bake objects to cause fewer edges.
Consider lowering the 'navigation/3d/merge_rasterizer_cell_scale' in the project settings.
This warning can be toggled under 'navigation/3d/warnings/navmesh_edge_merge_errors' in the project settings.
     at: _build_step_find_edge_connection_pairs (modules/navigation_3d/3d/nav_region_builder_3d.cpp:219)
[world_v2] sol          : c4r6 à y=24.00
[world_v2] fondation V2 vérifiée — vallée whitebox prête.
  ok   test_world_v2_places_contract.gd::test_le_lot_pilote_est_fait_de_lieux_reels (2 assertions)
[hameau] implantation vérifiée : 3 toiture(s), 10 collider(s), 24 appui(s) — aucune faute.
  ok   test_world_v2_places_contract.gd::test_chaque_scene_du_registre_est_autonome (3 assertions)
[hameau] implantation vérifiée : 3 toiture(s), 10 collider(s), 24 appui(s) — aucune faute.
[world_v2] monde        : neris_v2 (vallée whitebox V2.1)
[world_v2] carte        : 31 lieux + 3 sites systémiques, valide
[world_v2] terrain      : 64 chunks, montage 7249 ms
[world_v2] navigation   : 4 région(s) chargée(s)
[world_v2] lieux        : 9 scène(s) posée(s) par le layout
[world_v2] spawn        : (0.0, 24.4, 170.0)
WARNING: Navigation region synchronization had 2 edge error(s).
More than 2 edges tried to occupy the same map rasterization space.
This causes a logical error in the navigation mesh geometry and is commonly caused by overlap or too densely placed edges.
Consider baking with a higher 'cell_size', greater geometry margin, and less detailed bake objects to cause fewer edges.
Consider lowering the 'navigation/3d/merge_rasterizer_cell_scale' in the project settings.
This warning can be toggled under 'navigation/3d/warnings/navmesh_edge_merge_errors' in the project settings.
     at: _build_step_find_edge_connection_pairs (modules/navigation_3d/3d/nav_region_builder_3d.cpp:219)
WARNING: Navigation region synchronization had 38 edge error(s).
More than 2 edges tried to occupy the same map rasterization space.
This causes a logical error in the navigation mesh geometry and is commonly caused by overlap or too densely placed edges.
Consider baking with a higher 'cell_size', greater geometry margin, and less detailed bake objects to cause fewer edges.
Consider lowering the 'navigation/3d/merge_rasterizer_cell_scale' in the project settings.
This warning can be toggled under 'navigation/3d/warnings/navmesh_edge_merge_errors' in the project settings.
     at: _build_step_find_edge_connection_pairs (modules/navigation_3d/3d/nav_region_builder_3d.cpp:219)
[world_v2] sol          : c4r6 à y=24.00
[world_v2] fondation V2 vérifiée — vallée whitebox prête.
  ok   test_world_v2_places_contract.gd::test_les_fondations_epousent_le_terrain_gele (2 assertions)
[hameau] implantation vérifiée : 3 toiture(s), 10 collider(s), 24 appui(s) — aucune faute.
[world_v2] monde        : neris_v2 (vallée whitebox V2.1)
[world_v2] carte        : 31 lieux + 3 sites systémiques, valide
[world_v2] terrain      : 64 chunks, montage 7048 ms
[world_v2] navigation   : 4 région(s) chargée(s)
[world_v2] lieux        : 9 scène(s) posée(s) par le layout
[world_v2] spawn        : (0.0, 24.4, 170.0)
WARNING: Navigation region synchronization had 2 edge error(s).
More than 2 edges tried to occupy the same map rasterization space.
This causes a logical error in the navigation mesh geometry and is commonly caused by overlap or too densely placed edges.
Consider baking with a higher 'cell_size', greater geometry margin, and less detailed bake objects to cause fewer edges.
Consider lowering the 'navigation/3d/merge_rasterizer_cell_scale' in the project settings.
This warning can be toggled under 'navigation/3d/warnings/navmesh_edge_merge_errors' in the project settings.
     at: _build_step_find_edge_connection_pairs (modules/navigation_3d/3d/nav_region_builder_3d.cpp:219)
WARNING: Navigation region synchronization had 38 edge error(s).
More than 2 edges tried to occupy the same map rasterization space.
This causes a logical error in the navigation mesh geometry and is commonly caused by overlap or too densely placed edges.
Consider baking with a higher 'cell_size', greater geometry margin, and less detailed bake objects to cause fewer edges.
Consider lowering the 'navigation/3d/merge_rasterizer_cell_scale' in the project settings.
This warning can be toggled under 'navigation/3d/warnings/navmesh_edge_merge_errors' in the project settings.
     at: _build_step_find_edge_connection_pairs (modules/navigation_3d/3d/nav_region_builder_3d.cpp:219)
[world_v2] sol          : c4r6 à y=24.00
[world_v2] fondation V2 vérifiée — vallée whitebox prête.
  ok   test_world_v2_places_contract.gd::test_aucun_acteur_et_les_routes_restent_libres (3 assertions)
[hameau] implantation vérifiée : 3 toiture(s), 10 collider(s), 24 appui(s) — aucune faute.
[world_v2] monde        : neris_v2 (vallée whitebox V2.1)
[world_v2] carte        : 31 lieux + 3 sites systémiques, valide
[world_v2] terrain      : 64 chunks, montage 7134 ms
[world_v2] navigation   : 4 région(s) chargée(s)
[world_v2] lieux        : 9 scène(s) posée(s) par le layout
[world_v2] spawn        : (0.0, 24.4, 170.0)
WARNING: Navigation region synchronization had 2 edge error(s).
More than 2 edges tried to occupy the same map rasterization space.
This causes a logical error in the navigation mesh geometry and is commonly caused by overlap or too densely placed edges.
Consider baking with a higher 'cell_size', greater geometry margin, and less detailed bake objects to cause fewer edges.
Consider lowering the 'navigation/3d/merge_rasterizer_cell_scale' in the project settings.
This warning can be toggled under 'navigation/3d/warnings/navmesh_edge_merge_errors' in the project settings.
     at: _build_step_find_edge_connection_pairs (modules/navigation_3d/3d/nav_region_builder_3d.cpp:219)
WARNING: Navigation region synchronization had 38 edge error(s).
More than 2 edges tried to occupy the same map rasterization space.
This causes a logical error in the navigation mesh geometry and is commonly caused by overlap or too densely placed edges.
Consider baking with a higher 'cell_size', greater geometry margin, and less detailed bake objects to cause fewer edges.
Consider lowering the 'navigation/3d/merge_rasterizer_cell_scale' in the project settings.
This warning can be toggled under 'navigation/3d/warnings/navmesh_edge_merge_errors' in the project settings.
     at: _build_step_find_edge_connection_pairs (modules/navigation_3d/3d/nav_region_builder_3d.cpp:219)
[world_v2] sol          : c4r6 à y=24.00
[world_v2] fondation V2 vérifiée — vallée whitebox prête.
  ok   test_world_v2_traversal.gd::test_le_trajet_principal_se_marche_du_spawn_a_la_porte (8 assertions)
[hameau] implantation vérifiée : 3 toiture(s), 10 collider(s), 24 appui(s) — aucune faute.
[world_v2] monde        : neris_v2 (vallée whitebox V2.1)
[world_v2] carte        : 31 lieux + 3 sites systémiques, valide
[world_v2] terrain      : 64 chunks, montage 6900 ms
[world_v2] navigation   : 4 région(s) chargée(s)
[world_v2] lieux        : 9 scène(s) posée(s) par le layout
[world_v2] spawn        : (0.0, 24.4, 170.0)
WARNING: Navigation region synchronization had 2 edge error(s).
More than 2 edges tried to occupy the same map rasterization space.
This causes a logical error in the navigation mesh geometry and is commonly caused by overlap or too densely placed edges.
Consider baking with a higher 'cell_size', greater geometry margin, and less detailed bake objects to cause fewer edges.
Consider lowering the 'navigation/3d/merge_rasterizer_cell_scale' in the project settings.
This warning can be toggled under 'navigation/3d/warnings/navmesh_edge_merge_errors' in the project settings.
     at: _build_step_find_edge_connection_pairs (modules/navigation_3d/3d/nav_region_builder_3d.cpp:219)
WARNING: Navigation region synchronization had 38 edge error(s).
More than 2 edges tried to occupy the same map rasterization space.
This causes a logical error in the navigation mesh geometry and is commonly caused by overlap or too densely placed edges.
Consider baking with a higher 'cell_size', greater geometry margin, and less detailed bake objects to cause fewer edges.
Consider lowering the 'navigation/3d/merge_rasterizer_cell_scale' in the project settings.
This warning can be toggled under 'navigation/3d/warnings/navmesh_edge_merge_errors' in the project settings.
     at: _build_step_find_edge_connection_pairs (modules/navigation_3d/3d/nav_region_builder_3d.cpp:219)
[world_v2] sol          : c4r6 à y=24.00
[world_v2] fondation V2 vérifiée — vallée whitebox prête.
  ok   test_world_v2_traversal.gd::test_la_route_de_la_riviere_traverse_gues_et_pont (6 assertions)
[hameau] implantation vérifiée : 3 toiture(s), 10 collider(s), 24 appui(s) — aucune faute.
[world_v2] monde        : neris_v2 (vallée whitebox V2.1)
[world_v2] carte        : 31 lieux + 3 sites systémiques, valide
[world_v2] terrain      : 64 chunks, montage 7053 ms
[world_v2] navigation   : 4 région(s) chargée(s)
[world_v2] lieux        : 9 scène(s) posée(s) par le layout
[world_v2] spawn        : (0.0, 24.4, 170.0)
WARNING: Navigation region synchronization had 2 edge error(s).
More than 2 edges tried to occupy the same map rasterization space.
This causes a logical error in the navigation mesh geometry and is commonly caused by overlap or too densely placed edges.
Consider baking with a higher 'cell_size', greater geometry margin, and less detailed bake objects to cause fewer edges.
Consider lowering the 'navigation/3d/merge_rasterizer_cell_scale' in the project settings.
This warning can be toggled under 'navigation/3d/warnings/navmesh_edge_merge_errors' in the project settings.
     at: _build_step_find_edge_connection_pairs (modules/navigation_3d/3d/nav_region_builder_3d.cpp:219)
WARNING: Navigation region synchronization had 38 edge error(s).
More than 2 edges tried to occupy the same map rasterization space.
This causes a logical error in the navigation mesh geometry and is commonly caused by overlap or too densely placed edges.
Consider baking with a higher 'cell_size', greater geometry margin, and less detailed bake objects to cause fewer edges.
Consider lowering the 'navigation/3d/merge_rasterizer_cell_scale' in the project settings.
This warning can be toggled under 'navigation/3d/warnings/navmesh_edge_merge_errors' in the project settings.
     at: _build_step_find_edge_connection_pairs (modules/navigation_3d/3d/nav_region_builder_3d.cpp:219)
[world_v2] sol          : c4r6 à y=24.00
[world_v2] fondation V2 vérifiée — vallée whitebox prête.
  ok   test_world_v2_traversal.gd::test_la_route_des_hauteurs_grimpe_et_redescend_a_la_rampe (6 assertions)
[hameau] implantation vérifiée : 3 toiture(s), 10 collider(s), 24 appui(s) — aucune faute.
[world_v2] monde        : neris_v2 (vallée whitebox V2.1)
[world_v2] carte        : 31 lieux + 3 sites systémiques, valide
[world_v2] terrain      : 64 chunks, montage 7155 ms
[world_v2] navigation   : 4 région(s) chargée(s)
[world_v2] lieux        : 9 scène(s) posée(s) par le layout
[world_v2] spawn        : (0.0, 24.4, 170.0)
WARNING: Navigation region synchronization had 2 edge error(s).
More than 2 edges tried to occupy the same map rasterization space.
This causes a logical error in the navigation mesh geometry and is commonly caused by overlap or too densely placed edges.
Consider baking with a higher 'cell_size', greater geometry margin, and less detailed bake objects to cause fewer edges.
Consider lowering the 'navigation/3d/merge_rasterizer_cell_scale' in the project settings.
This warning can be toggled under 'navigation/3d/warnings/navmesh_edge_merge_errors' in the project settings.
     at: _build_step_find_edge_connection_pairs (modules/navigation_3d/3d/nav_region_builder_3d.cpp:219)
WARNING: Navigation region synchronization had 38 edge error(s).
More than 2 edges tried to occupy the same map rasterization space.
This causes a logical error in the navigation mesh geometry and is commonly caused by overlap or too densely placed edges.
Consider baking with a higher 'cell_size', greater geometry margin, and less detailed bake objects to cause fewer edges.
Consider lowering the 'navigation/3d/merge_rasterizer_cell_scale' in the project settings.
This warning can be toggled under 'navigation/3d/warnings/navmesh_edge_merge_errors' in the project settings.
     at: _build_step_find_edge_connection_pairs (modules/navigation_3d/3d/nav_region_builder_3d.cpp:219)
[world_v2] sol          : c4r6 à y=24.00
[world_v2] fondation V2 vérifiée — vallée whitebox prête.
RC=124
