Godot Engine v4.7.1.stable.custom_build.a13da4feb (2026-07-13 21:00:28 UTC) - https://godotengine.org

=== TEST RUNNER — Godot 4.7.1-stable (custom_build) ===
filtre: test_bestiary_gate.gd,test_boss_victory.gd,test_camera_never_enters_the_hero.gd,test_camp_composes_three_activity_poles.gd,test_camp_props.gd,test_camp_smoke_column.gd,test_citadel_carries_voids_and_asymmetry.gd,test_citadel_dressing.gd,test_citadel_masses_wear_battered_cladding.gd,test_cooking_ui.gd,test_gate_cameras_are_not_buried.gd,test_ground_carriers_keep_their_material.gd,test_heads_reach_the_real_valley.gd,test_hud_and_inventory.gd,test_ingredients.gd,test_interact_is_never_silent.gd,test_interaction_reachable.gd,test_kit_scale.gd,test_meals_and_buffs.gd,test_mesas_wear_talus.gd,test_mount_and_dev_fly.gd,test_mouse_camera.gd,test_nature_biome.gd,test_opening_dressing_rests_on_ground.gd,test_paths_belong_to_the_ground.gd,test_phase_e_chain.gd,test_phase_h_silhouettes.gd,test_plains_carry_flanking_relief.gd,test_reward_anchors.gd,test_river_stones_reach_the_bed.gd,test_riverside_village.gd,test_roofs_are_supported.gd,test_save_continuity.gd,test_save_merge_and_vitals.gd,test_save_player_position.gd,test_shell_binding.gd,test_storm_cloud_hangs_above_the_spire.gd,test_valley_atmosphere.gd,test_valley_dressing.gd,test_valley_painterly.gd,test_valley_world.gd,test_world_bounds_and_death.gd,test_world_dressing.gd
  ok   test_bestiary_gate.gd::test_the_five_families_have_distinct_stats_weapons_and_silhouettes (42 assertions)
  ok   test_bestiary_gate.gd::test_no_family_keeps_an_active_hitbox_after_death (26 assertions)
  ok   test_bestiary_gate.gd::test_no_family_sees_through_a_wall (5 assertions)
[art] vallée peinte : 4470 surfaces
[monde] lieux habités : 8 chemins, 14 objets de vie
  ok   test_bestiary_gate.gd::test_the_valley_carries_the_five_families_in_their_roles (23 assertions)
  ok   test_bestiary_gate.gd::test_the_bestiary_lineup_mounts_the_five_families (16 assertions)
[art] vallée peinte : 4470 surfaces
[monde] lieux habités : 8 chemins, 14 objets de vie
  ok   test_bestiary_gate.gd::test_the_north_road_to_the_citadel_stays_walkable_with_the_bestiary (4 assertions)
  ok   test_boss_victory.gd::test_the_final_chest_appears_only_after_the_guardian_falls (7 assertions)
  ok   test_boss_victory.gd::test_the_cyan_goes_quiet_when_he_dies (4 assertions)
  ok   test_boss_victory.gd::test_the_storm_partially_clears_after_the_victory (7 assertions)
  ok   test_boss_victory.gd::test_the_conclusion_can_be_cut_short_by_opening_the_chest (7 assertions)
  ok   test_boss_victory.gd::test_the_victory_screen_offers_three_real_ways_out (14 assertions)
  ok   test_boss_victory.gd::test_the_victory_screen_does_not_claim_a_victory_that_never_happened (1 assertions)
  ok   test_boss_victory.gd::test_restarting_asks_before_erasing_a_finished_run (6 assertions)
[art] vallée peinte : 4469 surfaces
[monde] lieux habités : 8 chemins, 14 objets de vie
  ok   test_camera_never_enters_the_hero.gd::test_backing_into_a_wall_never_puts_the_camera_inside_the_hero (2 assertions)
[art] vallée peinte : 4469 surfaces
[monde] lieux habités : 8 chemins, 14 objets de vie
  ok   test_camera_never_enters_the_hero.gd::test_the_hero_becomes_solid_again_when_the_camera_backs_off (2 assertions)
[art] vallée peinte : 4469 surfaces
[monde] lieux habités : 8 chemins, 14 objets de vie
  ok   test_camera_never_enters_the_hero.gd::test_the_camera_stays_above_the_ground_along_the_river (1 assertions)
[art] vallée peinte : 4469 surfaces
[monde] lieux habités : 8 chemins, 14 objets de vie
  ok   test_camp_composes_three_activity_poles.gd::test_the_camp_composes_three_tight_separated_poles (13 assertions)
  ok   test_camp_props.gd::test_the_chest_opens_with_its_own_clip_and_keeps_loot_atomicity (7 assertions)
  ok   test_camp_props.gd::test_a_saved_state_applies_the_opened_pose_without_looting (3 assertions)
[art] vallée peinte : 4469 surfaces
[monde] lieux habités : 8 chemins, 14 objets de vie
  ok   test_camp_props.gd::test_the_valley_camp_carries_real_props_with_collisions (13 assertions)
[art] vallée peinte : 4469 surfaces
[monde] lieux habités : 8 chemins, 14 objets de vie
  ok   test_camp_smoke_column.gd::test_the_smoke_column_casts_no_shadow (2 assertions)
[art] vallée peinte : 4469 surfaces
[monde] lieux habités : 8 chemins, 14 objets de vie
  ok   test_camp_smoke_column.gd::test_the_foot_of_the_column_stays_on_the_fire (2 assertions)
[art] vallée peinte : 4469 surfaces
[monde] lieux habités : 8 chemins, 14 objets de vie
  ok   test_citadel_carries_voids_and_asymmetry.gd::test_the_citadel_has_arch_voids_darker_than_its_stone (9 assertions)
[art] vallée peinte : 4469 surfaces
[monde] lieux habités : 8 chemins, 14 objets de vie
  ok   test_citadel_carries_voids_and_asymmetry.gd::test_the_citadel_carries_big_masses_off_the_world_grid (5 assertions)
[art] vallée peinte : 4469 surfaces
[monde] lieux habités : 8 chemins, 14 objets de vie
  ok   test_citadel_carries_voids_and_asymmetry.gd::test_the_terraces_are_battered_frustums_not_boxes (7 assertions)
  ok   test_citadel_dressing.gd::test_the_vestibule_columns_are_modular_stacks_on_intact_collisions (38 assertions)
[art] vallée peinte : 4469 surfaces
[monde] lieux habités : 8 chemins, 14 objets de vie
  ok   test_citadel_dressing.gd::test_the_valley_gate_wears_the_same_stone_language (5 assertions)
[art] vallée peinte : 4469 surfaces
[monde] lieux habités : 8 chemins, 14 objets de vie
  ok   test_citadel_masses_wear_battered_cladding.gd::test_the_keep_front_corners_carry_battered_piers (8 assertions)
[art] vallée peinte : 4469 surfaces
[monde] lieux habités : 8 chemins, 14 objets de vie
  ok   test_citadel_masses_wear_battered_cladding.gd::test_the_shoulders_are_shrouded_in_battered_shells (11 assertions)
[art] vallée peinte : 4469 surfaces
[monde] lieux habités : 8 chemins, 14 objets de vie
  ok   test_citadel_masses_wear_battered_cladding.gd::test_the_towers_wear_tapered_sleeves (25 assertions)
[art] vallée peinte : 4469 surfaces
[monde] lieux habités : 8 chemins, 14 objets de vie
  ok   test_citadel_masses_wear_battered_cladding.gd::test_the_spire_and_base_buttresses_taper (13 assertions)
[art] vallée peinte : 4469 surfaces
[monde] lieux habités : 8 chemins, 14 objets de vie
  ok   test_cooking_ui.gd::test_the_campfire_opens_the_cooking_workshop_in_pause (7 assertions)
[art] vallée peinte : 4469 surfaces
[monde] lieux habités : 8 chemins, 14 objets de vie
  ok   test_cooking_ui.gd::test_the_selection_previews_and_confirms_atomically (11 assertions)
[art] vallée peinte : 4470 surfaces
[monde] lieux habités : 8 chemins, 14 objets de vie
  ok   test_cooking_ui.gd::test_cancelling_returns_everything_and_costs_nothing (5 assertions)
[art] vallée peinte : 4470 surfaces
[monde] lieux habités : 8 chemins, 14 objets de vie
  ok   test_cooking_ui.gd::test_the_hud_shows_the_active_buff_and_clears_on_expiry (5 assertions)
[art] vallée peinte : 4470 surfaces
[monde] lieux habités : 8 chemins, 14 objets de vie
  ok   test_gate_cameras_are_not_buried.gd::test_no_gate_camera_has_a_static_wall_against_its_lens (7 assertions)
[art] vallée peinte : 4470 surfaces
[monde] lieux habités : 8 chemins, 14 objets de vie
  ok   test_gate_cameras_are_not_buried.gd::test_every_gate_camera_eye_sits_in_open_air (24 assertions)
[art] vallée peinte : 4470 surfaces
[monde] lieux habités : 8 chemins, 14 objets de vie
  ok   test_ground_carriers_keep_their_material.gd::test_every_ramp_and_slab_is_declared_a_ground_carrier (15 assertions)
[art] vallée peinte : 4470 surfaces
[monde] lieux habités : 8 chemins, 14 objets de vie
  ok   test_ground_carriers_keep_their_material.gd::test_no_ground_carrier_survives_the_painting_pass_as_a_shader (2 assertions)
[art] vallée peinte : 4470 surfaces
[monde] lieux habités : 8 chemins, 14 objets de vie
  ok   test_ground_carriers_keep_their_material.gd::test_the_processional_ramp_keeps_a_rock_tint_not_a_grass_one (4 assertions)
[art] vallée peinte : 4470 surfaces
[monde] lieux habités : 8 chemins, 14 objets de vie
  ok   test_heads_reach_the_real_valley.gd::test_the_hero_in_the_valley_has_a_head (7 assertions)
[art] vallée peinte : 4470 surfaces
[monde] lieux habités : 8 chemins, 14 objets de vie
  ok   test_heads_reach_the_real_valley.gd::test_every_raider_in_the_valley_has_a_head (2 assertions)
  ok   test_hud_and_inventory.gd::test_an_obstacle_kills_both_the_prompt_and_the_interaction (5 assertions)
  ok   test_hud_and_inventory.gd::test_the_hud_bars_mirror_the_real_components (5 assertions)
  ok   test_hud_and_inventory.gd::test_pickup_equips_through_the_panel_and_changes_damage_and_reach (5 assertions)
  ok   test_hud_and_inventory.gd::test_reordering_keeps_the_equipped_instance_equipped (5 assertions)
  ok   test_hud_and_inventory.gd::test_the_wheel_switches_weapons_free_and_targets_locked (6 assertions)
  ok   test_hud_and_inventory.gd::test_a_full_inventory_chest_refuses_with_a_visible_reason (4 assertions)
[art] vallée peinte : 4470 surfaces
[monde] lieux habités : 8 chemins, 14 objets de vie
  ok   test_hud_and_inventory.gd::test_the_valley_has_its_four_chests_with_unique_ids (4 assertions)
  ok   test_hud_and_inventory.gd::test_the_telegraph_is_visible_on_the_raider_body (4 assertions)
  ok   test_hud_and_inventory.gd::test_the_player_weapon_is_visible_and_matches_the_equipment (3 assertions)
  ok   test_ingredients.gd::test_stacks_are_bounded_and_consumption_is_all_or_nothing (10 assertions)
  ok   test_ingredients.gd::test_harvest_is_atomic_and_refusal_leaves_the_item_on_the_ground (7 assertions)
[art] vallée peinte : 4469 surfaces
[monde] lieux habités : 8 chemins, 14 objets de vie
  ok   test_ingredients.gd::test_the_valley_offers_the_seven_ingredient_families (23 assertions)
[art] vallée peinte : 4469 surfaces
[monde] lieux habités : 8 chemins, 14 objets de vie
[art] vallée peinte : 4470 surfaces
[monde] lieux habités : 8 chemins, 14 objets de vie
  ok   test_ingredients.gd::test_harvested_ingredients_survive_a_reload_and_never_respawn (4 assertions)
[art] vallée peinte : 4469 surfaces
[monde] lieux habités : 8 chemins, 14 objets de vie
  ok   test_interact_is_never_silent.gd::test_pressing_the_key_with_nothing_in_reach_still_answers (4 assertions)
[art] vallée peinte : 4469 surfaces
[monde] lieux habités : 8 chemins, 14 objets de vie
  ok   test_interact_is_never_silent.gd::test_hammering_the_key_does_not_flood_the_screen (3 assertions)
[art] vallée peinte : 4469 surfaces
[monde] lieux habités : 8 chemins, 14 objets de vie
  ok   test_interact_is_never_silent.gd::test_every_ingredient_can_be_reached_by_a_standing_player (2 assertions)
[art] vallée peinte : 4469 surfaces
[monde] lieux habités : 8 chemins, 14 objets de vie
  ok   test_interact_is_never_silent.gd::test_the_first_ingredients_can_actually_be_reached (1 assertions)
[art] vallée peinte : 4469 surfaces
[monde] lieux habités : 8 chemins, 14 objets de vie
  ok   test_interaction_reachable.gd::test_the_player_standing_at_the_campfire_sees_the_prompt (2 assertions)
[art] vallée peinte : 4469 surfaces
[monde] lieux habités : 8 chemins, 14 objets de vie
  ok   test_interaction_reachable.gd::test_pressing_the_key_at_the_campfire_opens_the_workshop (3 assertions)
[art] vallée peinte : 4469 surfaces
[monde] lieux habités : 8 chemins, 14 objets de vie
  ok   test_interaction_reachable.gd::test_the_player_standing_at_a_chest_sees_the_prompt (2 assertions)
  ok   test_kit_scale.gd::test_every_oversized_kit_asset_has_a_measured_correction (23 assertions)
[art] vallée peinte : 4469 surfaces
[monde] lieux habités : 8 chemins, 14 objets de vie
  ok   test_kit_scale.gd::test_no_planted_foliage_towers_over_the_hero (2 assertions)
  ok   test_meals_and_buffs.gd::test_the_quick_meal_heals_buffs_and_is_consumed_once (7 assertions)
  ok   test_meals_and_buffs.gd::test_the_multipliers_propagate_by_signal_and_fall_back_on_expiry (10 assertions)
[art] vallée peinte : 4469 surfaces
[monde] lieux habités : 8 chemins, 14 objets de vie
[art] vallée peinte : 4470 surfaces
[monde] lieux habités : 8 chemins, 14 objets de vie
  ok   test_meals_and_buffs.gd::test_meals_and_remaining_buff_survive_a_reload (8 assertions)
[art] vallée peinte : 4469 surfaces
[monde] lieux habités : 8 chemins, 14 objets de vie
[art] vallée peinte : 4470 surfaces
[monde] lieux habités : 8 chemins, 14 objets de vie
  ok   test_meals_and_buffs.gd::test_an_expired_buff_never_resurrects_after_a_reload (3 assertions)
[art] vallée peinte : 4469 surfaces
[monde] lieux habités : 8 chemins, 14 objets de vie
  ok   test_mesas_wear_talus.gd::test_the_two_mesas_wear_overlapping_talus_below_their_rims (28 assertions)
[art] vallée peinte : 4469 surfaces
[monde] lieux habités : 8 chemins, 14 objets de vie
  ok   test_mesas_wear_talus.gd::test_the_talus_faces_carry_strata_and_uneven_rows (14 assertions)
[art] vallée peinte : 4469 surfaces
[monde] lieux habités : 8 chemins, 14 objets de vie
  ok   test_mesas_wear_talus.gd::test_the_climbing_wall_stays_bare_of_talus (3 assertions)
  ok   test_mount_and_dev_fly.gd::test_a_frozen_hero_stops_moving_and_can_always_be_released (5 assertions)
  ok   test_mount_and_dev_fly.gd::test_dying_always_returns_control (2 assertions)
  ok   test_mount_and_dev_fly.gd::test_mounting_freezes_the_rider_and_seats_him (5 assertions)
  ok   test_mount_and_dev_fly.gd::test_a_ridden_mount_outruns_the_hero_on_foot (3 assertions)
  ok   test_mount_and_dev_fly.gd::test_dismount_refuses_rather_than_dropping_the_rider_in_rock (5 assertions)
  ok   test_mount_and_dev_fly.gd::test_dismount_puts_the_rider_back_on_solid_ground (5 assertions)
  ok   test_mount_and_dev_fly.gd::test_a_riderless_mount_does_not_wander (1 assertions)
  ok   test_mount_and_dev_fly.gd::test_dev_fly_is_refused_in_an_exported_build (1 assertions)
  ok   test_mount_and_dev_fly.gd::test_entering_flight_freezes_the_hero_and_takes_the_camera (6 assertions)
  ok   test_mount_and_dev_fly.gd::test_leaving_flight_drops_the_hero_on_valid_ground_only (5 assertions)
  ok   test_mount_and_dev_fly.gd::test_leaving_flight_over_the_void_leaves_the_hero_where_he_was (3 assertions)
[art] vallée peinte : 4469 surfaces
[monde] lieux habités : 8 chemins, 14 objets de vie
  ok   test_mount_and_dev_fly.gd::test_the_valley_itself_carries_the_mount_and_the_fly_mode (5 assertions)
  ok   test_mouse_camera.gd::test_mouse_pixels_become_radians_through_the_real_path (3 assertions)
  ok   test_mouse_camera.gd::test_the_same_mouse_distance_rotates_the_same_at_any_frame_pacing (2 assertions)
  ok   test_mouse_camera.gd::test_the_yaw_turns_a_full_360_without_any_clamp (2 assertions)
  ok   test_mouse_camera.gd::test_the_stick_channel_still_scales_with_delta (2 assertions)
[art] vallée peinte : 4469 surfaces
[monde] lieux habités : 8 chemins, 14 objets de vie
  ok   test_mouse_camera.gd::test_pause_freezes_the_world_and_resume_restores_control (8 assertions)
  ok   test_mouse_camera.gd::test_sensitivity_setting_persists_and_reaches_the_reader (6 assertions)
  ok   test_mouse_camera.gd::test_a_corrupt_settings_file_falls_back_within_bounds (14 assertions)
[art] vallée peinte : 4469 surfaces
[monde] lieux habités : 8 chemins, 14 objets de vie
  ok   test_nature_biome.gd::test_the_forest_mounts_real_trees_on_the_same_trunk_collisions (28 assertions)
[art] vallée peinte : 4469 surfaces
[monde] lieux habités : 8 chemins, 14 objets de vie
  ok   test_nature_biome.gd::test_the_nature_phrases_are_grouped_not_uniform (16 assertions)
[art] vallée peinte : 4469 surfaces
[monde] lieux habités : 8 chemins, 14 objets de vie
  ok   test_opening_dressing_rests_on_ground.gd::test_the_opening_dressing_is_neither_buried_nor_floating (4 assertions)
[art] vallée peinte : 4469 surfaces
[monde] lieux habités : 8 chemins, 14 objets de vie
  ok   test_paths_belong_to_the_ground.gd::test_no_path_piece_is_a_long_uniform_band (186 assertions)
[art] vallée peinte : 4469 surfaces
[monde] lieux habités : 8 chemins, 14 objets de vie
  ok   test_paths_belong_to_the_ground.gd::test_every_path_piece_hugs_the_real_ground_under_it (1 assertions)
[art] vallée peinte : 4469 surfaces
[monde] lieux habités : 8 chemins, 14 objets de vie
  ok   test_paths_belong_to_the_ground.gd::test_the_path_has_shoulders_and_stones_of_its_own (120 assertions)
[art] vallée peinte : 4469 surfaces
[monde] lieux habités : 8 chemins, 14 objets de vie
[art] vallée peinte : 4470 surfaces
[monde] lieux habités : 8 chemins, 14 objets de vie
  ok   test_phase_e_chain.gd::test_the_full_chain_survives_a_reload (15 assertions)
  ok   test_phase_e_chain.gd::test_a_pre_cooking_save_migrates_without_inventing_anything (10 assertions)
[art] vallée peinte : 4469 surfaces
[monde] lieux habités : 8 chemins, 14 objets de vie
  ok   test_phase_h_silhouettes.gd::test_silhouettes_montagnes_nuage_et_citadelle (12 assertions)
[art] vallée peinte : 4469 surfaces
[monde] lieux habités : 8 chemins, 14 objets de vie
  ok   test_phase_h_silhouettes.gd::test_h2_jupes_de_mur_sol_macro_et_colonne_d_eclair (16 assertions)
[art] vallée peinte : 4469 surfaces
[monde] lieux habités : 8 chemins, 14 objets de vie
  ok   test_phase_h_silhouettes.gd::test_h3_la_crete_descend_en_pente_pas_en_falaise (2 assertions)
[art] vallée peinte : 4469 surfaces
[monde] lieux habités : 8 chemins, 14 objets de vie
  ok   test_phase_h_silhouettes.gd::test_h4_le_fond_nord_laisse_le_ciel_et_la_pente_fleurit (9 assertions)
[art] vallée peinte : 4469 surfaces
[monde] lieux habités : 8 chemins, 14 objets de vie
  ok   test_phase_h_silhouettes.gd::test_h5_le_contrebas_se_creuse (4 assertions)
[art] vallée peinte : 4469 surfaces
[monde] lieux habités : 8 chemins, 14 objets de vie
  ok   test_phase_h_silhouettes.gd::test_h6_la_citadelle_parle_le_langage_de_resonance (8 assertions)
[art] vallée peinte : 4469 surfaces
[monde] lieux habités : 8 chemins, 14 objets de vie
  ok   test_phase_h_silhouettes.gd::test_h7_les_grandes_faces_ont_une_matiere_et_les_fleurs_sont_rondes (8 assertions)
  ok   test_phase_h_silhouettes.gd::test_les_feuilles_torsadees_sont_olive (10 assertions)
[art] vallée peinte : 4469 surfaces
[monde] lieux habités : 8 chemins, 14 objets de vie
  ok   test_plains_carry_flanking_relief.gd::test_the_plains_carry_walkable_convex_mounds (67 assertions)
[art] vallée peinte : 4469 surfaces
[monde] lieux habités : 8 chemins, 14 objets de vie
  ok   test_plains_carry_flanking_relief.gd::test_the_mounds_flank_but_never_carry_the_walked_line (2 assertions)
[art] vallée peinte : 4469 surfaces
[monde] lieux habités : 8 chemins, 14 objets de vie
  ok   test_plains_carry_flanking_relief.gd::test_the_mounds_bury_no_gameplay_node (2 assertions)
[art] vallée peinte : 4469 surfaces
[monde] lieux habités : 8 chemins, 14 objets de vie
  ok   test_reward_anchors.gd::test_every_place_carries_exactly_one_anchor (37 assertions)
[art] vallée peinte : 4469 surfaces
[monde] lieux habités : 8 chemins, 14 objets de vie
  ok   test_reward_anchors.gd::test_a_body_reaches_every_reward_and_leaves_again (2 assertions)
[art] vallée peinte : 4469 surfaces
[monde] lieux habités : 8 chemins, 14 objets de vie
[récompenses] 8 lieu(x) dont la condition d'ouverture reste à faire
  ok   test_reward_anchors.gd::test_the_rewards_are_varied_and_none_is_missing (5 assertions)
[art] vallée peinte : 4469 surfaces
[monde] lieux habités : 8 chemins, 14 objets de vie
  ok   test_reward_anchors.gd::test_reward_identifiers_are_unique_across_the_whole_valley (2 assertions)
[art] vallée peinte : 4469 surfaces
[monde] lieux habités : 8 chemins, 14 objets de vie
  ok   test_reward_anchors.gd::test_ground_weapons_are_real_pickups (10 assertions)
[art] vallée peinte : 4469 surfaces
[monde] lieux habités : 8 chemins, 14 objets de vie
  ok   test_reward_anchors.gd::test_a_taken_reward_never_pays_twice (5 assertions)
[art] vallée peinte : 4469 surfaces
[monde] lieux habités : 8 chemins, 14 objets de vie
  ok   test_reward_anchors.gd::test_story_fragments_are_read_once (5 assertions)
[art] vallée peinte : 4469 surfaces
[monde] lieux habités : 8 chemins, 14 objets de vie
[art] vallée peinte : 4474 surfaces
[monde] lieux habités : 8 chemins, 14 objets de vie
  ok   test_reward_anchors.gd::test_rewards_survive_a_real_save_and_reload (7 assertions)
[art] vallée peinte : 4469 surfaces
[monde] lieux habités : 8 chemins, 14 objets de vie
  ok   test_river_stones_reach_the_bed.gd::test_river_stones_rest_on_the_bed_and_emerge (5 assertions)
  ok   test_river_stones_reach_the_bed.gd::test_no_flat_slab_can_ever_satisfy_the_rule (3 assertions)
  ok   test_riverside_village.gd::test_the_village_is_built_from_the_promoted_kit (7 assertions)
  ok   test_riverside_village.gd::test_the_village_declares_itself_to_the_discovery_log (3 assertions)
  ok   test_riverside_village.gd::test_the_inn_has_a_real_interior_you_can_stand_in (5 assertions)
  ok   test_riverside_village.gd::test_the_village_square_is_reachable_from_the_plain (1 assertions)
[art] vallée peinte : 4469 surfaces
[monde] lieux habités : 8 chemins, 14 objets de vie
  ok   test_riverside_village.gd::test_the_village_stands_in_the_playable_valley (4 assertions)
[art] vallée peinte : 4469 surfaces
[monde] lieux habités : 8 chemins, 14 objets de vie
  ok   test_riverside_village.gd::test_the_whole_open_world_is_declared_in_the_playable_valley (13 assertions)
[art] vallée peinte : 4469 surfaces
[monde] lieux habités : 8 chemins, 14 objets de vie
  ok   test_riverside_village.gd::test_the_places_hand_out_real_rewards (24 assertions)
[art] vallée peinte : 4469 surfaces
[monde] lieux habités : 8 chemins, 14 objets de vie
  ok   test_roofs_are_supported.gd::test_village_and_farm_roofs_actually_cover_their_walls (16 assertions)
[art] vallée peinte : 4469 surfaces
[monde] lieux habités : 8 chemins, 14 objets de vie
[art] vallée peinte : 4470 surfaces
[monde] lieux habités : 8 chemins, 14 objets de vie
  ok   test_save_continuity.gd::test_chest_and_inventory_survive_a_reload_without_loot_duplication (9 assertions)
[art] vallée peinte : 4469 surfaces
[monde] lieux habités : 8 chemins, 14 objets de vie
[art] vallée peinte : 4470 surfaces
[monde] lieux habités : 8 chemins, 14 objets de vie
  ok   test_save_continuity.gd::test_a_taken_pickup_never_respawns_after_reload (6 assertions)
[art] vallée peinte : 4469 surfaces
[monde] lieux habités : 8 chemins, 14 objets de vie
  ok   test_save_continuity.gd::test_a_fresh_new_game_save_applies_nothing (5 assertions)
[art] vallée peinte : 4469 surfaces
[monde] lieux habités : 8 chemins, 14 objets de vie
  ok   test_save_merge_and_vitals.gd::test_the_valley_autosave_preserves_the_boss_victory (2 assertions)
[art] vallée peinte : 4469 surfaces
[monde] lieux habités : 8 chemins, 14 objets de vie
  ok   test_save_merge_and_vitals.gd::test_health_and_stamina_survive_a_reload (3 assertions)
[art] vallée peinte : 4469 surfaces
[monde] lieux habités : 8 chemins, 14 objets de vie
WARNING: [save] santé sauvegardée invalide (-5.0) — pleine vie
     at: push_warning (core/variant/variant_utility.cpp:1033)
     GDScript backtrace (most recent call first):
         [0] _restore_player_vitals (res://scripts/world/valley_world.gd:1098)
         [1] _apply_save (res://scripts/world/valley_world.gd:1081)
         [2] test_corrupt_vitals_fall_back_to_full_health_without_crashing (res://tests/integration/test_save_merge_and_vitals.gd:138)
         [3] _load_valley (res://tests/integration/test_save_merge_and_vitals.gd:45)
         [4] _settle (res://tests/integration/test_save_merge_and_vitals.gd:24)
  ok   test_save_merge_and_vitals.gd::test_corrupt_vitals_fall_back_to_full_health_without_crashing (2 assertions)
[art] vallée peinte : 4469 surfaces
[monde] lieux habités : 8 chemins, 14 objets de vie
[art] vallée peinte : 4470 surfaces
[monde] lieux habités : 8 chemins, 14 objets de vie
  ok   test_save_player_position.gd::test_reload_restores_player_position_and_yaw (4 assertions)
WARNING: [save] position sauvegardée invalide ({ "x": 5000.0, "y": 6.0, "z": 0.0 }) — reprise au point d'apparition (§19.4).
     at: push_warning (core/variant/variant_utility.cpp:1033)
     GDScript backtrace (most recent call first):
         [0] _restore_player_transform (res://scripts/world/valley_world.gd:1120)
         [1] _apply_save (res://scripts/world/valley_world.gd:1080)
         [2] _ready (res://scripts/world/valley_world.gd:125)
         [3] _load_valley (res://tests/integration/test_save_player_position.gd:45)
         [4] test_invalid_saved_positions_fall_back_to_spawn (res://tests/integration/test_save_player_position.gd:121)
         [5] _run_script (res://tools/godot/test_runner.gd:297)
         [6] _root_delta (res://tools/godot/test_runner.gd:390)
[art] vallée peinte : 4469 surfaces
[monde] lieux habités : 8 chemins, 14 objets de vie
WARNING: [save] position sauvegardée invalide ({ "x": 0.0, "y": -40.0, "z": 0.0 }) — reprise au point d'apparition (§19.4).
     at: push_warning (core/variant/variant_utility.cpp:1033)
     GDScript backtrace (most recent call first):
         [0] _restore_player_transform (res://scripts/world/valley_world.gd:1120)
         [1] _apply_save (res://scripts/world/valley_world.gd:1080)
         [2] _ready (res://scripts/world/valley_world.gd:125)
         [3] _load_valley (res://tests/integration/test_save_player_position.gd:45)
         [4] test_invalid_saved_positions_fall_back_to_spawn (res://tests/integration/test_save_player_position.gd:121)
         [5] _cleanup (res://tests/integration/test_save_player_position.gd:57)
         [6] _settle (res://tests/integration/test_save_player_position.gd:26)
[art] vallée peinte : 4469 surfaces
[monde] lieux habités : 8 chemins, 14 objets de vie
WARNING: [save] position sauvegardée invalide (corrompu) — reprise au point d'apparition (§19.4).
     at: push_warning (core/variant/variant_utility.cpp:1033)
     GDScript backtrace (most recent call first):
         [0] _restore_player_transform (res://scripts/world/valley_world.gd:1120)
         [1] _apply_save (res://scripts/world/valley_world.gd:1080)
         [2] _ready (res://scripts/world/valley_world.gd:125)
         [3] _load_valley (res://tests/integration/test_save_player_position.gd:45)
         [4] test_invalid_saved_positions_fall_back_to_spawn (res://tests/integration/test_save_player_position.gd:121)
         [5] _cleanup (res://tests/integration/test_save_player_position.gd:57)
         [6] _settle (res://tests/integration/test_save_player_position.gd:26)
[art] vallée peinte : 4469 surfaces
[monde] lieux habités : 8 chemins, 14 objets de vie
  ok   test_save_player_position.gd::test_invalid_saved_positions_fall_back_to_spawn (3 assertions)
[art] vallée peinte : 4470 surfaces
[monde] lieux habités : 8 chemins, 14 objets de vie
  ok   test_save_player_position.gd::test_legacy_save_without_position_still_loads_at_spawn (4 assertions)
[art] vallée peinte : 4469 surfaces
[monde] lieux habités : 8 chemins, 14 objets de vie
  ok   test_shell_binding.gd::test_each_shell_binds_the_player_of_its_own_scene (3 assertions)
[art] vallée peinte : 4469 surfaces
[monde] lieux habités : 8 chemins, 14 objets de vie
  ok   test_shell_binding.gd::test_the_death_panel_follows_the_player_that_actually_dies (3 assertions)
[art] vallée peinte : 4469 surfaces
[monde] lieux habités : 8 chemins, 14 objets de vie
  ok   test_storm_cloud_hangs_above_the_spire.gd::test_the_cloud_belly_stays_above_the_spire (2 assertions)
[art] vallée peinte : 4469 surfaces
[monde] lieux habités : 8 chemins, 14 objets de vie
  ok   test_storm_cloud_hangs_above_the_spire.gd::test_the_cloud_is_granular_not_three_giant_arcs (34 assertions)
[art] vallée peinte : 4469 surfaces
[monde] lieux habités : 8 chemins, 14 objets de vie
  ok   test_storm_cloud_hangs_above_the_spire.gd::test_the_sun_side_carries_warm_rim_lumps (2 assertions)
[art] vallée peinte : 4469 surfaces
[monde] lieux habités : 8 chemins, 14 objets de vie
  ok   test_valley_atmosphere.gd::test_the_storm_is_local_to_the_citadel_and_spares_the_crest (5 assertions)
[art] vallée peinte : 4469 surfaces
[monde] lieux habités : 8 chemins, 14 objets de vie
  ok   test_valley_atmosphere.gd::test_the_lightning_actually_strikes_then_rests (9 assertions)
[art] vallée peinte : 4469 surfaces
[monde] lieux habités : 8 chemins, 14 objets de vie
  ok   test_valley_atmosphere.gd::test_light_and_fog_serve_depth_without_drowning_the_valley (8 assertions)
[art] vallée peinte : 4469 surfaces
[monde] lieux habités : 8 chemins, 14 objets de vie
  ok   test_valley_dressing.gd::test_the_river_ribbon_snakes_inside_the_bed_without_collision (140 assertions)
[art] vallée peinte : 4469 surfaces
[monde] lieux habités : 8 chemins, 14 objets de vie
  ok   test_valley_dressing.gd::test_the_crest_meadow_is_partitioned_and_sits_on_the_ridge (26 assertions)
[art] vallée peinte : 4469 surfaces
[monde] lieux habités : 8 chemins, 14 objets de vie
  ok   test_valley_dressing.gd::test_the_meadow_reaches_the_density_the_bible_asks_for (7 assertions)
[art] vallée peinte : 4469 surfaces
[monde] lieux habités : 8 chemins, 14 objets de vie
  ok   test_valley_dressing.gd::test_paths_guide_both_routes_as_pure_visuals (171 assertions)
[art] vallée peinte : 4469 surfaces
[monde] lieux habités : 8 chemins, 14 objets de vie
  ok   test_valley_dressing.gd::test_the_camp_reads_as_inhabited_with_tents_and_fire (6 assertions)
[art] vallée peinte : 4469 surfaces
[monde] lieux habités : 8 chemins, 14 objets de vie
  ok   test_valley_dressing.gd::test_the_pylon_is_dressed_and_its_runes_glow (4 assertions)
[art] vallée peinte : 4469 surfaces
[monde] lieux habités : 8 chemins, 14 objets de vie
  ok   test_valley_dressing.gd::test_the_citadel_gate_is_monumental_and_still_enterable (12 assertions)
[art] vallée peinte : 4469 surfaces
[monde] lieux habités : 8 chemins, 14 objets de vie
  ok   test_valley_dressing.gd::test_the_citadel_mass_has_its_own_darker_stone (6 assertions)
  ok   test_valley_dressing.gd::test_the_vestibule_is_deep_and_warmly_lit (10 assertions)
[art] vallée peinte : 4469 surfaces
[monde] lieux habités : 8 chemins, 14 objets de vie
  ok   test_valley_dressing.gd::test_the_mountain_dressing_adds_depth_and_buttresses_really_block (12 assertions)
  ok   test_valley_painterly.gd::test_the_recipe_lives_in_one_place (4 assertions)
[art] vallée peinte : 4469 surfaces
[monde] lieux habités : 8 chemins, 14 objets de vie
  ok   test_valley_painterly.gd::test_the_valley_wears_the_recipe (2 assertions)
[art] vallée peinte : 4469 surfaces
[monde] lieux habités : 8 chemins, 14 objets de vie
  ok   test_valley_painterly.gd::test_the_electric_telegraphs_are_never_repainted (4 assertions)
[art] vallée peinte : 4469 surfaces
[monde] lieux habités : 8 chemins, 14 objets de vie
  ok   test_valley_painterly.gd::test_the_valley_still_runs_its_own_contracts (3 assertions)
[art] vallée peinte : 4469 surfaces
[monde] lieux habités : 8 chemins, 14 objets de vie
  ok   test_valley_world.gd::test_the_valley_loads_with_player_camp_and_flow (8 assertions)
  ok   test_valley_world.gd::test_a_weapon_on_the_ground_enters_the_inventory (3 assertions)
  ok   test_valley_world.gd::test_a_full_inventory_leaves_the_weapon_on_the_ground (3 assertions)
  ok   test_valley_world.gd::test_the_chest_gives_its_loot_exactly_once (6 assertions)
  ok   test_valley_world.gd::test_the_menu_reaches_world_v2 (4 assertions)
[art] vallée peinte : 4469 surfaces
[monde] lieux habités : 8 chemins, 14 objets de vie
  ok   test_valley_world.gd::test_the_spawn_ridge_holds_the_player_and_shows_the_landmarks (13 assertions)
[art] vallée peinte : 4469 surfaces
[monde] lieux habités : 8 chemins, 14 objets de vie
  ok   test_valley_world.gd::test_the_route_from_ridge_to_north_plain_is_walkable (4 assertions)
[art] vallée peinte : 4469 surfaces
[monde] lieux habités : 8 chemins, 14 objets de vie
  ok   test_valley_world.gd::test_a_fall_out_of_the_world_is_rescued_to_spawn (2 assertions)
[art] vallée peinte : 4469 surfaces
[monde] lieux habités : 8 chemins, 14 objets de vie
  ok   test_valley_world.gd::test_a_raider_navigates_out_of_a_dead_end_to_reach_the_player (2 assertions)
[art] vallée peinte : 4469 surfaces
[monde] lieux habités : 8 chemins, 14 objets de vie
  ok   test_world_bounds_and_death.gd::test_the_mountain_ring_is_continuous_and_unclimbable (1 assertions)
[art] vallée peinte : 4469 surfaces
[monde] lieux habités : 8 chemins, 14 objets de vie
  ok   test_world_bounds_and_death.gd::test_a_fall_is_rescued_early_to_the_last_safe_point (3 assertions)
[art] vallée peinte : 4469 surfaces
[monde] lieux habités : 8 chemins, 14 objets de vie
  ok   test_world_bounds_and_death.gd::test_death_offers_retry_toward_the_checkpoint_world (4 assertions)
[art] vallée peinte : 4469 surfaces
[monde] lieux habités : 8 chemins, 14 objets de vie
  ok   test_world_bounds_and_death.gd::test_the_death_panel_is_modal_no_pause_inventory_or_mouse_grab (6 assertions)
[art] vallée peinte : 4469 surfaces
[monde] lieux habités : 8 chemins, 14 objets de vie
  ok   test_world_bounds_and_death.gd::test_the_citadel_door_leads_to_the_vestibule (4 assertions)
[art] vallée peinte : 4469 surfaces
[monde] lieux habités : 8 chemins, 14 objets de vie
  ok   test_world_bounds_and_death.gd::test_the_vestibule_is_explorable_and_its_exit_returns_before_the_door (7 assertions)
[art] vallée peinte : 4469 surfaces
[monde] lieux habités : 8 chemins, 14 objets de vie
  ok   test_world_dressing.gd::test_the_three_zones_mount_their_compositions (16 assertions)
[art] vallée peinte : 4469 surfaces
[monde] lieux habités : 8 chemins, 14 objets de vie
  ok   test_world_dressing.gd::test_the_vista_corridor_stays_clear_of_tall_silhouettes (30 assertions)
[art] vallée peinte : 4469 surfaces
[monde] lieux habités : 8 chemins, 14 objets de vie
  ok   test_world_dressing.gd::test_the_graybox_materials_are_shared_by_key (4 assertions)
[art] vallée peinte : 4469 surfaces
[monde] lieux habités : 8 chemins, 14 objets de vie
  ok   test_world_dressing.gd::test_the_secondary_structures_are_penetrable_with_rewards (48 assertions)
erreurs de script dans le journal : 0

=== RÉSULTAT: 177 réussi(s), 0 échoué(s) ===
