Godot Engine v4.7.1.stable.custom_build.a13da4feb (2026-07-13 21:00:28 UTC) - https://godotengine.org

=== TEST RUNNER — Godot 4.7.1-stable (custom_build) ===
filtre: test_valley_dressing.gd
[art] vallée peinte : 4470 surfaces
[monde] lieux habités : 8 chemins, 14 objets de vie
  ok   test_valley_dressing.gd::test_the_river_ribbon_snakes_inside_the_bed_without_collision (140 assertions)
[art] vallée peinte : 4470 surfaces
[monde] lieux habités : 8 chemins, 14 objets de vie
  ok   test_valley_dressing.gd::test_the_crest_meadow_is_partitioned_and_sits_on_the_ridge (26 assertions)
[art] vallée peinte : 4470 surfaces
[monde] lieux habités : 8 chemins, 14 objets de vie
  ok   test_valley_dressing.gd::test_the_meadow_reaches_the_density_the_bible_asks_for (7 assertions)
[art] vallée peinte : 4470 surfaces
[monde] lieux habités : 8 chemins, 14 objets de vie
  ok   test_valley_dressing.gd::test_paths_guide_both_routes_as_pure_visuals (171 assertions)
[art] vallée peinte : 4470 surfaces
[monde] lieux habités : 8 chemins, 14 objets de vie
  ok   test_valley_dressing.gd::test_the_camp_reads_as_inhabited_with_tents_and_fire (6 assertions)
[art] vallée peinte : 4470 surfaces
[monde] lieux habités : 8 chemins, 14 objets de vie
  ok   test_valley_dressing.gd::test_the_pylon_is_dressed_and_its_runes_glow (4 assertions)
[art] vallée peinte : 4470 surfaces
[monde] lieux habités : 8 chemins, 14 objets de vie
  ok   test_valley_dressing.gd::test_the_citadel_gate_is_monumental_and_still_enterable (12 assertions)
[art] vallée peinte : 4470 surfaces
[monde] lieux habités : 8 chemins, 14 objets de vie
  ok   test_valley_dressing.gd::test_the_citadel_mass_has_its_own_darker_stone (6 assertions)
  ok   test_valley_dressing.gd::test_the_vestibule_is_deep_and_warmly_lit (10 assertions)
[art] vallée peinte : 4470 surfaces
[monde] lieux habités : 8 chemins, 14 objets de vie
  ok   test_valley_dressing.gd::test_the_mountain_dressing_adds_depth_and_buttresses_really_block (12 assertions)
erreurs de script dans le journal : 0

=== RÉSULTAT: 10 réussi(s), 0 échoué(s) ===
