Godot Engine v4.7.1.stable.custom_build.a13da4feb (2026-07-13 21:00:28 UTC) - https://godotengine.org

=== SONDE ISS-059 — mode=scenes limite=71 garder=false ===
[boot] Godot            : 4.7.1-stable (custom_build)
[boot] renderer         : forward_plus
[boot] physique 3D      : Jolt Physics
[boot] tick physique    : 60 Hz
[boot] pilote de rendu  : headless
[boot] autoloads        : GameState, EventBus, SaveSystem, AudioManager, SceneFlow
[boot] flux             : BOOT
[boot] fondation vérifiée — Phase A.
[boot] transition vers le menu principal.
WARNING: [pickup] arme au sol sans définition — inerte.
     at: push_warning (core/variant/variant_utility.cpp:1033)
     GDScript backtrace (most recent call first):
         [0] _ready (res://scripts/interaction/weapon_pickup.gd:24)
         [1] _initialize (res://tools/godot/probe_iss059_charge.gd:59)
[galerie] Nature page 0 : 12/44 modèles
[combat_lab] clic gauche : attaque. Échap : souris. §10.8 — instrumentation partielle, complétée au fil de la Phase C.
ERROR: Not supported by this display server.
   at: keyboard_get_keycode_from_physical (servers/display/display_server.cpp:1224)
   GDScript backtrace (most recent call first):
       [0] _report_layout (res://scripts/tools/input_audit.gd:80)
       [1] _ready (res://scripts/tools/input_audit.gd:58)
       [2] _initialize (res://tools/godot/probe_iss059_charge.gd:59)
[art] vallée peinte : 4470 surfaces
[ancrage] aucun --place= : premier ancrage (valley.poi.riverside_village.01)
[ancrage] valley.poi.riverside_village.01 — caméra en (-67.200005, 3.550000, 40.000000), cible (-70.000000, 2.000000, 40.000000)
[monde] lieux habités : 8 chemins, 14 objets de vie
[playground] Échap : rendre/reprendre la souris. Protocole : docs/MANUAL_VALIDATION.md, section Gate B.
[art] vallée peinte : 4470 surfaces
[monde] lieux habités : 8 chemins, 14 objets de vie
chemins=71 chargés=71 échecs=0 gardés=0 montés=71
objets vivants avant sortie : 2162
=== SONDE TERMINÉE ===
WARNING: 2 ObjectDB instances were leaked at exit (run with `--verbose` for details).
   at: cleanup (core/object/object.cpp:2536)
ERROR: 1 resources still in use at exit (run with --verbose for details).
   at: clear (core/io/resource.cpp:822)
