=== INSPECTION glTF : assets/architecture/farm/SM_Farm_Ruins.glb ===
  format                 : GLB v2, 85808 octets
  chunk_binaire          : 70776 octets
  generateur             : Khronos glTF Blender I/O v4.0.44
  version_gltf           : 2.0
  meshes                 : 12
  materiaux              : 4 (MAT_Farm_Wood, MAT_Farm_BrokenWood, MAT_Farm_Tiles, MAT_Farm_Stone)
  textures               : 0 image(s), 0 texture(s)
  noeuds                 : 12 (SM_Farm_Truss, SM_Farm_RoofPan_Intact, SM_Farm_RoofPan_Fallen, SM_Farm_Debris_A, SM_Farm_Debris_B, SM_Farm_GableBreak, SM_Farm_WallStub_East, SM_Farm_Rubble_Wall)
  skins                  : 0
  animations             : 0 (aucune)
  triangles              : 1336
  bbox_min               : [-3.2074, 0, -3.4]
  bbox_max               : [3.55, 2.882, 3.4]
  dimensions_m           : [6.7574, 2.882, 6.8]
  [AVERT] mesh 'SM_Farm_Truss': pas d'UV0 — lightmap et matériaux limités
  [AVERT] mesh 'SM_Farm_Truss': pas d'UV0 — lightmap et matériaux limités
  [AVERT] mesh 'SM_Farm_RoofPan_Intact': pas d'UV0 — lightmap et matériaux limités
  [AVERT] mesh 'SM_Farm_RoofPan_Intact': pas d'UV0 — lightmap et matériaux limités
  [AVERT] mesh 'SM_Farm_RoofPan_Fallen': pas d'UV0 — lightmap et matériaux limités
  [AVERT] mesh 'SM_Farm_RoofPan_Fallen': pas d'UV0 — lightmap et matériaux limités
  [AVERT] mesh 'SM_Farm_Debris_A': pas d'UV0 — lightmap et matériaux limités
  [AVERT] mesh 'SM_Farm_Debris_A': pas d'UV0 — lightmap et matériaux limités
  [AVERT] mesh 'SM_Farm_Debris_A': pas d'UV0 — lightmap et matériaux limités
  [AVERT] mesh 'SM_Farm_Debris_B': pas d'UV0 — lightmap et matériaux limités
  [AVERT] mesh 'SM_Farm_Debris_B': pas d'UV0 — lightmap et matériaux limités
  [AVERT] mesh 'SM_Farm_Debris_B': pas d'UV0 — lightmap et matériaux limités
  [AVERT] mesh 'SM_Farm_GableBreak': pas d'UV0 — lightmap et matériaux limités
  [AVERT] mesh 'SM_Farm_WallStub_East': pas d'UV0 — lightmap et matériaux limités
  [AVERT] mesh 'SM_Farm_Rubble_Wall': pas d'UV0 — lightmap et matériaux limités
  [AVERT] mesh 'SM_Farm_Rubble_Wall': pas d'UV0 — lightmap et matériaux limités
  [AVERT] mesh 'SM_Farm_Rubble_Wall': pas d'UV0 — lightmap et matériaux limités
  [AVERT] mesh 'SM_Farm_Jamb_Door': pas d'UV0 — lightmap et matériaux limités
  [AVERT] mesh 'SM_Farm_Jamb_Breach': pas d'UV0 — lightmap et matériaux limités
  [AVERT] mesh 'SM_Farm_InteriorFrame': pas d'UV0 — lightmap et matériaux limités
  [AVERT] mesh 'SM_Farm_JoistStubs': pas d'UV0 — lightmap et matériaux limités
  [AVERT] mesh 'SM_Farm_JoistStubs': pas d'UV0 — lightmap et matériaux limités
  [AVERT] mesh 'SM_Farm_JoistStubs': pas d'UV0 — lightmap et matériaux limités
=== VALIDE ===
