=== INSPECTION glTF : assets/environment/rocks/SM_OverlookCrags.glb ===
  format                 : GLB v2, 121536 octets
  chunk_binaire          : 117504 octets
  generateur             : Khronos glTF Blender I/O v4.0.44
  version_gltf           : 2.0
  meshes                 : 2
  materiaux              : 2 (MAT_Crag_Slate, MAT_Crag_Fracture)
  textures               : 0 image(s), 0 texture(s)
  noeuds                 : 2 (SM_Overlook_Crest, SM_Overlook_Spur)
  skins                  : 0
  animations             : 0 (aucune)
  triangles              : 1344
  bbox_min               : [-4.0372, 0, -3.4843]
  bbox_max               : [4.0893, 7.1417, 3.1151]
  dimensions_m           : [8.1265, 7.1417, 6.5994]
  [AVERT] mesh 'SM_Overlook_Crest': pas d'UV0 — lightmap et matériaux limités
  [AVERT] mesh 'SM_Overlook_Crest': pas d'UV0 — lightmap et matériaux limités
  [AVERT] mesh 'SM_Overlook_Spur': pas d'UV0 — lightmap et matériaux limités
  [AVERT] mesh 'SM_Overlook_Spur': pas d'UV0 — lightmap et matériaux limités
=== VALIDE ===
mesh SM_Overlook_Crest        attributs ['COLOR_0', 'NORMAL', 'POSITION']
mesh SM_Overlook_Crest        attributs ['COLOR_0', 'NORMAL', 'POSITION']
mesh SM_Overlook_Spur         attributs ['COLOR_0', 'NORMAL', 'POSITION']
mesh SM_Overlook_Spur         attributs ['COLOR_0', 'NORMAL', 'POSITION']
COLOR_0 present sur toutes les primitives
