=== INSPECTION glTF : assets/environment/rocks/SM_SpringMaw.glb ===
  format                 : GLB v2, 583752 octets
  chunk_binaire          : 576576 octets
  generateur             : Khronos glTF Blender I/O v4.0.44
  version_gltf           : 2.0
  meshes                 : 4
  materiaux              : 2 (MAT_Spring_Rock, MAT_Spring_Fracture)
  textures               : 0 image(s), 0 texture(s)
  noeuds                 : 4 (SM_Spring_MawN, SM_Spring_MawS, SM_Spring_Crown, SM_Spring_Rim)
  skins                  : 0
  animations             : 0 (aucune)
  triangles              : 5516
  bbox_min               : [-4.4, -1.1, -5.9162]
  bbox_max               : [5.2475, 4.0615, 7.1548]
  dimensions_m           : [9.6475, 5.1615, 13.071]
  [AVERT] mesh 'SM_Spring_MawN': pas d'UV0 — lightmap et matériaux limités
  [AVERT] mesh 'SM_Spring_MawN': pas d'UV0 — lightmap et matériaux limités
  [AVERT] mesh 'SM_Spring_MawS': pas d'UV0 — lightmap et matériaux limités
  [AVERT] mesh 'SM_Spring_MawS': pas d'UV0 — lightmap et matériaux limités
  [AVERT] mesh 'SM_Spring_Crown': pas d'UV0 — lightmap et matériaux limités
  [AVERT] mesh 'SM_Spring_Crown': pas d'UV0 — lightmap et matériaux limités
  [AVERT] mesh 'SM_Spring_Rim': pas d'UV0 — lightmap et matériaux limités
  [AVERT] mesh 'SM_Spring_Rim': pas d'UV0 — lightmap et matériaux limités
  [AVERT] min Y = -1.1000 (attendu ~0 : bas de l'objet au sol, §7.15)
=== VALIDE ===
mesh SM_Spring_MawN           attributs ['COLOR_0', 'NORMAL', 'POSITION']
mesh SM_Spring_MawN           attributs ['COLOR_0', 'NORMAL', 'POSITION']
mesh SM_Spring_MawS           attributs ['COLOR_0', 'NORMAL', 'POSITION']
mesh SM_Spring_MawS           attributs ['COLOR_0', 'NORMAL', 'POSITION']
mesh SM_Spring_Crown          attributs ['COLOR_0', 'NORMAL', 'POSITION']
mesh SM_Spring_Crown          attributs ['COLOR_0', 'NORMAL', 'POSITION']
mesh SM_Spring_Rim            attributs ['COLOR_0', 'NORMAL', 'POSITION']
mesh SM_Spring_Rim            attributs ['COLOR_0', 'NORMAL', 'POSITION']
COLOR_0 present sur toutes les primitives
