
=== 0. Version du moteur ===
  4.7.1.stable.custom_build.a13da4feb
  [OK]   Godot 4.7.1-stable confirmé

=== 1. Import des ressources (parse/import smoke) ===
  [OK]   import sans parse error (code retour 0)

=== 1b. Parse de TOUS les scripts GDScript ===
  [OK]   26 script(s) GDScript parsés sans erreur

=== 2. Tests unitaires ===
    ok   test_gltf_import.gd::test_static_cube_imports_with_material_and_scale (8 assertions)
    ok   test_gltf_import.gd::test_rig_imports_with_skeleton_and_animation (11 assertions)
    ok   test_gltf_import.gd::test_no_pink_missing_resources (4 assertions)
    ok   test_main_menu.gd::test_menu_scene_loads_and_has_its_buttons (5 assertions)
    ok   test_main_menu.gd::test_focus_cycle_has_no_dead_end (12 assertions)
    ok   test_main_menu.gd::test_disabled_buttons_are_not_focusable (2 assertions)
    ok   test_main_menu.gd::test_continue_is_disabled_without_a_save (2 assertions)
    ok   test_main_menu.gd::test_new_game_creates_a_save_and_enables_continue (3 assertions)
    ok   test_main_menu.gd::test_new_game_asks_confirmation_before_overwriting (3 assertions)
    ok   test_main_menu.gd::test_boot_can_reach_the_main_menu (4 assertions)
    ok   test_main_menu.gd::test_builtin_ui_actions_exist_for_menu_navigation (5 assertions)
    ok   test_main_menu.gd::test_debug_entry_follows_build_type (3 assertions)
    ok   test_main_menu.gd::test_debug_audit_scene_is_reachable_in_development (2 assertions)
    ok   test_physics_simulation.gd::test_jolt_module_is_present_in_the_build (1 assertions)
    ok   test_physics_simulation.gd::test_a_body_actually_falls_and_settles_on_the_floor (7 assertions)
    ok   test_physics_simulation.gd::test_physics_tick_matches_project_setting (2 assertions)
    ok   test_autoloads.gd::test_all_autoloads_are_registered_and_active (10 assertions)
    ok   test_autoloads.gd::test_autoloads_are_present_in_the_tree (5 assertions)
    ok   test_autoloads.gd::test_game_state_flow_transitions_are_idempotent (2 assertions)
    ok   test_autoloads.gd::test_game_state_holds_no_scene_reference (2 assertions)
    ok   test_autoloads.gd::test_event_bus_is_intentionally_empty (2 assertions)
    ok   test_autoloads.gd::test_audio_buses_exist (7 assertions)
    ok   test_autoloads.gd::test_audio_volume_roundtrip_and_clamp (3 assertions)
    ok   test_autoloads.gd::test_scene_flow_owns_its_fade_layer (3 assertions)
    ok   test_autoloads.gd::test_scene_flow_refuses_a_missing_scene (3 assertions)
    ok   test_harness_contract.gd::test_recorder_is_injected_by_runner (2 assertions)
    ok   test_harness_contract.gd::test_recorder_counts_and_records (4 assertions)
    ok   test_harness_contract.gd::test_failures_list_is_a_copy (1 assertions)
    ok   test_harness_contract.gd::test_contract_methods_are_declared (4 assertions)
    ok   test_harness_contract.gd::test_this_case_extends_gate_test_case (1 assertions)
    ok   test_input_audit.gd::test_probe_scene_exists_and_loads (2 assertions)
    ok   test_input_audit.gd::test_probe_watches_every_input_action (20 assertions)
    ok   test_input_audit.gd::test_probe_left_key_matches_the_input_map (1 assertions)
    ok   test_input_audit.gd::test_probe_is_not_reachable_from_the_game (1 assertions)
    ok   test_input_layer_isolation.gd::test_no_gameplay_script_reads_the_keyboard (41 assertions)
    ok   test_input_layer_isolation.gd::test_only_the_reader_queries_the_input_map (21 assertions)
    ÉCHEC test_input_layer_isolation.gd::test_every_action_still_has_a_gamepad_binding — action sans liaison manette : nc_sans_manette — interdit tant que CONTROLLER-001 n'est pas levée
    ok   test_input_layer_isolation.gd::test_intent_carries_no_device_information (7 assertions)
    ok   test_input_layer_isolation.gd::test_intent_consumes_edges_but_keeps_held_states (5 assertions)
    ok   test_input_map.gd::test_all_expected_actions_exist (18 assertions)
    ok   test_input_map.gd::test_no_action_is_empty (18 assertions)
    ok   test_input_map.gd::test_azerty_q_moves_left (1 assertions)
    ok   test_input_map.gd::test_lock_on_never_uses_the_azerty_q_position (3 assertions)
    ok   test_input_map.gd::test_movement_uses_zqsd_positions (3 assertions)
    ok   test_input_map.gd::test_no_physical_key_is_bound_to_two_actions (1 assertions)
    ok   test_input_map.gd::test_core_actions_have_gamepad_bindings (18 assertions)
    ok   test_input_map.gd::test_essential_keys_are_bound (2 assertions)
    ok   test_input_map.gd::test_collision_layers_are_named (14 assertions)
    ok   test_save_system.gd::test_roundtrip_preserves_payload (7 assertions)
    ok   test_save_system.gd::test_previous_save_is_kept_as_backup (4 assertions)
    ok   test_save_system.gd::test_no_temporary_file_survives_a_successful_save (2 assertions)
    ok   test_save_system.gd::test_corrupted_file_is_refused_not_half_applied (2 assertions)
    ok   test_save_system.gd::test_future_schema_is_refused (2 assertions)
    ok   test_save_system.gd::test_missing_slot_reports_failure (2 assertions)
    ok   test_smoke.gd::test_engine_version_is_4_7_1_stable (4 assertions)
    ok   test_smoke.gd::test_physics_engine_is_jolt (1 assertions)
    ok   test_smoke.gd::test_renderer_is_forward_plus (1 assertions)
    ok   test_smoke.gd::test_physics_tick_is_60hz (1 assertions)
    ok   test_smoke.gd::test_metre_scale_convention (2 assertions)
  === RÉSULTAT: 58 réussi(s), 1 échoué(s) ===
    ÉCHEC: test_input_layer_isolation.gd::test_every_action_still_has_a_gamepad_binding — action sans liaison manette : nc_sans_manette — interdit tant que CONTROLLER-001 n'est pas levée
  [ÉCHEC] suite unitaire rouge (code 1, voir evidence/validate_fast/02_unit.log)
  [OK]   aucune erreur signalée dans le journal des tests

=== 3. Scène d'intégration (lancement réel : Boot -> MainMenu) ===
  [OK]   scène principale chargée et quittée proprement
    [boot] Godot            : 4.7.1-stable (custom_build)
    [boot] renderer         : forward_plus
    [boot] physique 3D      : Jolt Physics
    [boot] tick physique    : 60 Hz
    [boot] pilote de rendu  : headless
    [boot] autoloads        : GameState, EventBus, SaveSystem, AudioManager, SceneFlow
    [boot] flux             : BOOT
    [boot] fondation vérifiée — Phase A.
    [boot] transition vers le menu principal.
  [OK]   Boot atteint le menu principal

=== 4. Plancher de couverture ===
  [OK]   58 test(s) exécuté(s), plancher 54 respecté

=== VALIDATE_FAST : ROUGE ===
logs: evidence/validate_fast
RC=1
