
=== 0. Version du moteur ===
  4.7.1.stable.custom_build.a13da4feb
  [OK]   Godot 4.7.1-stable confirmé

=== 1. Import des ressources (parse/import smoke) ===
  [OK]   import sans parse error (code retour 0)

=== 1b. Parse de TOUS les scripts GDScript ===
  [OK]   9 script(s) GDScript parsés sans erreur

=== 2. Tests unitaires ===
    ok   test_gltf_import.gd::test_static_cube_imports_with_material_and_scale (8 assertions)
    ok   test_gltf_import.gd::test_rig_imports_with_skeleton_and_animation (11 assertions)
    ok   test_gltf_import.gd::test_no_pink_missing_resources (4 assertions)
    ok   test_harness_contract.gd::test_recorder_is_injected_by_runner (2 assertions)
    ok   test_harness_contract.gd::test_recorder_counts_and_records (4 assertions)
    ok   test_harness_contract.gd::test_failures_list_is_a_copy (1 assertions)
    ok   test_harness_contract.gd::test_contract_methods_are_declared (4 assertions)
    ok   test_harness_contract.gd::test_this_case_extends_gate_test_case (1 assertions)
    ok   test_nc_n1.gd::test_ressource_absente (1 assertions)
    ok   test_smoke.gd::test_engine_version_is_4_7_1_stable (4 assertions)
    ok   test_smoke.gd::test_physics_engine_is_jolt (1 assertions)
    ok   test_smoke.gd::test_renderer_is_forward_plus (1 assertions)
    ok   test_smoke.gd::test_physics_tick_is_60hz (1 assertions)
    ok   test_smoke.gd::test_metre_scale_convention (2 assertions)
  === RÉSULTAT: 14 réussi(s), 0 échoué(s) ===
  [OK]   suite unitaire verte
  [ÉCHEC] erreurs signalées pendant la suite de tests (voir evidence/validate_fast/02_unit.log)
    ERROR: Resource file not found: res://assets/environment/props/SM_Disparu.glb (expected type: unknown)
    ERROR: invariant de gameplay viole

=== 3. Scène d'intégration (chargement réel de la scène principale) ===
  [OK]   scène principale chargée et quittée proprement
    [boot] Godot            : 4.7.1-stable (custom_build)
    [boot] renderer         : forward_plus
    [boot] physique 3D      : Jolt Physics
    [boot] tick physique    : 60 Hz
    [boot] pilote de rendu  : headless
    [boot] scène principale chargée — Phase 0, aucun gameplay attendu ici.

=== 4. Plancher de couverture ===
  [OK]   14 test(s) exécuté(s), plancher 13 respecté

=== VALIDATE_FAST : ROUGE ===
logs: evidence/validate_fast
RC=1
