fenêtre : 2097155
« Nouvelle partie » envoyé
  t+   0s  fb8694902ef4  CHANGE  vivant=True
  t+  20s  8826b8f51d66  CHANGE  vivant=True
  t+  40s  be46571f064a  CHANGE  vivant=True
  t+  61s  bcaf5b1bdbde  CHANGE  vivant=True
  t+  82s  e3c28c6d079f  CHANGE  vivant=True
  t+ 103s  51f6d513478e  CHANGE  vivant=True
  t+ 124s  78cdff2ebf7a  CHANGE  vivant=True
  t+ 145s  ea28e2bee527  CHANGE  vivant=True
  t+ 166s  d35a089b7be2  CHANGE  vivant=True
  t+ 187s  d62c5f83fef2  CHANGE  vivant=True
  t+ 208s  0edb05b24bc2  CHANGE  vivant=True
  t+ 228s  ffd6eff126f5  CHANGE  vivant=True
  t+ 249s  2daf138f9a58  CHANGE  vivant=True
  t+ 270s  aed421883577  CHANGE  vivant=True
  t+ 291s  8a5c16db7919  CHANGE  vivant=True
  t+ 312s  a12b9b3491e2  CHANGE  vivant=True
  t+ 333s  31e11ec0c7fb  CHANGE  vivant=True
  t+ 354s  909a48f16145  CHANGE  vivant=True
  t+ 375s  0ba6ee289a5c  CHANGE  vivant=True

observé 396 s · 19 image(s) distincte(s) sur 19 prises
journal : 2238 lignes ; 461 « modèle inconnu » ; 631 « modèle végétal introuvable »
RC=0
