=== Blender: Blender 4.0.2 ===

--- 1. Sources de test ---
  sources déjà présentes, régénération ignorée (REGEN_SOURCES=1 pour forcer)

--- 2. Export .glb ---
  [export_gltf] Blender 4.0.2
  [export_gltf] io_scene_gltf2 version (4, 0, 44)
  [export_gltf] preset: export_animation_mode=ACTIONS, export_animations=False, export_apply=True, export_cameras=False, export_extras=False, export_force_sampling=True, export_format=GLB, export_lights=False, export_materials=EXPORT, export_normals=True, export_optimize_animation_size=False, export_skins=True, export_tangents=True, export_texcoords=True, export_yup=True, use_selection=False, use_visible=True
  [export_gltf] OK -> /home/user/Zelda/assets/environment/props/SM_TestCube.glb (2520 octets)
  [export_gltf] Blender 4.0.2
  [export_gltf] io_scene_gltf2 version (4, 0, 44)
  [export_gltf] preset: export_animation_mode=ACTIONS, export_animations=True, export_apply=True, export_cameras=False, export_extras=False, export_force_sampling=True, export_format=GLB, export_lights=False, export_materials=EXPORT, export_normals=True, export_optimize_animation_size=False, export_skins=True, export_tangents=True, export_texcoords=True, export_yup=True, use_selection=False, use_visible=True
  [export_gltf] OK -> /home/user/Zelda/assets/characters/hero/SK_TestRigAnim.glb (16276 octets)

--- 3. Validation glTF hors moteur ---
  === INSPECTION glTF : assets/environment/props/SM_TestCube.glb ===
    format                 : GLB v2, 2520 octets
    chunk_binaire          : 1224 octets
    generateur             : Khronos glTF Blender I/O v4.0.44
    version_gltf           : 2.0
    meshes                 : 1
    materiaux              : 1 (MAT_TestCube)
    textures               : 0 image(s), 0 texture(s)
    noeuds                 : 1 (SM_TestCube_LOD0)
    skins                  : 0
    animations             : 0 (aucune)
    triangles              : 12
    bbox_min               : [-0.5, 0, -0.5]
    bbox_max               : [0.5, 1, 0.5]
    dimensions_m           : [1.0, 1, 1.0]
  === VALIDE ===
  === INSPECTION glTF : assets/characters/hero/SK_TestRigAnim.glb ===
    format                 : GLB v2, 16276 octets
    chunk_binaire          : 12956 octets
    generateur             : Khronos glTF Blender I/O v4.0.44
    version_gltf           : 2.0
    meshes                 : 1
    materiaux              : 1 (MAT_TestRig)
    textures               : 0 image(s), 0 texture(s)
    noeuds                 : 4 (bone_upper, bone_root, SK_TestRig, ARM_TestRig)
    skins                  : 1
    animations             : 1 (AN_TestRig_Idle)
    triangles              : 124
    bbox_min               : [-0.15, 0, -0.15]
    bbox_max               : [0.15, 2, 0.15]
    dimensions_m           : [0.3, 2, 0.3]
    anim:AN_TestRig_Idle   : 6 canaux, 6 samplers
    skin:ARM_TestRig       : 2 os
  === VALIDE ===

=== PIPELINE BLENDER->glTF : VERT ===
RC=0
