==============================================================================
BATTERIE DE CONTROLES NEGATIFS
==============================================================================
source        : /tmp/c184c8dc.glb
source sha256 : c184c8dc0c0e754a61624e1d3542a8b70fa496334366a17889bb4c41ade028ed
pas de grille : 0.060 m
reperes       : (depot courant)

------------------------------------------------------------------------------
PLACEMENTS DERIVES DE CE MAILLAGE
------------------------------------------------------------------------------
   graine : (2.620 ; 2.580 ; 0.990)  AIR  degagement 0.906 m
   rayon  : 0.3000 m   (= 0.55 x degagement, borne a [0.08 0.30])
   longueur de tunnel : 53.775 m  (2 x diagonale AABB)
   poche  : (-1.005 ; 2.979 ; 1.424)  roche, epaisseur verticale 8.225 m, degagement 0.926 m
   placebo: (-0.400 ; 2.378 ; 6.444)  peau exterieure, roche dessous 9.211 m, rayon 0.300 m
   bloc   : (-0.299 ; 4.382 ; 9.492)  rayon 0.300  disjoint OUI
   maillage : /tmp/c184c8dc.glb
   sha256   : c184c8dc0c0e754a
   reperes  : /home/user/zelda-r2a354/b_portail/scripts/world_v2/poi/waterfall_cave_place.gd

------------------------------------------------------------------------------
VERDICT DE LA SOURCE, AVANT TOUT SABOTAGE
------------------------------------------------------------------------------
   oracle sur la source en 15 s : VERT   (RC=0)

------------------------------------------------------------------------------
CONTROLE : temoin     (attendu : VERT)
------------------------------------------------------------------------------
   SABOTAGE-FERMETURE-AVANT : bords libres 0  non-manifold 0  FERME
   SABOTAGE-FACES-AVANT : 20072
   SABOTAGE-TENTATIVES : 1
   SABOTAGE-FACES-APRES : 20072
   fabrique en 1 s   sha256 304ba04b44b51e4f
     bords libres 0   aretes non-manifold 0   sommets pinces 0   composantes 1
        composante 0 : F=20072 V=10038 E=30108  khi=2  genre 0
   oracle en 14 s : VERT   (RC=0)
   -> CONFORME

------------------------------------------------------------------------------
CONTROLE : placebo     (attendu : VERT)
------------------------------------------------------------------------------
   SABOTAGE-FERMETURE-AVANT : bords libres 0  non-manifold 0  FERME
   SABOTAGE-FACES-AVANT : 20072
   SABOTAGE-TENTATIVES : 1
   SABOTAGE-FACES-APRES : 20838
   fabrique en 1 s   sha256 4b599c979021d271
     bords libres 0   aretes non-manifold 0   sommets pinces 0   composantes 1
        composante 0 : F=20838 V=10421 E=31257  khi=2  genre 0
   oracle en 14 s : VERT   (RC=0)
   -> CONFORME

------------------------------------------------------------------------------
CONTROLE : toit     (attendu : ROUGE)
------------------------------------------------------------------------------
   SABOTAGE-FERMETURE-AVANT : bords libres 0  non-manifold 0  FERME
   SABOTAGE-FACES-AVANT : 20072
   SABOTAGE-TENTATIVES : 1
   SABOTAGE-FACES-APRES : 20404
   fabrique en 1 s   sha256 8f209efb54a9932a
     bords libres 0   aretes non-manifold 0   sommets pinces 0   composantes 1
        composante 0 : F=20404 V=10202 E=30606  khi=0  genre 1
   traversees restantes sur l'axe : 0
   RAYON LIBRE MESURE : 0.280 m   (diametre libre 0.560 m)
   AXE TRAVERSANT : plus aucune face sur l'axe, de la graine jusqu'au dehors.
   oracle en 15 s : ROUGE   (RC=1)
      C3 : la composante interieure atteint 340246 case(s) de bord de grille alors que la bouche est barree -> COMMUNICATION NON INTENTIONNELLE. Exemples (r
   -> CONFORME

------------------------------------------------------------------------------
CONTROLE : paroi_est     (attendu : ROUGE)
------------------------------------------------------------------------------
   SABOTAGE-FERMETURE-AVANT : bords libres 0  non-manifold 0  FERME
   SABOTAGE-FACES-AVANT : 20072
   SABOTAGE-TENTATIVES : 1
   SABOTAGE-FACES-APRES : 20394
   fabrique en 1 s   sha256 b19dc1599b6a7f99
     bords libres 0   aretes non-manifold 0   sommets pinces 0   composantes 1
        composante 0 : F=20394 V=10197 E=30591  khi=0  genre 1
   traversees restantes sur l'axe : 0
   RAYON LIBRE MESURE : 0.280 m   (diametre libre 0.560 m)
   AXE TRAVERSANT : plus aucune face sur l'axe, de la graine jusqu'au dehors.
   oracle en 15 s : ROUGE   (RC=1)
      C3 : la composante interieure atteint 340246 case(s) de bord de grille alors que la bouche est barree -> COMMUNICATION NON INTENTIONNELLE. Exemples (r
   -> CONFORME

------------------------------------------------------------------------------
CONTROLE : paroi_ouest     (attendu : ROUGE)
------------------------------------------------------------------------------
   SABOTAGE-FERMETURE-AVANT : bords libres 0  non-manifold 0  FERME
   SABOTAGE-FACES-AVANT : 20072
   SABOTAGE-TENTATIVES : 1
   SABOTAGE-FACES-APRES : 20380
   fabrique en 1 s   sha256 eba29b2e12217426
     bords libres 0   aretes non-manifold 0   sommets pinces 0   composantes 1
        composante 0 : F=20380 V=10190 E=30570  khi=0  genre 1
   traversees restantes sur l'axe : 0
   RAYON LIBRE MESURE : 0.280 m   (diametre libre 0.560 m)
   AXE TRAVERSANT : plus aucune face sur l'axe, de la graine jusqu'au dehors.
   oracle en 15 s : ROUGE   (RC=1)
      C3 : la composante interieure atteint 340246 case(s) de bord de grille alors que la bouche est barree -> COMMUNICATION NON INTENTIONNELLE. Exemples (r
   -> CONFORME

------------------------------------------------------------------------------
CONTROLE : plancher     (attendu : ROUGE)
------------------------------------------------------------------------------
   SABOTAGE-FERMETURE-AVANT : bords libres 0  non-manifold 0  FERME
   SABOTAGE-FACES-AVANT : 20072
   SABOTAGE-TENTATIVES : 1
   SABOTAGE-FACES-APRES : 20358
   fabrique en 1 s   sha256 df9fd8edf22b2fa7
     bords libres 0   aretes non-manifold 0   sommets pinces 0   composantes 1
        composante 0 : F=20358 V=10179 E=30537  khi=0  genre 1
   traversees restantes sur l'axe : 0
   RAYON LIBRE MESURE : 0.280 m   (diametre libre 0.560 m)
   AXE TRAVERSANT : plus aucune face sur l'axe, de la graine jusqu'au dehors.
   oracle en 15 s : ROUGE   (RC=1)
      C3 : la composante interieure atteint 340246 case(s) de bord de grille alors que la bouche est barree -> COMMUNICATION NON INTENTIONNELLE. Exemples (r
   -> CONFORME

------------------------------------------------------------------------------
CONTROLE : poche     (attendu : ROUGE)
------------------------------------------------------------------------------
   SABOTAGE-FERMETURE-AVANT : bords libres 0  non-manifold 0  FERME
   SABOTAGE-FACES-AVANT : 20072
   SABOTAGE-TENTATIVES : 1
   SABOTAGE-FACES-APRES : 21032
   fabrique en 1 s   sha256 6c20104240e78f9c
     bords libres 0   aretes non-manifold 0   sommets pinces 0   composantes 2
        composante 0 : F=20072 V=10038 E=30108  khi=2  genre 0
        composante 1 : F=960 V=482 E=1440  khi=2  genre 0
   oracle en 14 s : ROUGE   (RC=1)
      T1 : 2 composantes de surface au lieu d'une -> corps detache
      C2 : 2 composante(s) AIR au lieu d'une seule -> poche d'air parasite
   -> CONFORME

------------------------------------------------------------------------------
CONTROLE : roche_flottante     (attendu : ROUGE)
------------------------------------------------------------------------------
   SABOTAGE-FERMETURE-AVANT : bords libres 0  non-manifold 0  FERME
   SABOTAGE-FACES-AVANT : 20072
   SABOTAGE-TENTATIVES : 1
   SABOTAGE-FACES-APRES : 20078
   fabrique en 1 s   sha256 093e61310e01d483
     bords libres 0   aretes non-manifold 0   sommets pinces 0   composantes 2
        composante 0 : F=20072 V=10038 E=30108  khi=2  genre 0
        composante 1 : F=12 V=8 E=18  khi=2  genre 0
   oracle en 15 s : ROUGE   (RC=1)
      T1 : 2 composantes de surface au lieu d'une -> corps detache
      C1 : 2 composante(s) ROCHE au lieu d'une seule -> roche flottante ou massif scinde
   -> CONFORME

------------------------------------------------------------------------------
RESTAURATION ET VERT SUR LA SOURCE
------------------------------------------------------------------------------
   sha256 source AVANT batterie : c184c8dc0c0e754a61624e1d3542a8b70fa496334366a17889bb4c41ade028ed
   sha256 source APRES batterie : c184c8dc0c0e754a61624e1d3542a8b70fa496334366a17889bb4c41ade028ed
   -> BYTE-IDENTIQUE
   oracle sur la source en 14 s : VERT   (RC=0)

==============================================================================
controle           attendu  obtenu   etat           tentatives rayon libre
------------------------------------------------------------------------------
temoin             VERT     VERT     CONFORME       1          -
placebo            VERT     VERT     CONFORME       1          -
toit               ROUGE    ROUGE    CONFORME       1          0.280 m
paroi_est          ROUGE    ROUGE    CONFORME       1          0.280 m
paroi_ouest        ROUGE    ROUGE    CONFORME       1          0.280 m
plancher           ROUGE    ROUGE    CONFORME       1          0.280 m
poche              ROUGE    ROUGE    CONFORME       1          -
roche_flottante    ROUGE    ROUGE    CONFORME       1          -
------------------------------------------------------------------------------
BATTERIE : CONFORME
==============================================================================
