==============================================================================
ORACLE GLOBAL — topologie + classement d'espace
==============================================================================
maillage : /tmp/c184c8dc.glb
sha256   : c184c8dc0c0e754a61624e1d3542a8b70fa496334366a17889bb4c41ade028ed
noeud    : SM_WaterfallCave   (COL_WaterfallCave, proxy de collision, n'est PAS mesure)
triangles: 20072   matieres : MAT_CaveIn_Deep, MAT_CaveIn_Floor, MAT_CaveIn_Wall, MAT_CaveRock_Base, MAT_CaveRock_Collar, MAT_CaveRock_Face
AABB     : x[-8.772 8.174] y[-3.135 11.899] z[-3.551 8.192]

------------------------------------------------------------------------------
METHODE A — TOPOLOGIE (combinatoire pure, sans grille ni rayon)
------------------------------------------------------------------------------
   sommets soudes 10038   aretes 30108   faces 20072
   aretes par nombre de faces : {'2': 30108}
   bords libres 0   aretes non-manifold 0   sommets pinces 0   composantes 1
      composante 0 : F=20072 V=10038 E=30108  khi=2  genre 0

------------------------------------------------------------------------------
METHODE B — CLASSEMENT D'ESPACE (segment centre-a-centre)
------------------------------------------------------------------------------
   reperes lus dans : /home/user/zelda-r2a354/b_portail/scripts/world_v2/poi/waterfall_cave_place.gd
   sha256 de cette source : 7eb402f3910e00eb9dccc9d7956dde187b7598b6ef6a52904e0e5445e5cd7c87
   AVERTISSEMENT : une geometrie doit etre mesuree avec SES
   reperes. Les reperes ont ete re-derives a R2a-3.5.2 ; croiser
   une geometrie et les reperes d'une autre revision rend un
   verdict credible sur un couple qui n'existe pas.
   graine interieure = MODELE_SALLE relevee de 0.90 m (hauteur de torse) : (2.62 ; 2.58 ; 0.99)
   temoins = repere releve de 0.30 m (les MODELE_* designent un point au SOL ; au ras de la surface la case est indecise)
   grille 323x291x236 = 22182348 case(s), pas 0.060 m
   segments (colonnes repliees) : 223700
   composantes d'espace (sans barriere) : 2
      AIR        18499572 case(s)    3995.91 m3  bord  474402  voix air/roche 129858/0
      ROCHE       3682776 case(s)     795.48 m3  bord       0  voix air/roche 1/129555
   barriere de bouche : couche j=42, surface a y=-1.755 (epaisseur nulle)
   composante de la graine : AIR, 282293 case(s) = 60.98 m3, emprise x[-2.50 3.74] y[-1.72 7.16] z[-0.64 3.02]
      temoin MODELE_NICHE           (2.78 ; 4.09 ; 0.80) : DANS la cavite scellee [AIR]
      temoin MODELE_SALLE           (2.62 ; 2.58 ; 0.39) : DANS la cavite scellee [AIR]

==============================================================================
VERDICT : VERT — une composante ROCHE, une composante AIR,
          cavite scellee par la seule bouche, temoins dedans.
==============================================================================
