[exact] fichier /home/user/zelda-r2a355/reference/SM_WaterfallCave_c184c8dc.glb
[exact] noeud COL_WaterfallCave        matrice=non translation=None rotation=None echelle=None
[exact] noeud SM_WaterfallCave         matrice=non translation=None rotation=None echelle=None
[exact] COL_WaterfallCave : 1784 positions brutes -> 442 apres soudure
[exact] === COL_WaterfallCave : 442 sommets soudes, 880 triangles
[exact] aire EXACTEMENT nulle : 0 face(s)
[exact] aire < 1e-9 m2 mais NON nulle : 0 face(s)
[exact] paires a boites chevauchantes : 6888
[exact]   CONTACT              5732
[exact]   COPLANAIRE           1
[exact]   DISJOINT             1093
[exact]   PENETRATION          62
[exact] PENETRATIONS REELLES : 62
[exact]   faces 254 / 636  sommets communs 0
[exact]     centres (1.9982, 1.7448, -4.9026) et (1.6531, 2.4544, -5.5983)
[exact]     point interieur commun (1.679422074, 1.609660255, -5.303307417)
[exact]       A.s0 idx 127 = (2.028893471, 2.094426155, -4.620548248)
[exact]       A.s1 idx 128 = (1.528684497, 1.627876878, -5.433387756)
[exact]       A.s2 idx 148 = (2.436950684, 1.511999607, -4.654013157)
[exact]       B.s0 idx 329 = (1.319698334, 3.413517237, -6.503257751)
[exact]       B.s1 idx 349 = (1.960141897, 2.340116501, -4.988207817)
[exact]       B.s2 idx 350 = (1.679415703, 1.609624386, -5.303308964)
[exact]   faces 254 / 677  sommets communs 0
[exact]     centres (1.9982, 1.7448, -4.9026) et (1.9247, 1.7529, -5.1752)
[exact]     point interieur commun (1.679472069, 1.609616207, -5.303291764)
[exact]       A.s0 idx 127 = (2.028893471, 2.094426155, -4.620548248)
[exact]       A.s1 idx 128 = (1.528684497, 1.627876878, -5.433387756)
[exact]       A.s2 idx 148 = (2.436950684, 1.511999607, -4.654013157)
[exact]       B.s0 idx 349 = (1.960141897, 2.340116501, -4.988207817)
[exact]       B.s1 idx 370 = (2.134548903, 1.309007049, -5.234213352)
[exact]       B.s2 idx 350 = (1.679415703, 1.609624386, -5.303308964)
[exact]   faces 256 / 638  sommets communs 0
[exact]     centres (1.6262, 1.1954, -5.5085) et (1.4482, 1.6041, -5.8804)
[exact]     point interieur commun (1.594980544, 1.311574876, -5.493453232)
[exact]       A.s0 idx 128 = (1.528684497, 1.627876878, -5.433387756)
[exact]       A.s1 idx 129 = (1.054210305, 0.920839310, -6.204408169)
[exact]       A.s2 idx 149 = (2.295808792, 1.037336469, -4.887627125)
[exact]       B.s0 idx 330 = (1.026153803, 2.394170761, -6.989124775)
[exact]       B.s1 idx 350 = (1.679415703, 1.609624386, -5.303308964)
[exact]       B.s2 idx 351 = (1.638925076, 0.808366537, -5.348757744)
[exact]   faces 256 / 639  sommets communs 0
[exact]     centres (1.6262, 1.1954, -5.5085) et (1.1997, 1.4217, -6.4931)
[exact]     point interieur commun (1.505338719, 1.030035342, -5.698932196)
[exact]       A.s0 idx 128 = (1.528684497, 1.627876878, -5.433387756)
[exact]       A.s1 idx 129 = (1.054210305, 0.920839310, -6.204408169)
[exact]       A.s2 idx 149 = (2.295808792, 1.037336469, -4.887627125)
[exact]       B.s0 idx 330 = (1.026153803, 2.394170761, -6.989124775)
[exact]       B.s1 idx 351 = (1.638925076, 0.808366537, -5.348757744)
[exact]       B.s2 idx 331 = (0.934114337, 1.062617421, -7.141466141)
[exact]   faces 258 / 640  sommets communs 0
[exact]     centres (1.3477, 0.6328, -5.9625) et (1.4286, 0.6148, -5.9187)
[exact]     point interieur commun (1.454937864, 0.634935216, -5.847911269)
[exact]       A.s0 idx 129 = (1.054210305, 0.920839310, -6.204408169)
[exact]       A.s1 idx 130 = (0.834332943, 0.414999723, -6.561708927)
[exact]       A.s2 idx 150 = (2.154666662, 0.562673330, -5.121241570)
[exact]       B.s0 idx 331 = (0.934114337, 1.062617421, -7.141466141)
[exact]       B.s1 idx 351 = (1.638925076, 0.808366537, -5.348757744)
[exact]       B.s2 idx 352 = (1.712871909, -0.026600540, -5.265756130)
[exact]   faces 260 / 640  sommets communs 0
[exact]     centres (1.4297, 0.4346, -5.8280) et (1.4286, 0.6148, -5.9187)
[exact]     point interieur commun (1.505716595, 0.441169771, -5.741563588)
[exact]       A.s0 idx 130 = (0.834332943, 0.414999723, -6.561708927)
[exact]       A.s1 idx 131 = (1.174926400, 0.352078259, -6.008244514)
[exact]       A.s2 idx 151 = (2.279830456, 0.536863446, -4.914073944)
[exact]       B.s0 idx 331 = (0.934114337, 1.062617421, -7.141466141)
[exact]       B.s1 idx 351 = (1.638925076, 0.808366537, -5.348757744)
[exact]       B.s2 idx 352 = (1.712871909, -0.026600540, -5.265756130)
[exact]   faces 261 / 640  sommets communs 0
[exact]     centres (1.7563, 0.5048, -5.5323) et (1.4286, 0.6148, -5.9187)
[exact]     point interieur commun (1.454534681, 0.475675955, -5.869660683)
[exact]       A.s0 idx 130 = (0.834332943, 0.414999723, -6.561708927)
[exact]       A.s1 idx 151 = (2.279830456, 0.536863446, -4.914073944)
[exact]       A.s2 idx 150 = (2.154666662, 0.562673330, -5.121241570)
[exact]       B.s0 idx 331 = (0.934114337, 1.062617421, -7.141466141)
[exact]       B.s1 idx 351 = (1.638925076, 0.808366537, -5.348757744)
[exact]       B.s2 idx 352 = (1.712871909, -0.026600540, -5.265756130)
[exact]   faces 256 / 678  sommets communs 0
[exact]     centres (1.6262, 1.1954, -5.5085) et (1.9672, 1.0080, -5.2717)
[exact]     point interieur commun (1.820938426, 1.243634053, -5.289847563)
[exact]       A.s0 idx 128 = (1.528684497, 1.627876878, -5.433387756)
[exact]       A.s1 idx 129 = (1.054210305, 0.920839310, -6.204408169)
[exact]       A.s2 idx 149 = (2.295808792, 1.037336469, -4.887627125)
[exact]       B.s0 idx 350 = (1.679415703, 1.609624386, -5.303308964)
[exact]       B.s1 idx 370 = (2.134548903, 1.309007049, -5.234213352)
[exact]       B.s2 idx 371 = (2.087698460, 0.105340451, -5.277677059)
[exact]   faces 257 / 638  sommets communs 0
[exact]     centres (2.0871, 1.3924, -4.9917) et (1.4482, 1.6041, -5.8804)
[exact]     point interieur commun (1.671114588, 1.566477727, -5.321040938)
[exact]       A.s0 idx 128 = (1.528684497, 1.627876878, -5.433387756)
[exact]       A.s1 idx 149 = (2.295808792, 1.037336469, -4.887627125)
[exact]       A.s2 idx 148 = (2.436950684, 1.511999607, -4.654013157)
[exact]       B.s0 idx 330 = (1.026153803, 2.394170761, -6.989124775)
[exact]       B.s1 idx 350 = (1.679415703, 1.609624386, -5.303308964)
[exact]       B.s2 idx 351 = (1.638925076, 0.808366537, -5.348757744)
[exact]   faces 257 / 678  sommets communs 0
[exact]     centres (2.0871, 1.3924, -4.9917) et (1.9672, 1.0080, -5.2717)
[exact]     point interieur commun (1.697664035, 1.546526348, -5.302041547)
[exact]       A.s0 idx 128 = (1.528684497, 1.627876878, -5.433387756)
[exact]       A.s1 idx 149 = (2.295808792, 1.037336469, -4.887627125)
[exact]       A.s2 idx 148 = (2.436950684, 1.511999607, -4.654013157)
[exact]       B.s0 idx 350 = (1.679415703, 1.609624386, -5.303308964)
[exact]       B.s1 idx 370 = (2.134548903, 1.309007049, -5.234213352)
[exact]       B.s2 idx 371 = (2.087698460, 0.105340451, -5.277677059)
[exact]   faces 254 / 637  sommets communs 0
[exact]     centres (1.9982, 1.7448, -4.9026) et (1.3418, 2.4724, -6.2652)
[exact]     point interieur commun (1.679407077, 1.609644403, -5.303333136)
[exact]       A.s0 idx 127 = (2.028893471, 2.094426155, -4.620548248)
[exact]       A.s1 idx 128 = (1.528684497, 1.627876878, -5.433387756)
[exact]       A.s2 idx 148 = (2.436950684, 1.511999607, -4.654013157)
[exact]       B.s0 idx 329 = (1.319698334, 3.413517237, -6.503257751)
[exact]       B.s1 idx 350 = (1.679415703, 1.609624386, -5.303308964)
[exact]       B.s2 idx 330 = (1.026153803, 2.394170761, -6.989124775)
[exact]   faces 254 / 638  sommets communs 0
[exact]     centres (1.9982, 1.7448, -4.9026) et (1.4482, 1.6041, -5.8804)
[exact]     point interieur commun (1.679165152, 1.609173938, -5.303903342)
[exact]       A.s0 idx 127 = (2.028893471, 2.094426155, -4.620548248)
[exact]       A.s1 idx 128 = (1.528684497, 1.627876878, -5.433387756)
[exact]       A.s2 idx 148 = (2.436950684, 1.511999607, -4.654013157)
[exact]       B.s0 idx 330 = (1.026153803, 2.394170761, -6.989124775)
[exact]       B.s1 idx 350 = (1.679415703, 1.609624386, -5.303308964)
[exact]       B.s2 idx 351 = (1.638925076, 0.808366537, -5.348757744)
[exact]   faces 254 / 678  sommets communs 0
[exact]     centres (1.9982, 1.7448, -4.9026) et (1.9672, 1.0080, -5.2717)
[exact]     point interieur commun (1.679976484, 1.609038594, -5.303230171)
[exact]       A.s0 idx 127 = (2.028893471, 2.094426155, -4.620548248)
[exact]       A.s1 idx 128 = (1.528684497, 1.627876878, -5.433387756)
[exact]       A.s2 idx 148 = (2.436950684, 1.511999607, -4.654013157)
[exact]       B.s0 idx 350 = (1.679415703, 1.609624386, -5.303308964)
[exact]       B.s1 idx 370 = (2.134548903, 1.309007049, -5.234213352)
[exact]       B.s2 idx 371 = (2.087698460, 0.105340451, -5.277677059)
[exact]   faces 259 / 639  sommets communs 0
[exact]     centres (1.8349, 0.8403, -5.4044) et (1.1997, 1.4217, -6.4931)
[exact]     point interieur commun (1.476534627, 0.915407003, -5.764706292)
[exact]       A.s0 idx 129 = (1.054210305, 0.920839310, -6.204408169)
[exact]       A.s1 idx 150 = (2.154666662, 0.562673330, -5.121241570)
[exact]       A.s2 idx 149 = (2.295808792, 1.037336469, -4.887627125)
[exact]       B.s0 idx 330 = (1.026153803, 2.394170761, -6.989124775)
[exact]       B.s1 idx 351 = (1.638925076, 0.808366537, -5.348757744)
[exact]       B.s2 idx 331 = (0.934114337, 1.062617421, -7.141466141)
[exact]   faces 259 / 640  sommets communs 0
[exact]     centres (1.8349, 0.8403, -5.4044) et (1.4286, 0.6148, -5.9187)
[exact]     point interieur commun (1.467660127, 0.828186315, -5.789830919)
[exact]       A.s0 idx 129 = (1.054210305, 0.920839310, -6.204408169)
[exact]       A.s1 idx 150 = (2.154666662, 0.562673330, -5.121241570)
[exact]       A.s2 idx 149 = (2.295808792, 1.037336469, -4.887627125)
[exact]       B.s0 idx 331 = (0.934114337, 1.062617421, -7.141466141)
[exact]       B.s1 idx 351 = (1.638925076, 0.808366537, -5.348757744)
[exact]       B.s2 idx 352 = (1.712871909, -0.026600540, -5.265756130)
[exact]   faces 258 / 678  sommets communs 0
[exact]     centres (1.3477, 0.6328, -5.9625) et (1.9672, 1.0080, -5.2717)
[exact]     point interieur commun (2.002991423, 0.580663400, -5.278188995)
[exact]       A.s0 idx 129 = (1.054210305, 0.920839310, -6.204408169)
[exact]       A.s1 idx 130 = (0.834332943, 0.414999723, -6.561708927)
[exact]       A.s2 idx 150 = (2.154666662, 0.562673330, -5.121241570)
[exact]       B.s0 idx 350 = (1.679415703, 1.609624386, -5.303308964)
[exact]       B.s1 idx 370 = (2.134548903, 1.309007049, -5.234213352)
[exact]       B.s2 idx 371 = (2.087698460, 0.105340451, -5.277677059)
[exact]   faces 259 / 678  sommets communs 0
[exact]     centres (1.8349, 0.8403, -5.4044) et (1.9672, 1.0080, -5.2717)
[exact]     point interieur commun (1.960899775, 0.808716682, -5.278683013)
[exact]       A.s0 idx 129 = (1.054210305, 0.920839310, -6.204408169)
[exact]       A.s1 idx 150 = (2.154666662, 0.562673330, -5.121241570)
[exact]       A.s2 idx 149 = (2.295808792, 1.037336469, -4.887627125)
[exact]       B.s0 idx 350 = (1.679415703, 1.609624386, -5.303308964)
[exact]       B.s1 idx 370 = (2.134548903, 1.309007049, -5.234213352)
[exact]       B.s2 idx 371 = (2.087698460, 0.105340451, -5.277677059)
[exact]   faces 262 / 640  sommets communs 0
[exact]     centres (1.7036, 0.3865, -5.3817) et (1.4286, 0.6148, -5.9187)
[exact]     point interieur commun (1.620909516, 0.367017768, -5.452804719)
[exact]       A.s0 idx 131 = (1.174926400, 0.352078259, -6.008244514)
[exact]       A.s1 idx 132 = (1.529236317, 0.293535709, -5.432491302)
[exact]       A.s2 idx 152 = (2.406587601, 0.513738930, -4.704268932)
[exact]       B.s0 idx 331 = (0.934114337, 1.062617421, -7.141466141)
[exact]       B.s1 idx 351 = (1.638925076, 0.808366537, -5.348757744)
[exact]       B.s2 idx 352 = (1.712871909, -0.026600540, -5.265756130)
[exact]   faces 263 / 640  sommets communs 0
[exact]     centres (1.9538, 0.4676, -5.2089) et (1.4286, 0.6148, -5.9187)
[exact]     point interieur commun (1.554726846, 0.408604978, -5.618839636)
[exact]       A.s0 idx 131 = (1.174926400, 0.352078259, -6.008244514)
[exact]       A.s1 idx 152 = (2.406587601, 0.513738930, -4.704268932)
[exact]       A.s2 idx 151 = (2.279830456, 0.536863446, -4.914073944)
[exact]       B.s0 idx 331 = (0.934114337, 1.062617421, -7.141466141)
[exact]       B.s1 idx 351 = (1.638925076, 0.808366537, -5.348757744)
[exact]       B.s2 idx 352 = (1.712871909, -0.026600540, -5.265756130)
[exact]   faces 260 / 679  sommets communs 0
[exact]     centres (1.4297, 0.4346, -5.8280) et (1.8020, 0.8411, -5.3099)
[exact]     point interieur commun (1.915273285, 0.489616284, -5.299833496)
[exact]       A.s0 idx 130 = (0.834332943, 0.414999723, -6.561708927)
[exact]       A.s1 idx 131 = (1.174926400, 0.352078259, -6.008244514)
[exact]       A.s2 idx 151 = (2.279830456, 0.536863446, -4.914073944)
[exact]       B.s0 idx 350 = (1.679415703, 1.609624386, -5.303308964)
[exact]       B.s1 idx 371 = (2.087698460, 0.105340451, -5.277677059)
[exact]       B.s2 idx 351 = (1.638925076, 0.808366537, -5.348757744)
[exact]   faces 261 / 678  sommets communs 0
[exact]     centres (1.7563, 0.5048, -5.5323) et (1.9672, 1.0080, -5.2717)
[exact]     point interieur commun (1.992666005, 0.535148354, -5.281297459)
[exact]       A.s0 idx 130 = (0.834332943, 0.414999723, -6.561708927)
[exact]       A.s1 idx 151 = (2.279830456, 0.536863446, -4.914073944)
[exact]       A.s2 idx 150 = (2.154666662, 0.562673330, -5.121241570)
[exact]       B.s0 idx 350 = (1.679415703, 1.609624386, -5.303308964)
[exact]       B.s1 idx 370 = (2.134548903, 1.309007049, -5.234213352)
[exact]       B.s2 idx 371 = (2.087698460, 0.105340451, -5.277677059)
[exact]   faces 261 / 679  sommets communs 0
[exact]     centres (1.7563, 0.5048, -5.5323) et (1.8020, 0.8411, -5.3099)
[exact]     point interieur commun (1.961542931, 0.516319430, -5.288027206)
[exact]       A.s0 idx 130 = (0.834332943, 0.414999723, -6.561708927)
[exact]       A.s1 idx 151 = (2.279830456, 0.536863446, -4.914073944)
[exact]       A.s2 idx 150 = (2.154666662, 0.562673330, -5.121241570)
[exact]       B.s0 idx 350 = (1.679415703, 1.609624386, -5.303308964)
[exact]       B.s1 idx 371 = (2.087698460, 0.105340451, -5.277677059)
[exact]       B.s2 idx 351 = (1.638925076, 0.808366537, -5.348757744)
[exact]   faces 262 / 680  sommets communs 0
[exact]     centres (1.7036, 0.3865, -5.3817) et (1.9980, 0.1339, -5.2458)
[exact]     point interieur commun (1.835834930, 0.428051837, -5.287954839)
[exact]       A.s0 idx 131 = (1.174926400, 0.352078259, -6.008244514)
[exact]       A.s1 idx 132 = (1.529236317, 0.293535709, -5.432491302)
[exact]       A.s2 idx 152 = (2.406587601, 0.513738930, -4.704268932)
[exact]       B.s0 idx 351 = (1.638925076, 0.808366537, -5.348757744)
[exact]       B.s1 idx 371 = (2.087698460, 0.105340451, -5.277677059)
[exact]       B.s2 idx 372 = (2.267497540, -0.511898577, -5.110875607)
[exact]   faces 262 / 681  sommets communs 0
[exact]     centres (1.7036, 0.3865, -5.3817) et (1.8731, 0.0900, -5.2418)
[exact]     point interieur commun (1.757368735, 0.374792862, -5.288974253)
[exact]       A.s0 idx 131 = (1.174926400, 0.352078259, -6.008244514)
[exact]       A.s1 idx 132 = (1.529236317, 0.293535709, -5.432491302)
[exact]       A.s2 idx 152 = (2.406587601, 0.513738930, -4.704268932)
[exact]       B.s0 idx 351 = (1.638925076, 0.808366537, -5.348757744)
[exact]       B.s1 idx 372 = (2.267497540, -0.511898577, -5.110875607)
[exact]       B.s2 idx 352 = (1.712871909, -0.026600540, -5.265756130)
[exact]   faces 263 / 679  sommets communs 0
[exact]     centres (1.9538, 0.4676, -5.2089) et (1.8020, 0.8411, -5.3099)
[exact]     point interieur commun (1.871695655, 0.464765051, -5.310939416)
[exact]       A.s0 idx 131 = (1.174926400, 0.352078259, -6.008244514)
[exact]       A.s1 idx 152 = (2.406587601, 0.513738930, -4.704268932)
[exact]       A.s2 idx 151 = (2.279830456, 0.536863446, -4.914073944)
[exact]       B.s0 idx 350 = (1.679415703, 1.609624386, -5.303308964)
[exact]       B.s1 idx 371 = (2.087698460, 0.105340451, -5.277677059)
[exact]       B.s2 idx 351 = (1.638925076, 0.808366537, -5.348757744)
[exact]   faces 263 / 680  sommets communs 0
[exact]     centres (1.9538, 0.4676, -5.2089) et (1.9980, 0.1339, -5.2458)
[exact]     point interieur commun (1.853846141, 0.449706451, -5.305658421)
[exact]       A.s0 idx 131 = (1.174926400, 0.352078259, -6.008244514)
[exact]       A.s1 idx 152 = (2.406587601, 0.513738930, -4.704268932)
[exact]       A.s2 idx 151 = (2.279830456, 0.536863446, -4.914073944)
[exact]       B.s0 idx 351 = (1.638925076, 0.808366537, -5.348757744)
[exact]       B.s1 idx 371 = (2.087698460, 0.105340451, -5.277677059)
[exact]       B.s2 idx 372 = (2.267497540, -0.511898577, -5.110875607)
[exact]   faces 265 / 640  sommets communs 0
[exact]     centres (2.2104, 0.4354, -4.7876) et (1.4286, 0.6148, -5.9187)
[exact]     point interieur commun (1.679819779, 0.330399973, -5.304962403)
[exact]       A.s0 idx 132 = (1.529236317, 0.293535709, -5.432491302)
[exact]       A.s1 idx 153 = (2.695479870, 0.498990029, -4.226102352)
[exact]       A.s2 idx 152 = (2.406587601, 0.513738930, -4.704268932)
[exact]       B.s0 idx 331 = (0.934114337, 1.062617421, -7.141466141)
[exact]       B.s1 idx 351 = (1.638925076, 0.808366537, -5.348757744)
[exact]       B.s2 idx 352 = (1.712871909, -0.026600540, -5.265756130)
[exact]   faces 265 / 681  sommets communs 0
[exact]     centres (2.2104, 0.4354, -4.7876) et (1.8731, 0.0900, -5.2418)
[exact]     point interieur commun (1.685145639, 0.331736691, -5.300541813)
[exact]       A.s0 idx 132 = (1.529236317, 0.293535709, -5.432491302)
[exact]       A.s1 idx 153 = (2.695479870, 0.498990029, -4.226102352)
[exact]       A.s2 idx 152 = (2.406587601, 0.513738930, -4.704268932)
[exact]       B.s0 idx 351 = (1.638925076, 0.808366537, -5.348757744)
[exact]       B.s1 idx 372 = (2.267497540, -0.511898577, -5.110875607)
[exact]       B.s2 idx 352 = (1.712871909, -0.026600540, -5.265756130)
[exact]   faces 458 / 802  sommets communs 0
[exact]     centres (3.3302, 0.3187, 1.5873) et (3.6107, 0.5281, 1.2303)
[exact]     point interieur commun (3.272425658, 0.292795783, 1.301421292)
[exact]       A.s0 idx 240 = (3.144202471, 0.081016243, 0.755063236)
[exact]       A.s1 idx 260 = (3.319400787, -0.233408630, 1.848262548)
[exact]       A.s2 idx 241 = (3.526851654, 1.108471513, 2.158469677)
[exact]       B.s0 idx 422 = (2.852486372, 0.018944662, 1.390823603)
[exact]       B.s1 idx 181 = (3.877243757, 0.304878056, 1.149999976)
[exact]       B.s2 idx 182 = (4.102384567, 1.260432601, 1.149999976)
[exact]   faces 458 / 803  sommets communs 0
[exact]     centres (3.3302, 0.3187, 1.5873) et (3.3113, 0.6574, 1.3080)
[exact]     point interieur commun (3.292877267, 0.469710835, 1.306380460)
[exact]       A.s0 idx 240 = (3.144202471, 0.081016243, 0.755063236)
[exact]       A.s1 idx 260 = (3.319400787, -0.233408630, 1.848262548)
[exact]       A.s2 idx 241 = (3.526851654, 1.108471513, 2.158469677)
[exact]       B.s0 idx 422 = (2.852486372, 0.018944662, 1.390823603)
[exact]       B.s1 idx 182 = (4.102384567, 1.260432601, 1.149999976)
[exact]       B.s2 idx 423 = (2.978951216, 0.692862332, 1.383269429)
[exact]   faces 458 / 879  sommets communs 0
[exact]     centres (3.3302, 0.3187, 1.5873) et (3.1519, -0.1104, 1.3266)
[exact]     point interieur commun (3.243174121, 0.026530653, 1.301922879)
[exact]       A.s0 idx 240 = (3.144202471, 0.081016243, 0.755063236)
[exact]       A.s1 idx 260 = (3.319400787, -0.233408630, 1.848262548)
[exact]       A.s2 idx 241 = (3.526851654, 1.108471513, 2.158469677)
[exact]       B.s0 idx 441 = (2.726021290, -0.654973090, 1.438885689)
[exact]       B.s1 idx 181 = (3.877243757, 0.304878056, 1.149999976)
[exact]       B.s2 idx 422 = (2.852486372, 0.018944662, 1.390823603)
[exact]   faces 459 / 803  sommets communs 0
[exact]     centres (3.4227, 0.6436, 1.3160) et (3.3113, 0.6574, 1.3080)
[exact]     point interieur commun (3.439006454, 0.648516566, 1.279257174)
[exact]       A.s0 idx 240 = (3.144202471, 0.081016243, 0.755063236)
[exact]       A.s1 idx 241 = (3.526851654, 1.108471513, 2.158469677)
[exact]       A.s2 idx 221 = (3.597047567, 0.741280258, 1.034597278)
[exact]       B.s0 idx 422 = (2.852486372, 0.018944662, 1.390823603)
[exact]       B.s1 idx 182 = (4.102384567, 1.260432601, 1.149999976)
[exact]       B.s2 idx 423 = (2.978951216, 0.692862332, 1.383269429)
[exact]   faces 423 / 806  sommets communs 0
[exact]     centres (3.2532, 2.6263, 1.1916) et (3.5354, 1.3436, 1.2278)
[exact]     point interieur commun (3.495660223, 1.962304228, 1.166907313)
[exact]       A.s0 idx 222 = (3.513300419, 1.611198187, 0.982901454)
[exact]       A.s1 idx 243 = (3.459317207, 3.535657883, 2.057483435)
[exact]       A.s2 idx 223 = (2.786951542, 2.732189178, 0.534537971)
[exact]       B.s0 idx 423 = (2.978951216, 0.692862332, 1.383269429)
[exact]       B.s1 idx 182 = (4.102384567, 1.260432601, 1.149999976)
[exact]       B.s2 idx 183 = (3.524802446, 2.077394962, 1.149999976)
[exact]   faces 423 / 807  sommets communs 0
[exact]     centres (3.2532, 2.6263, 1.1916) et (3.0029, 1.3723, 1.3118)
[exact]     point interieur commun (3.476559145, 2.008713308, 1.165304076)
[exact]       A.s0 idx 222 = (3.513300419, 1.611198187, 0.982901454)
[exact]       A.s1 idx 243 = (3.459317207, 3.535657883, 2.057483435)
[exact]       A.s2 idx 223 = (2.786951542, 2.732189178, 0.534537971)
[exact]       B.s0 idx 423 = (2.978951216, 0.692862332, 1.383269429)
[exact]       B.s1 idx 183 = (3.524802446, 2.077394962, 1.149999976)
[exact]       B.s2 idx 424 = (2.504845381, 1.346724868, 1.402170300)
[exact]   faces 423 / 810  sommets communs 0
[exact]     centres (3.2532, 2.6263, 1.1916) et (2.7916, 2.0715, 1.2341)
[exact]     point interieur commun (3.439812111, 2.089807818, 1.157292506)
[exact]       A.s0 idx 222 = (3.513300419, 1.611198187, 0.982901454)
[exact]       A.s1 idx 243 = (3.459317207, 3.535657883, 2.057483435)
[exact]       A.s2 idx 223 = (2.786951542, 2.732189178, 0.534537971)
[exact]       B.s0 idx 424 = (2.504845381, 1.346724868, 1.402170300)
[exact]       B.s1 idx 183 = (3.524802446, 2.077394962, 1.149999976)
[exact]       B.s2 idx 184 = (2.345177889, 2.790413141, 1.149999976)
[exact]   faces 345 / 423  sommets communs 0
[exact]     centres (2.6683, 3.1437, 0.8378) et (3.2532, 2.6263, 1.1916)
[exact]     point interieur commun (3.175882479, 2.528556335, 1.013279786)
[exact]       A.s0 idx 183 = (3.524802446, 2.077394962, 1.149999976)
[exact]       A.s1 idx 204 = (2.134912252, 4.563234329, 0.213491216)
[exact]       A.s2 idx 184 = (2.345177889, 2.790413141, 1.149999976)
[exact]       B.s0 idx 222 = (3.513300419, 1.611198187, 0.982901454)
[exact]       B.s1 idx 243 = (3.459317207, 3.535657883, 2.057483435)
[exact]       B.s2 idx 223 = (2.786951542, 2.732189178, 0.534537971)
[exact]   faces 422 / 806  sommets communs 0
[exact]     centres (3.5690, 2.5324, 1.8364) et (3.5354, 1.3436, 1.2278)
[exact]     point interieur commun (3.523703400, 1.833891613, 1.176506594)
[exact]       A.s0 idx 222 = (3.513300419, 1.611198187, 0.982901454)
[exact]       A.s1 idx 242 = (3.734302521, 2.450351954, 2.468676567)
[exact]       A.s2 idx 243 = (3.459317207, 3.535657883, 2.057483435)
[exact]       B.s0 idx 423 = (2.978951216, 0.692862332, 1.383269429)
[exact]       B.s1 idx 182 = (4.102384567, 1.260432601, 1.149999976)
[exact]       B.s2 idx 183 = (3.524802446, 2.077394962, 1.149999976)
[exact]   faces 420 / 803  sommets communs 0
[exact]     centres (3.6194, 1.4334, 1.8872) et (3.3113, 0.6574, 1.3080)
[exact]     point interieur commun (3.600570068, 0.905222328, 1.251078605)
[exact]       A.s0 idx 221 = (3.597047567, 0.741280258, 1.034597278)
[exact]       A.s1 idx 241 = (3.526851654, 1.108471513, 2.158469677)
[exact]       A.s2 idx 242 = (3.734302521, 2.450351954, 2.468676567)
[exact]       B.s0 idx 422 = (2.852486372, 0.018944662, 1.390823603)
[exact]       B.s1 idx 182 = (4.102384567, 1.260432601, 1.149999976)
[exact]       B.s2 idx 423 = (2.978951216, 0.692862332, 1.383269429)
[exact]   faces 421 / 803  sommets communs 0
[exact]     centres (3.6149, 1.6009, 1.4954) et (3.3113, 0.6574, 1.3080)
[exact]     point interieur commun (3.617042232, 1.006516353, 1.250509090)
[exact]       A.s0 idx 221 = (3.597047567, 0.741280258, 1.034597278)
[exact]       A.s1 idx 242 = (3.734302521, 2.450351954, 2.468676567)
[exact]       A.s2 idx 222 = (3.513300419, 1.611198187, 0.982901454)
[exact]       B.s0 idx 422 = (2.852486372, 0.018944662, 1.390823603)
[exact]       B.s1 idx 182 = (4.102384567, 1.260432601, 1.149999976)
[exact]       B.s2 idx 423 = (2.978951216, 0.692862332, 1.383269429)
[exact]   faces 421 / 806  sommets communs 0
[exact]     centres (3.6149, 1.6009, 1.4954) et (3.5354, 1.3436, 1.2278)
[exact]     point interieur commun (3.579902420, 1.370190151, 1.218064629)
[exact]       A.s0 idx 221 = (3.597047567, 0.741280258, 1.034597278)
[exact]       A.s1 idx 242 = (3.734302521, 2.450351954, 2.468676567)
[exact]       A.s2 idx 222 = (3.513300419, 1.611198187, 0.982901454)
[exact]       B.s0 idx 423 = (2.978951216, 0.692862332, 1.383269429)
[exact]       B.s1 idx 182 = (4.102384567, 1.260432601, 1.149999976)
[exact]       B.s2 idx 183 = (3.524802446, 2.077394962, 1.149999976)
[exact]   faces 345 / 425  sommets communs 0
[exact]     centres (2.6683, 3.1437, 0.8378) et (2.4947, 3.6383, 0.4826)
[exact]     point interieur commun (2.523823466, 3.747264856, 0.544051686)
[exact]       A.s0 idx 183 = (3.524802446, 2.077394962, 1.149999976)
[exact]       A.s1 idx 204 = (2.134912252, 4.563234329, 0.213491216)
[exact]       A.s2 idx 184 = (2.345177889, 2.790413141, 1.149999976)
[exact]       B.s0 idx 223 = (2.786951542, 2.732189178, 0.534537971)
[exact]       B.s1 idx 244 = (2.636558533, 4.329640865, 0.827190042)
[exact]       B.s2 idx 224 = (2.060602903, 3.853179693, 0.086174600)
[exact]   faces 345 / 424  sommets communs 0
[exact]     centres (2.6683, 3.1437, 0.8378) et (2.9609, 3.5325, 1.1397)
[exact]     point interieur commun (2.829975523, 3.167361556, 0.768743622)
[exact]       A.s0 idx 183 = (3.524802446, 2.077394962, 1.149999976)
[exact]       A.s1 idx 204 = (2.134912252, 4.563234329, 0.213491216)
[exact]       A.s2 idx 184 = (2.345177889, 2.790413141, 1.149999976)
[exact]       B.s0 idx 223 = (2.786951542, 2.732189178, 0.534537971)
[exact]       B.s1 idx 243 = (3.459317207, 3.535657883, 2.057483435)
[exact]       B.s2 idx 244 = (2.636558533, 4.329640865, 0.827190042)
[exact]   faces 344 / 426  sommets communs 0
[exact]     centres (2.8429, 3.4532, 0.5501) et (2.1703, 4.4355, 0.1701)
[exact]     point interieur commun (2.231209668, 4.415155650, 0.256660203)
[exact]       A.s0 idx 183 = (3.524802446, 2.077394962, 1.149999976)
[exact]       A.s1 idx 203 = (2.868876934, 3.718888283, 0.286887676)
[exact]       A.s2 idx 204 = (2.134912252, 4.563234329, 0.213491216)
[exact]       B.s0 idx 224 = (2.060602903, 3.853179693, 0.086174600)
[exact]       B.s1 idx 244 = (2.636558533, 4.329640865, 0.827190042)
[exact]       B.s2 idx 245 = (1.813799620, 5.123623848, -0.403103381)
[exact]   faces 345 / 426  sommets communs 0
[exact]     centres (2.6683, 3.1437, 0.8378) et (2.1703, 4.4355, 0.1701)
[exact]     point interieur commun (2.288730510, 4.213295586, 0.359717821)
[exact]       A.s0 idx 183 = (3.524802446, 2.077394962, 1.149999976)
[exact]       A.s1 idx 204 = (2.134912252, 4.563234329, 0.213491216)
[exact]       A.s2 idx 184 = (2.345177889, 2.790413141, 1.149999976)
[exact]       B.s0 idx 224 = (2.060602903, 3.853179693, 0.086174600)
[exact]       B.s1 idx 244 = (2.636558533, 4.329640865, 0.827190042)
[exact]       B.s2 idx 245 = (1.813799620, 5.123623848, -0.403103381)
[exact]   faces 385 / 426  sommets communs 1
[exact]     centres (2.3548, 4.0451, 0.1955) et (2.1703, 4.4355, 0.1701)
[exact]     point interieur commun (2.135603940, 4.164668913, 0.153617544)
[exact]       A.s0 idx 203 = (2.868876934, 3.718888283, 0.286887676)
[exact]       A.s1 idx 224 = (2.060602903, 3.853179693, 0.086174600)
[exact]       A.s2 idx 204 = (2.134912252, 4.563234329, 0.213491216)
[exact]       B.s0 idx 224 = (2.060602903, 3.853179693, 0.086174600)
[exact]       B.s1 idx 244 = (2.636558533, 4.329640865, 0.827190042)
[exact]       B.s2 idx 245 = (1.813799620, 5.123623848, -0.403103381)
[exact]   faces 414 / 452  sommets communs 0
[exact]     centres (2.1711, -0.9556, 0.1567) et (1.7123, -1.1840, -0.2213)
[exact]     point interieur commun (2.109243208, -1.102036469, 0.202119024)
[exact]       A.s0 idx 218 = (2.001478195, -1.203730345, 0.200147822)
[exact]       A.s1 idx 238 = (1.941870809, -0.908132315, 0.012883216)
[exact]       A.s2 idx 219 = (2.569992304, -0.755033910, 0.256999224)
[exact]       B.s0 idx 237 = (1.057739854, -1.086604595, -0.532876551)
[exact]       B.s1 idx 257 = (1.760766983, -1.361966729, -0.482404768)
[exact]       B.s2 idx 258 = (2.318285942, -1.103283167, 0.351268709)
[exact]   faces 414 / 453  sommets communs 1
[exact]     centres (2.1711, -0.9556, 0.1567) et (1.7726, -1.0327, -0.0562)
[exact]     point interieur commun (2.016135052, -1.004200131, 0.102156275)
[exact]       A.s0 idx 218 = (2.001478195, -1.203730345, 0.200147822)
[exact]       A.s1 idx 238 = (1.941870809, -0.908132315, 0.012883216)
[exact]       A.s2 idx 219 = (2.569992304, -0.755033910, 0.256999224)
[exact]       B.s0 idx 237 = (1.057739854, -1.086604595, -0.532876551)
[exact]       B.s1 idx 258 = (2.318285942, -1.103283167, 0.351268709)
[exact]       B.s2 idx 238 = (1.941870809, -0.908132315, 0.012883216)
[exact]   faces 374 / 452  sommets communs 0
[exact]     centres (2.2313, -1.1947, 0.5357) et (1.7123, -1.1840, -0.2213)
[exact]     point interieur commun (2.134271737, -1.102367627, 0.219673999)
[exact]       A.s0 idx 198 = (2.122352600, -1.625310779, 1.149999976)
[exact]       A.s1 idx 218 = (2.001478195, -1.203730345, 0.200147822)
[exact]       A.s2 idx 219 = (2.569992304, -0.755033910, 0.256999224)
[exact]       B.s0 idx 237 = (1.057739854, -1.086604595, -0.532876551)
[exact]       B.s1 idx 257 = (1.760766983, -1.361966729, -0.482404768)
[exact]       B.s2 idx 258 = (2.318285942, -1.103283167, 0.351268709)
[exact]   faces 374 / 453  sommets communs 0
[exact]     centres (2.2313, -1.1947, 0.5357) et (1.7726, -1.0327, -0.0562)
[exact]     point interieur commun (2.181087700, -1.077074363, 0.245498680)
[exact]       A.s0 idx 198 = (2.122352600, -1.625310779, 1.149999976)
[exact]       A.s1 idx 218 = (2.001478195, -1.203730345, 0.200147822)
[exact]       A.s2 idx 219 = (2.569992304, -0.755033910, 0.256999224)
[exact]       B.s0 idx 237 = (1.057739854, -1.086604595, -0.532876551)
[exact]       B.s1 idx 258 = (2.318285942, -1.103283167, 0.351268709)
[exact]       B.s2 idx 238 = (1.941870809, -0.908132315, 0.012883216)
[exact]   faces 374 / 454  sommets communs 0
[exact]     centres (2.2313, -1.1947, 0.5357) et (2.3787, -0.9520, 0.5164)
[exact]     point interieur commun (2.326227910, -1.039492716, 0.399629747)
[exact]       A.s0 idx 198 = (2.122352600, -1.625310779, 1.149999976)
[exact]       A.s1 idx 218 = (2.001478195, -1.203730345, 0.200147822)
[exact]       A.s2 idx 219 = (2.569992304, -0.755033910, 0.256999224)
[exact]       B.s0 idx 238 = (1.941870809, -0.908132315, 0.012883216)
[exact]       B.s1 idx 258 = (2.318285942, -1.103283167, 0.351268709)
[exact]       B.s2 idx 259 = (2.875804901, -0.844599545, 1.184942007)
[exact]   faces 375 / 454  sommets communs 0
[exact]     centres (2.5756, -1.2153, 0.8523) et (2.3787, -0.9520, 0.5164)
[exact]     point interieur commun (2.445877744, -1.031411727, 0.549751166)
[exact]       A.s0 idx 198 = (2.122352600, -1.625310779, 1.149999976)
[exact]       A.s1 idx 219 = (2.569992304, -0.755033910, 0.256999224)
[exact]       A.s2 idx 199 = (3.034428120, -1.265694737, 1.149999976)
[exact]       B.s0 idx 238 = (1.941870809, -0.908132315, 0.012883216)
[exact]       B.s1 idx 258 = (2.318285942, -1.103283167, 0.351268709)
[exact]       B.s2 idx 259 = (2.875804901, -0.844599545, 1.184942007)
[exact]   faces 375 / 495  sommets communs 0
[exact]     centres (2.5756, -1.2153, 0.8523) et (3.0449, -0.9016, 0.9983)
[exact]     point interieur commun (2.626542631, -1.018133777, 0.624348318)
[exact]       A.s0 idx 198 = (2.122352600, -1.625310779, 1.149999976)
[exact]       A.s1 idx 219 = (2.569992304, -0.755033910, 0.256999224)
[exact]       A.s2 idx 199 = (3.034428120, -1.265694737, 1.149999976)
[exact]       B.s0 idx 258 = (2.318285942, -1.103283167, 0.351268709)
[exact]       B.s1 idx 279 = (3.940650463, -0.756776631, 1.458597422)
[exact]       B.s2 idx 259 = (2.875804901, -0.844599545, 1.184942007)
[exact]   faces 495 / 874  sommets communs 0
[exact]     centres (3.0449, -0.9016, 0.9983) et (2.9799, -0.9758, 1.2379)
[exact]     point interieur commun (3.277306213, -0.839537297, 1.197073700)
[exact]       A.s0 idx 258 = (2.318285942, -1.103283167, 0.351268709)
[exact]       A.s1 idx 279 = (3.940650463, -0.756776631, 1.458597422)
[exact]       A.s2 idx 259 = (2.875804901, -0.844599545, 1.184942007)
[exact]       B.s0 idx 440 = (2.253277540, -1.011056066, 1.413667798)
[exact]       B.s1 idx 199 = (3.034428120, -1.265694737, 1.149999976)
[exact]       B.s2 idx 200 = (3.652102947, -0.650676548, 1.149999976)
[exact]   faces 376 / 495  sommets communs 0
[exact]     centres (2.9143, -0.7757, 0.5736) et (3.0449, -0.9016, 0.9983)
[exact]     point interieur commun (2.930820972, -0.970465270, 0.775813882)
[exact]       A.s0 idx 199 = (3.034428120, -1.265694737, 1.149999976)
[exact]       A.s1 idx 219 = (2.569992304, -0.755033910, 0.256999224)
[exact]       A.s2 idx 220 = (3.138506413, -0.306337535, 0.313850611)
[exact]       B.s0 idx 258 = (2.318285942, -1.103283167, 0.351268709)
[exact]       B.s1 idx 279 = (3.940650463, -0.756776631, 1.458597422)
[exact]       B.s2 idx 259 = (2.875804901, -0.844599545, 1.184942007)
[exact]   faces 456 / 875  sommets communs 0
[exact]     centres (2.9622, -0.5524, 1.1696) et (2.8771, -0.7722, 1.3342)
[exact]     point interieur commun (2.988055951, -0.679880364, 1.344398293)
[exact]       A.s0 idx 239 = (2.691357136, -0.579247952, 0.475529134)
[exact]       A.s1 idx 259 = (2.875804901, -0.844599545, 1.184942007)
[exact]       A.s2 idx 260 = (3.319400787, -0.233408630, 1.848262548)
[exact]       B.s0 idx 440 = (2.253277540, -1.011056066, 1.413667798)
[exact]       B.s1 idx 200 = (3.652102947, -0.650676548, 1.149999976)
[exact]       B.s2 idx 441 = (2.726021290, -0.654973090, 1.438885689)
[exact]   faces 496 / 874  sommets communs 0
[exact]     centres (3.8315, -0.6913, 1.7822) et (2.9799, -0.9758, 1.2379)
[exact]     point interieur commun (3.046020242, -0.823960425, 1.259864912)
[exact]       A.s0 idx 259 = (2.875804901, -0.844599545, 1.184942007)
[exact]       A.s1 idx 279 = (3.940650463, -0.756776631, 1.458597422)
[exact]       A.s2 idx 280 = (4.678168774, -0.472599834, 2.703160763)
[exact]       B.s0 idx 440 = (2.253277540, -1.011056066, 1.413667798)
[exact]       B.s1 idx 199 = (3.034428120, -1.265694737, 1.149999976)
[exact]       B.s2 idx 200 = (3.652102947, -0.650676548, 1.149999976)
[exact]   faces 496 / 875  sommets communs 0
[exact]     centres (3.8315, -0.6913, 1.7822) et (2.8771, -0.7722, 1.3342)
[exact]     point interieur commun (2.984980816, -0.822284289, 1.275875697)
[exact]       A.s0 idx 259 = (2.875804901, -0.844599545, 1.184942007)
[exact]       A.s1 idx 279 = (3.940650463, -0.756776631, 1.458597422)
[exact]       A.s2 idx 280 = (4.678168774, -0.472599834, 2.703160763)
[exact]       B.s0 idx 440 = (2.253277540, -1.011056066, 1.413667798)
[exact]       B.s1 idx 200 = (3.652102947, -0.650676548, 1.149999976)
[exact]       B.s2 idx 441 = (2.726021290, -0.654973090, 1.438885689)
[exact]   faces 497 / 875  sommets communs 0
[exact]     centres (3.6245, -0.5169, 1.9121) et (2.8771, -0.7722, 1.3342)
[exact]     point interieur commun (2.980231404, -0.764152192, 1.305734713)
[exact]       A.s0 idx 259 = (2.875804901, -0.844599545, 1.184942007)
[exact]       A.s1 idx 280 = (4.678168774, -0.472599834, 2.703160763)
[exact]       A.s2 idx 260 = (3.319400787, -0.233408630, 1.848262548)
[exact]       B.s0 idx 440 = (2.253277540, -1.011056066, 1.413667798)
[exact]       B.s1 idx 200 = (3.652102947, -0.650676548, 1.149999976)
[exact]       B.s2 idx 441 = (2.726021290, -0.654973090, 1.438885689)
[exact]   faces 377 / 495  sommets communs 0
[exact]     centres (3.2750, -0.7409, 0.8713) et (3.0449, -0.9016, 0.9983)
[exact]     point interieur commun (3.259001661, -0.897597515, 1.008816009)
[exact]       A.s0 idx 199 = (3.034428120, -1.265694737, 1.149999976)
[exact]       A.s1 idx 220 = (3.138506413, -0.306337535, 0.313850611)
[exact]       A.s2 idx 200 = (3.652102947, -0.650676548, 1.149999976)
[exact]       B.s0 idx 258 = (2.318285942, -1.103283167, 0.351268709)
[exact]       B.s1 idx 279 = (3.940650463, -0.756776631, 1.458597422)
[exact]       B.s2 idx 259 = (2.875804901, -0.844599545, 1.184942007)
[exact]   faces 456 / 878  sommets communs 0
[exact]     centres (2.9622, -0.5524, 1.1696) et (3.4185, -0.3336, 1.2463)
[exact]     point interieur commun (3.044895553, -0.506706922, 1.350215081)
[exact]       A.s0 idx 239 = (2.691357136, -0.579247952, 0.475529134)
[exact]       A.s1 idx 259 = (2.875804901, -0.844599545, 1.184942007)
[exact]       A.s2 idx 260 = (3.319400787, -0.233408630, 1.848262548)
[exact]       B.s0 idx 441 = (2.726021290, -0.654973090, 1.438885689)
[exact]       B.s1 idx 200 = (3.652102947, -0.650676548, 1.149999976)
[exact]       B.s2 idx 181 = (3.877243757, 0.304878056, 1.149999976)
[exact]   faces 457 / 878  sommets communs 0
[exact]     centres (3.0517, -0.2439, 1.0263) et (3.4185, -0.3336, 1.2463)
[exact]     point interieur commun (3.093849850, -0.352410502, 1.346280253)
[exact]       A.s0 idx 239 = (2.691357136, -0.579247952, 0.475529134)
[exact]       A.s1 idx 260 = (3.319400787, -0.233408630, 1.848262548)
[exact]       A.s2 idx 240 = (3.144202471, 0.081016243, 0.755063236)
[exact]       B.s0 idx 441 = (2.726021290, -0.654973090, 1.438885689)
[exact]       B.s1 idx 200 = (3.652102947, -0.650676548, 1.149999976)
[exact]       B.s2 idx 181 = (3.877243757, 0.304878056, 1.149999976)
[exact]   faces 457 / 879  sommets communs 0
[exact]     centres (3.0517, -0.2439, 1.0263) et (3.1519, -0.1104, 1.3266)
[exact]     point interieur commun (3.165183897, -0.211463376, 1.326461426)
[exact]       A.s0 idx 239 = (2.691357136, -0.579247952, 0.475529134)
[exact]       A.s1 idx 260 = (3.319400787, -0.233408630, 1.848262548)
[exact]       A.s2 idx 240 = (3.144202471, 0.081016243, 0.755063236)
[exact]       B.s0 idx 441 = (2.726021290, -0.654973090, 1.438885689)
[exact]       B.s1 idx 181 = (3.877243757, 0.304878056, 1.149999976)
[exact]       B.s2 idx 422 = (2.852486372, 0.018944662, 1.390823603)
[exact] SM_WaterfallCave : 54831 positions brutes -> 10038 apres soudure
[exact] === SM_WaterfallCave : 10038 sommets soudes, 20072 triangles
[exact] aire EXACTEMENT nulle : 1 face(s)
[exact]   face 10486  centre (-1.5044, -0.6392, 3.0989)
[exact]     sommets [7663, 7664, 7665]
[exact]       s0 = (-1.263276935, -0.643638015, 3.099800587)
[exact]       s1 = (-1.504409909, -0.639240623, 3.098918915)
[exact]       s2 = (-1.745542884, -0.634843230, 3.098037243)
[exact]     aretes 0.241174679 / 0.241174679 / 0.482349358 m
[exact]     deux sommets confondus : NON ; plus courte arete 0.241174679 m
[exact] aire < 1e-9 m2 mais NON nulle : 1 face(s)
[exact]   face 4838  aire 3.242e-10 m2  centre (1.0635, 0.6552, 1.7981)
[exact] paires a boites chevauchantes : 140126
[exact]   CONTACT              130660
[exact]   COPLANAIRE           32
[exact]   DEGENERE             11
[exact]   DISJOINT             9417
[exact]   PENETRATION          6
[exact] PENETRATIONS REELLES : 6
[exact]   faces 1356 / 19117  sommets communs 1
[exact]     centres (0.2789, 1.7772, 2.2401) et (0.1985, 1.6965, 1.8824)
[exact]     point interieur commun (0.207663655, 1.686876893, 2.248672310)
[exact]       A.s0 idx 3758 = (0.235249996, 1.658139944, 2.249713182)
[exact]       A.s1 idx 1806 = (0.548836112, 1.825067043, 2.227841377)
[exact]       A.s2 idx 3760 = (0.052515697, 1.848495960, 2.242818356)
[exact]       B.s0 idx 3758 = (0.235249996, 1.658139944, 2.249713182)
[exact]       B.s1 idx 3759 = (0.180077314, 1.715613842, 2.247631550)
[exact]       B.s2 idx 9618 = (0.180077314, 1.715613842, 1.149999976)
[exact]   faces 1356 / 19121  sommets communs 1
[exact]     centres (0.2789, 1.7772, 2.2401) et (0.1376, 1.7599, 1.8801)
[exact]     point interieur commun (0.116296506, 1.782054901, 2.245224897)
[exact]       A.s0 idx 3758 = (0.235249996, 1.658139944, 2.249713182)
[exact]       A.s1 idx 1806 = (0.548836112, 1.825067043, 2.227841377)
[exact]       A.s2 idx 3760 = (0.052515697, 1.848495960, 2.242818356)
[exact]       B.s0 idx 9618 = (0.180077314, 1.715613842, 1.149999976)
[exact]       B.s1 idx 3759 = (0.180077314, 1.715613842, 2.247631550)
[exact]       B.s2 idx 3760 = (0.052515697, 1.848495960, 2.242818356)
[exact]   faces 8882 / 12973  sommets communs 1
[exact]     centres (2.4041, -0.6865, 1.6347) et (2.0090, -0.6871, 2.1816)
[exact]     point interieur commun (2.527375662, -0.687934573, 1.495621223)
[exact]       A.s0 idx 6060 = (2.401901722, -0.688656569, 1.682171941)
[exact]       A.s1 idx 6043 = (2.112694979, -0.682610571, 1.955220819)
[exact]       A.s2 idx 6067 = (2.697655916, -0.688149273, 1.266767502)
[exact]       B.s0 idx 6067 = (2.697655916, -0.688149273, 1.266767502)
[exact]       B.s1 idx 5964 = (1.797529578, -0.684904277, 2.335500240)
[exact]       B.s2 idx 5942 = (1.531723022, -0.688304543, 2.942388535)
[exact]   faces 12973 / 12989  sommets communs 0
[exact]     centres (2.0090, -0.6871, 2.1816) et (2.2451, -0.6739, 1.7814)
[exact]     point interieur commun (2.377898883, -0.687851231, 1.703541466)
[exact]       A.s0 idx 6067 = (2.697655916, -0.688149273, 1.266767502)
[exact]       A.s1 idx 5964 = (1.797529578, -0.684904277, 2.335500240)
[exact]       A.s2 idx 5942 = (1.531723022, -0.688304543, 2.942388535)
[exact]       B.s0 idx 6060 = (2.401901722, -0.688656569, 1.682171941)
[exact]       B.s1 idx 6055 = (2.220614910, -0.650466621, 1.706879854)
[exact]       B.s2 idx 6043 = (2.112694979, -0.682610571, 1.955220819)
[exact]   faces 8883 / 12973  sommets communs 0
[exact]     centres (2.3434, -0.6581, 1.6011) et (2.0090, -0.6871, 2.1816)
[exact]     point interieur commun (2.400338337, -0.687989545, 1.680736277)
[exact]       A.s0 idx 6055 = (2.220614910, -0.650466621, 1.706879854)
[exact]       A.s1 idx 6060 = (2.401901722, -0.688656569, 1.682171941)
[exact]       A.s2 idx 6061 = (2.407781601, -0.635191917, 1.414278746)
[exact]       B.s0 idx 6067 = (2.697655916, -0.688149273, 1.266767502)
[exact]       B.s1 idx 5964 = (1.797529578, -0.684904277, 2.335500240)
[exact]       B.s2 idx 5942 = (1.531723022, -0.688304543, 2.942388535)
[exact]   faces 8887 / 12973  sommets communs 1
[exact]     centres (2.5024, -0.6707, 1.4544) et (2.0090, -0.6871, 2.1816)
[exact]     point interieur commun (2.549815115, -0.688072887, 1.472816034)
[exact]       A.s0 idx 6061 = (2.407781601, -0.635191917, 1.414278746)
[exact]       A.s1 idx 6060 = (2.401901722, -0.688656569, 1.682171941)
[exact]       A.s2 idx 6067 = (2.697655916, -0.688149273, 1.266767502)
[exact]       B.s0 idx 6067 = (2.697655916, -0.688149273, 1.266767502)
[exact]       B.s1 idx 5964 = (1.797529578, -0.684904277, 2.335500240)
[exact]       B.s2 idx 5942 = (1.531723022, -0.688304543, 2.942388535)
[exact] TOTAL : 1 face(s) d'aire exactement nulle, 68 penetration(s) reelle(s)
