==============================================================================
ORACLE GLOBAL — topologie + classement d'espace
==============================================================================
maillage : /home/user/zelda-r2a354/reference/SM_WaterfallCave_R2a34.glb
sha256   : 8bf1a1b309aee79f92c77371f0f5137c3e6ceefc1ecf4842f038af4f48c77110
noeud    : SM_WaterfallCave   (COL_WaterfallCave, proxy de collision, n'est PAS mesure)
triangles: 19954   matieres : MAT_CaveIn_Deep, MAT_CaveIn_Floor, MAT_CaveIn_Wall, MAT_CaveRock_Base, MAT_CaveRock_Collar, MAT_CaveRock_Face
AABB     : x[-8.293 8.912] y[-3.992 12.251] z[-3.550 9.643]

------------------------------------------------------------------------------
METHODE A — TOPOLOGIE (combinatoire pure, sans grille ni rayon)
------------------------------------------------------------------------------
   sommets soudes 9975   aretes 29931   faces 19954
   aretes par nombre de faces : {'2': 29931}
   bords libres 0   aretes non-manifold 0   sommets pinces 0   composantes 1
      composante 0 : F=19954 V=9975 E=29931  khi=-2  genre 2

------------------------------------------------------------------------------
METHODE B — CLASSEMENT D'ESPACE (segment centre-a-centre)
------------------------------------------------------------------------------
   reperes lus dans : /home/user/zelda-r2a354/b_portail/scripts/world_v2/poi/waterfall_cave_place.gd
   sha256 de cette source : 7eb402f3910e00eb9dccc9d7956dde187b7598b6ef6a52904e0e5445e5cd7c87
   AVERTISSEMENT : une geometrie doit etre mesuree avec SES
   reperes. Les reperes ont ete re-derives a R2a-3.5.2 ; croiser
   une geometrie et les reperes d'une autre revision rend un
   verdict credible sur un couple qui n'existe pas.
   graine interieure = MODELE_SALLE relevee de 0.90 m (hauteur de torse) : (2.62 ; 2.58 ; 0.99)
   temoins = repere releve de 0.30 m (les MODELE_* designent un point au SOL ; au ras de la surface la case est indecise)
   grille 197x187x156 = 5746884 case(s), pas 0.100 m
   segments (colonnes repliees) : 94765
   composantes d'espace (sans barriere) : 2
      AIR         4751929 case(s)    4751.93 m3  bord  191334  voix air/roche 57962/0
      ROCHE        994955 case(s)     994.96 m3  bord       0  voix air/roche 0/57890
   barriere de bouche : couche j=39, surface a y=-1.192 (epaisseur nulle)
   composante de la graine : ROCHE, 890071 case(s) = 890.07 m3, emprise x[-8.24 8.86] y[-1.14 12.16] z[-3.50 9.60]

BLOQUE : la graine interieure tombe dans une composante ROCHE : une graine dans la roche rendrait ETANCHE sans rien prouver
