SABOTAGE APPLIQUE ET RELU: True
RC_patch=0
=== SABOTAGE : chaine d'export avec des BOITES DROITES ===
sha256 du GLB AVANT sabotage :
643852ad68b6b98ae8244653f7017ab1411a9a25455c4d65c900ecf6cf290c14  assets/architecture/farm/SM_Farm_Ruins.glb

=== SABOTAGE : le GLB a REELLEMENT ete reecrit ===
9e71fe87283b1b8eeb502d20367622898206a04dac93a32bba6a7a7ec5a854af  assets/architecture/farm/SM_Farm_Ruins.glb
(GLB sain : 643852ad68b6b98ae8244653f7017ab1411a9a25455c4d65c900ecf6cf290c14)

=== instrument sur le GLB SABOTE ===
mesh                    comp   tris     hexa     equi   droite  aire_med arete_min
 SM_Farm_Truss            21    212    90.6%    90.6%    90.6%   1.51204  0.070292
 SM_Farm_RoofPan_Intact     9    108   100.0%   100.0%    66.7%   9.91536  0.055000
 SM_Farm_RoofPan_Fallen     9    108   100.0%   100.0%    44.4%   0.97680  0.050000
*SM_Farm_Debris_A         12    136    97.1%    97.1%    97.1%   0.56125  0.055800
*SM_Farm_Debris_B         12    136    97.1%    97.1%    97.1%   0.56125  0.055800
 SM_Farm_GableBreak       14    308    50.6%     7.8%     7.8%   0.29824  0.040000
 SM_Farm_WallStub_East     4     84    42.9%     0.0%     0.0%   0.57290  0.033982
 SM_Farm_Rubble_Wall      16    184    97.8%     6.5%     6.5%   0.98015  0.117154
 SM_Farm_Jamb_Door         9    108   100.0%    33.3%    33.3%   0.38015  0.150000
 SM_Farm_Jamb_Breach       7     92    78.3%    26.1%    26.1%   0.38015  0.080000
 SM_Farm_InteriorFrame     6     72   100.0%   100.0%    66.7%   1.89664  0.114175
 SM_Farm_JoistStubs        9     76    78.9%    63.2%    63.2%   0.48526  0.101533
 SM_Farm_WallBreak_North    16    336    53.6%     3.6%     3.6%   0.17829  0.053621
 SM_Farm_Rubble_North     12    144   100.0%     0.0%     0.0%   0.88536  0.301751
les meshes retenus              272    97.1%    97.1%    97.1%
ECHEC : hexa 97.1% > plafond 25.0%
RC_instrument_sabote=1
