Blender 4.0.2
[farm_ruins] SM_Farm_Truss             212 tris  X -3.08..3.08  Y -3.15..3.35  Z 0.000..1.43
[farm_ruins] SM_Farm_RoofPan_Intact    108 tris  X 0.00..3.55  Y -3.40..3.40  Z 0.000..0.14
[farm_ruins] SM_Farm_RoofPan_Fallen    108 tris  X 0.00..3.15  Y -1.72..1.77  Z 0.000..2.16
[farm_ruins] SM_Farm_Debris_A          124 tris  X -0.61..0.82  Y -0.61..0.54  Z 0.000..0.68
[farm_ruins] SM_Farm_Debris_B          124 tris  X -0.48..0.69  Y -0.49..0.54  Z 0.000..0.69
[farm_ruins] SM_Farm_GableBreak        308 tris  X -3.21..2.11  Y -0.34..0.03  Z 0.000..1.80
[farm_ruins] SM_Farm_WallStub_East      84 tris  X -1.19..1.03  Y -0.22..0.26  Z 0.000..1.15
[farm_ruins] SM_Farm_Rubble_Wall       184 tris  X -1.27..1.13  Y -0.74..0.74  Z 0.000..0.62
[farm_ruins] SM_Farm_Jamb_Door         108 tris  X -1.13..1.13  Y -0.02..0.50  Z 0.000..2.10
[farm_ruins] SM_Farm_Jamb_Breach        92 tris  X -1.13..1.13  Y -0.02..0.50  Z 0.000..1.72
[farm_ruins] SM_Farm_InteriorFrame      72 tris  X 0.01..0.74  Y -2.60..2.40  Z 0.000..2.88
[farm_ruins] SM_Farm_JoistStubs         76 tris  X 0.00..1.18  Y -2.02..1.98  Z 0.000..0.39
[farm_ruins] SM_Farm_WallBreak_North   252 tris  X -1.26..1.35  Y -0.29..0.26  Z 0.000..3.12
[farm_ruins] SM_Farm_Rubble_North      144 tris  X -0.71..0.81  Y -0.46..0.50  Z 0.000..0.52
[farm_ruins] total 1996 triangles (budget 4500)
[farm_ruins] pignon : asymetrie 0.206, 40 gradin(s) d'arrachement
Info: Total files 0 | Changed 0 | Failed 0
Info: Saved "SM_Farm_Ruins.blend"
[farm_ruins] source enregistrée -> /home/user/zelda-r2b2/a_ferme/source_assets/blender/architecture/SM_Farm_Ruins.blend
FIN NOMINALE
