LANCER_GODOT: --headless ajouté (pas de --rendu : aucun affichage disponible).
LANCER_GODOT: VERROU=/home/user/Zelda/.git/heavy_tools.lock
LANCER_GODOT: XDG_DATA_HOME=/tmp/lancer_godot_ud_fFWu4zjh
LANCER_GODOT: CWD=/home/user/Zelda
LANCER_GODOT: CMD=/usr/local/bin/godot --headless --path . --script tools/godot/test_runner.gd -- --filter=localisation_iss075
Godot Engine v4.7.1.stable.custom_build.a13da4feb (2026-07-13 21:00:28 UTC) - https://godotengine.org

=== TEST RUNNER — Godot 4.7.1-stable (custom_build) ===
filtre: localisation_iss075
  ok   test_localisation_iss075.gd::test_la_forme_d_une_cle_ne_peut_pas_attraper_un_texte_joueur (20 assertions)
  ok   test_localisation_iss075.gd::test_chaque_cle_de_la_source_rend_un_texte (10 assertions)
ERROR: [textes] clé absente de la langue source « fr » : cle.qui.n.existe.pas.du.tout
   at: push_error (core/variant/variant_utility.cpp:1023)
   GDScript backtrace (most recent call first):
       [0] t (res://scripts/localisation/textes.gd:112)
       [1] test_une_cle_absente_de_la_source_est_signalee_et_visible (res://tests/integration/test_localisation_iss075.gd:135)
       [2] _run_script (res://tools/godot/test_runner.gd:297)
       [3] _root_delta (res://tools/godot/test_runner.gd:390)
  ok   test_localisation_iss075.gd::test_une_cle_absente_de_la_source_est_signalee_et_visible (4 assertions)
  ok   test_localisation_iss075.gd::test_la_locale_temoin_change_le_texte_rendu (6 assertions)
  ok   test_localisation_iss075.gd::test_une_traduction_manquante_retombe_sur_le_francais_sans_echouer (5 assertions)
  ok   test_localisation_iss075.gd::test_les_textes_du_camp_sont_des_cles_qui_resolvent (6 assertions)
  ok   test_localisation_iss075.gd::test_le_hud_traduit_une_cle_et_laisse_passer_un_texte_brut (3 assertions)
  ÉCHEC test_localisation_iss075.gd::test_aucune_nouvelle_porte_notify_ne_porte_de_texte_ecrit_en_dur — A8 — « scripts/dungeon/reset_button.gd » porte 1 texte(s) joueur écrit(s) en dur pour un plafond de 0. Un texte joueur neuf passe par une CLÉ : ajoutez-la dans resources/localisation/fr.json et appelez Textes.t(). Si le plafond doit vraiment monter, c'est une décision de revue, pas une modification de test
erreurs de script dans le journal : 0

=== RÉSULTAT: 7 réussi(s), 1 échoué(s) ===
  ÉCHEC: test_localisation_iss075.gd::test_aucune_nouvelle_porte_notify_ne_porte_de_texte_ecrit_en_dur — A8 — « scripts/dungeon/reset_button.gd » porte 1 texte(s) joueur écrit(s) en dur pour un plafond de 0. Un texte joueur neuf passe par une CLÉ : ajoutez-la dans resources/localisation/fr.json et appelez Textes.t(). Si le plafond doit vraiment monter, c'est une décision de revue, pas une modification de test
LANCER_GODOT: RC_GODOT=1
