LANCER_GODOT: --headless ajouté (pas de --rendu : aucun affichage disponible).
LANCER_GODOT: VERROU=/home/user/Zelda/.git/heavy_tools.lock
LANCER_GODOT: XDG_DATA_HOME=/tmp/lancer_godot_ud_r8x4gxn3
LANCER_GODOT: CWD=/home/user/Zelda
LANCER_GODOT: CMD=/usr/local/bin/godot --headless --path . --script tools/godot/test_runner.gd -- --filter=camp_cuisine_iss084
Godot Engine v4.7.1.stable.custom_build.a13da4feb (2026-07-13 21:00:28 UTC) - https://godotengine.org

=== TEST RUNNER — Godot 4.7.1-stable (custom_build) ===
filtre: camp_cuisine_iss084
[hameau] implantation vérifiée : 3 toiture(s), 10 collider(s), 24 appui(s) — aucune faute.
[world_v2] monde        : neris_v2 (vallée whitebox V2.1)
[world_v2] carte        : 31 lieux + 3 sites systémiques, valide
[world_v2] terrain      : 64 chunks, montage 9293 ms
[world_v2] navigation   : 4 région(s) chargée(s)
[world_v2] lieux        : 15 scène(s) posée(s) par le layout
[world_v2] spawn        : (0.0, 24.4, 170.0)
[world_v2] porte donjon : posée au seuil §3.3
[world_v2] arrivée      : spawn
[world_v2] héros posé   : (0.0, 24.4, 170.0) lacet=0.00
[peuplement] garnison : 4 posé(s), 0 déjà tombé(s)
[world_v2] sol          : c4r6 à y=24.00
[world_v2] fondation V2 vérifiée — vallée whitebox prête.
WARNING: Navigation region synchronization had 2 edge error(s).
More than 2 edges tried to occupy the same map rasterization space.
This causes a logical error in the navigation mesh geometry and is commonly caused by overlap or too densely placed edges.
Consider baking with a higher 'cell_size', greater geometry margin, and less detailed bake objects to cause fewer edges.
Consider lowering the 'navigation/3d/merge_rasterizer_cell_scale' in the project settings.
This warning can be toggled under 'navigation/3d/warnings/navmesh_edge_merge_errors' in the project settings.
     at: _build_step_find_edge_connection_pairs (modules/navigation_3d/3d/nav_region_builder_3d.cpp:219)
WARNING: Navigation region synchronization had 38 edge error(s).
More than 2 edges tried to occupy the same map rasterization space.
This causes a logical error in the navigation mesh geometry and is commonly caused by overlap or too densely placed edges.
Consider baking with a higher 'cell_size', greater geometry margin, and less detailed bake objects to cause fewer edges.
Consider lowering the 'navigation/3d/merge_rasterizer_cell_scale' in the project settings.
This warning can be toggled under 'navigation/3d/warnings/navmesh_edge_merge_errors' in the project settings.
     at: _build_step_find_edge_connection_pairs (modules/navigation_3d/3d/nav_region_builder_3d.cpp:219)
  ÉCHEC test_world_v2_camp_cuisine_iss084.gd::test_camp_tenu_le_foyer_ne_propose_rien_et_refuse_de_cuisiner — préalable : la donnée du camp nomme son foyer de cuisine (champ `foyer_cuisine`) — sans lui ce fichier ne sait pas quoi viser
  ÉCHEC test_world_v2_camp_cuisine_iss084.gd::test_camp_tenu_le_foyer_ne_propose_rien_et_refuse_de_cuisiner — le foyer de cuisine du camp existe (lieu GELÉ) : valeur nulle
[hameau] implantation vérifiée : 3 toiture(s), 10 collider(s), 24 appui(s) — aucune faute.
[world_v2] monde        : neris_v2 (vallée whitebox V2.1)
[world_v2] carte        : 31 lieux + 3 sites systémiques, valide
[world_v2] terrain      : 64 chunks, montage 5168 ms
[world_v2] navigation   : 4 région(s) chargée(s)
[world_v2] lieux        : 15 scène(s) posée(s) par le layout
[world_v2] spawn        : (0.0, 24.4, 170.0)
[world_v2] porte donjon : posée au seuil §3.3
[world_v2] arrivée      : spawn
[world_v2] héros posé   : (0.0, 24.4, 170.0) lacet=0.00
[peuplement] garnison : 0 posé(s), 4 déjà tombé(s)
WARNING: Navigation region synchronization had 2 edge error(s).
More than 2 edges tried to occupy the same map rasterization space.
This causes a logical error in the navigation mesh geometry and is commonly caused by overlap or too densely placed edges.
Consider baking with a higher 'cell_size', greater geometry margin, and less detailed bake objects to cause fewer edges.
Consider lowering the 'navigation/3d/merge_rasterizer_cell_scale' in the project settings.
This warning can be toggled under 'navigation/3d/warnings/navmesh_edge_merge_errors' in the project settings.
     at: _build_step_find_edge_connection_pairs (modules/navigation_3d/3d/nav_region_builder_3d.cpp:219)
WARNING: Navigation region synchronization had 38 edge error(s).
More than 2 edges tried to occupy the same map rasterization space.
This causes a logical error in the navigation mesh geometry and is commonly caused by overlap or too densely placed edges.
Consider baking with a higher 'cell_size', greater geometry margin, and less detailed bake objects to cause fewer edges.
Consider lowering the 'navigation/3d/merge_rasterizer_cell_scale' in the project settings.
This warning can be toggled under 'navigation/3d/warnings/navmesh_edge_merge_errors' in the project settings.
     at: _build_step_find_edge_connection_pairs (modules/navigation_3d/3d/nav_region_builder_3d.cpp:219)
[world_v2] sol          : c4r6 à y=24.00
[world_v2] fondation V2 vérifiée — vallée whitebox prête.
  ÉCHEC test_world_v2_camp_cuisine_iss084.gd::test_camp_libere_le_foyer_redevient_utilisable — préalable : la donnée du camp nomme son foyer de cuisine (champ `foyer_cuisine`) — sans lui ce fichier ne sait pas quoi viser
  ÉCHEC test_world_v2_camp_cuisine_iss084.gd::test_camp_libere_le_foyer_redevient_utilisable — le foyer existe toujours : valeur nulle
[hameau] implantation vérifiée : 3 toiture(s), 10 collider(s), 24 appui(s) — aucune faute.
[world_v2] monde        : neris_v2 (vallée whitebox V2.1)
[world_v2] carte        : 31 lieux + 3 sites systémiques, valide
[world_v2] terrain      : 64 chunks, montage 5054 ms
[world_v2] navigation   : 4 région(s) chargée(s)
[world_v2] lieux        : 15 scène(s) posée(s) par le layout
[world_v2] spawn        : (0.0, 24.4, 170.0)
[world_v2] porte donjon : posée au seuil §3.3
[world_v2] arrivée      : spawn
[world_v2] héros posé   : (0.0, 24.4, 170.0) lacet=0.00
[peuplement] garnison : 4 posé(s), 0 déjà tombé(s)
WARNING: Navigation region synchronization had 2 edge error(s).
More than 2 edges tried to occupy the same map rasterization space.
This causes a logical error in the navigation mesh geometry and is commonly caused by overlap or too densely placed edges.
Consider baking with a higher 'cell_size', greater geometry margin, and less detailed bake objects to cause fewer edges.
Consider lowering the 'navigation/3d/merge_rasterizer_cell_scale' in the project settings.
This warning can be toggled under 'navigation/3d/warnings/navmesh_edge_merge_errors' in the project settings.
     at: _build_step_find_edge_connection_pairs (modules/navigation_3d/3d/nav_region_builder_3d.cpp:219)
WARNING: Navigation region synchronization had 38 edge error(s).
More than 2 edges tried to occupy the same map rasterization space.
This causes a logical error in the navigation mesh geometry and is commonly caused by overlap or too densely placed edges.
Consider baking with a higher 'cell_size', greater geometry margin, and less detailed bake objects to cause fewer edges.
Consider lowering the 'navigation/3d/merge_rasterizer_cell_scale' in the project settings.
This warning can be toggled under 'navigation/3d/warnings/navmesh_edge_merge_errors' in the project settings.
     at: _build_step_find_edge_connection_pairs (modules/navigation_3d/3d/nav_region_builder_3d.cpp:219)
[world_v2] sol          : c4r6 à y=24.00
[world_v2] fondation V2 vérifiée — vallée whitebox prête.
[hameau] implantation vérifiée : 3 toiture(s), 10 collider(s), 24 appui(s) — aucune faute.
[world_v2] monde        : neris_v2 (vallée whitebox V2.1)
[world_v2] carte        : 31 lieux + 3 sites systémiques, valide
[world_v2] terrain      : 64 chunks, montage 5135 ms
[world_v2] navigation   : 4 région(s) chargée(s)
[world_v2] lieux        : 15 scène(s) posée(s) par le layout
[world_v2] spawn        : (0.0, 24.4, 170.0)
[world_v2] porte donjon : posée au seuil §3.3
[world_v2] arrivée      : spawn
[world_v2] héros posé   : (0.0, 24.4, 170.0) lacet=0.00
[peuplement] garnison : 0 posé(s), 4 déjà tombé(s)
WARNING: Navigation region synchronization had 2 edge error(s).
More than 2 edges tried to occupy the same map rasterization space.
This causes a logical error in the navigation mesh geometry and is commonly caused by overlap or too densely placed edges.
Consider baking with a higher 'cell_size', greater geometry margin, and less detailed bake objects to cause fewer edges.
Consider lowering the 'navigation/3d/merge_rasterizer_cell_scale' in the project settings.
This warning can be toggled under 'navigation/3d/warnings/navmesh_edge_merge_errors' in the project settings.
     at: _build_step_find_edge_connection_pairs (modules/navigation_3d/3d/nav_region_builder_3d.cpp:219)
WARNING: Navigation region synchronization had 38 edge error(s).
More than 2 edges tried to occupy the same map rasterization space.
This causes a logical error in the navigation mesh geometry and is commonly caused by overlap or too densely placed edges.
Consider baking with a higher 'cell_size', greater geometry margin, and less detailed bake objects to cause fewer edges.
Consider lowering the 'navigation/3d/merge_rasterizer_cell_scale' in the project settings.
This warning can be toggled under 'navigation/3d/warnings/navmesh_edge_merge_errors' in the project settings.
     at: _build_step_find_edge_connection_pairs (modules/navigation_3d/3d/nav_region_builder_3d.cpp:219)
[world_v2] sol          : c4r6 à y=24.00
[world_v2] fondation V2 vérifiée — vallée whitebox prête.
  ÉCHEC test_world_v2_camp_cuisine_iss084.gd::test_l_etat_du_foyer_se_deduit_a_chaque_reprise — préalable : la donnée du camp nomme son foyer de cuisine (champ `foyer_cuisine`) — sans lui ce fichier ne sait pas quoi viser
  ÉCHEC test_world_v2_camp_cuisine_iss084.gd::test_l_etat_du_foyer_se_deduit_a_chaque_reprise — préalable : la donnée du camp nomme son foyer de cuisine (champ `foyer_cuisine`) — sans lui ce fichier ne sait pas quoi viser
  ÉCHEC test_world_v2_camp_cuisine_iss084.gd::test_l_etat_du_foyer_se_deduit_a_chaque_reprise — A4 — à la reprise d'une partie où le camp est TENU, le foyer se tait : attendu , obtenu <absent>
  ÉCHEC test_world_v2_camp_cuisine_iss084.gd::test_l_etat_du_foyer_se_deduit_a_chaque_reprise — A4 — à la reprise d'une partie où le camp est TOMBÉ, il propose de cuisiner. Les deux dans la MÊME session : l'état est déduit, pas mémorisé : attendu Cuisiner, obtenu <absent>
  ÉCHEC test_world_v2_camp_cuisine_iss084.gd::test_l_etat_du_foyer_se_deduit_a_chaque_reprise — et fait DISPARAÎTRE GameState (supprimé), EventBus (supprimé), SaveSystem (supprimé), AudioManager (supprimé), SceneFlow (supprimé), DevMode (supprimé) de la racine
SCRIPT ERROR: Cannot call method 'call' on a null value.
          at: _semer (res://tests/world_v2/test_world_v2_camp_cuisine_iss084.gd:55)
          GDScript backtrace (most recent call first):
              [0] _semer (res://tests/world_v2/test_world_v2_camp_cuisine_iss084.gd:55)
              [1] test_le_foyer_de_la_vallee_v1_reste_utilisable (res://tests/world_v2/test_world_v2_camp_cuisine_iss084.gd:224)
              [2] _run_script (res://tools/godot/test_runner.gd:297)
              [3] _root_delta (res://tools/godot/test_runner.gd:390)
[art] vallée peinte : 4469 surfaces
[monde] lieux habités : 8 chemins, 14 objets de vie
  ok   test_world_v2_camp_cuisine_iss084.gd::test_le_foyer_de_la_vallee_v1_reste_utilisable (3 assertions)
erreurs de script dans le journal : 1
  ÉCHEC ISS-027 : 1 SCRIPT ERROR dans le journal — un test a pu être avorté en silence

=== RÉSULTAT: 1 réussi(s), 10 échoué(s) ===
  ÉCHEC: test_world_v2_camp_cuisine_iss084.gd::test_camp_tenu_le_foyer_ne_propose_rien_et_refuse_de_cuisiner — préalable : la donnée du camp nomme son foyer de cuisine (champ `foyer_cuisine`) — sans lui ce fichier ne sait pas quoi viser
  ÉCHEC: test_world_v2_camp_cuisine_iss084.gd::test_camp_tenu_le_foyer_ne_propose_rien_et_refuse_de_cuisiner — le foyer de cuisine du camp existe (lieu GELÉ) : valeur nulle
  ÉCHEC: test_world_v2_camp_cuisine_iss084.gd::test_camp_libere_le_foyer_redevient_utilisable — préalable : la donnée du camp nomme son foyer de cuisine (champ `foyer_cuisine`) — sans lui ce fichier ne sait pas quoi viser
  ÉCHEC: test_world_v2_camp_cuisine_iss084.gd::test_camp_libere_le_foyer_redevient_utilisable — le foyer existe toujours : valeur nulle
  ÉCHEC: test_world_v2_camp_cuisine_iss084.gd::test_l_etat_du_foyer_se_deduit_a_chaque_reprise — préalable : la donnée du camp nomme son foyer de cuisine (champ `foyer_cuisine`) — sans lui ce fichier ne sait pas quoi viser
  ÉCHEC: test_world_v2_camp_cuisine_iss084.gd::test_l_etat_du_foyer_se_deduit_a_chaque_reprise — préalable : la donnée du camp nomme son foyer de cuisine (champ `foyer_cuisine`) — sans lui ce fichier ne sait pas quoi viser
  ÉCHEC: test_world_v2_camp_cuisine_iss084.gd::test_l_etat_du_foyer_se_deduit_a_chaque_reprise — A4 — à la reprise d'une partie où le camp est TENU, le foyer se tait : attendu , obtenu <absent>
  ÉCHEC: test_world_v2_camp_cuisine_iss084.gd::test_l_etat_du_foyer_se_deduit_a_chaque_reprise — A4 — à la reprise d'une partie où le camp est TOMBÉ, il propose de cuisiner. Les deux dans la MÊME session : l'état est déduit, pas mémorisé : attendu Cuisiner, obtenu <absent>
  ÉCHEC: test_world_v2_camp_cuisine_iss084.gd::test_l_etat_du_foyer_se_deduit_a_chaque_reprise — et fait DISPARAÎTRE GameState (supprimé), EventBus (supprimé), SaveSystem (supprimé), AudioManager (supprimé), SceneFlow (supprimé), DevMode (supprimé) de la racine
  ÉCHEC: ISS-027 : 1 SCRIPT ERROR dans le journal — un test a pu être avorté en silence
WARNING: 200 ObjectDB instances were leaked at exit (run with `--verbose` for details).
   at: cleanup (core/object/object.cpp:2536)
ERROR: 124 resources still in use at exit (run with --verbose for details).
   at: clear (core/io/resource.cpp:822)
ERROR: Pages in use exist at exit in PagedAllocator: N12VariantPools12BucketMediumE
   at: ~PagedAllocator (./core/templates/paged_allocator.h:170)
ERROR: Pages in use exist at exit in PagedAllocator: N12VariantPools11BucketSmallE
   at: ~PagedAllocator (./core/templates/paged_allocator.h:170)
ERROR: 15 RID allocations of type 'N13RendererDummy15MaterialStorage13DummyMaterialE' were leaked at exit.
ERROR: 4 RID allocations of type 'N13RendererDummy15MaterialStorage11DummyShaderE' were leaked at exit.
ERROR: 26 RID allocations of type 'N13RendererDummy9DummyMeshE' were leaked at exit.
ERROR: 13 RID allocations of type 'PN13RendererDummy14TextureStorage12DummyTextureE' were leaked at exit.
LANCER_GODOT: RC_GODOT=1
RC=1
