LANCER_GODOT: --headless ajouté (pas de --rendu : aucun affichage disponible).
LANCER_GODOT: VERROU=/home/istvan/Projects/Zelda/.git/heavy_tools.lock
LANCER_GODOT: XDG_DATA_HOME=/tmp/lancer_godot_ud_9QgQkJMP
LANCER_GODOT: CWD=/home/istvan/Projects/zelda-wt-impl
LANCER_GODOT: CMD=/home/istvan/.local/bin/godot --headless --path . --script tools/godot/test_runner.gd -- --filter=essais_ambiance_iss087,ambience_bus_restore,audio_ambience_loop_iss088,ambience_ownership
Godot Engine v4.7.1.stable.official.a13da4feb - https://godotengine.org

=== TEST RUNNER — Godot 4.7.1-stable (official) ===
filtre: essais_ambiance_iss087,ambience_bus_restore,audio_ambience_loop_iss088,ambience_ownership
[boot] Godot            : 4.7.1-stable (official)
[boot] renderer         : forward_plus
[boot] physique 3D      : Jolt Physics
[boot] tick physique    : 60 Hz
[boot] pilote de rendu  : headless
[boot] autoloads        : GameState, EventBus, SaveSystem, AudioManager, SceneFlow
[boot] flux             : BOOT
[boot] fondation vérifiée — Phase A.
[boot] transition vers le menu principal.
[flow] transition vers : res://scenes/ui/MainMenu.tscn
[flow] transition vers : res://scenes/world/valley/ValleyWorld.tscn
[art] vallée peinte : 4469 surfaces
[monde] lieux habités : 8 chemins, 14 objets de vie
[flow] transition vers : res://scenes/ui/MainMenu.tscn
  ok   test_ambience_ownership_iss086.gd::test_quitter_la_vallee_arrete_et_libere_son_ambiance (8 assertions)
[art] vallée peinte : 4469 surfaces
[monde] lieux habités : 8 chemins, 14 objets de vie
[art] vallée peinte : 4469 surfaces
[monde] lieux habités : 8 chemins, 14 objets de vie
[art] vallée peinte : 4469 surfaces
[monde] lieux habités : 8 chemins, 14 objets de vie
  ok   test_ambience_ownership_iss086.gd::test_trois_cycles_ne_laissent_aucune_ambiance_derriere (13 assertions)
[art] vallée peinte : 4469 surfaces
[monde] lieux habités : 8 chemins, 14 objets de vie
  ok   test_ambience_ownership_iss086.gd::test_une_sortie_tardive_ne_coupe_pas_lambiance_suivante (5 assertions)
WARNING: [audio] play_ambience(amb_valley) sans propriétaire : refusé. Qui démarre une ambiance doit pouvoir la rendre.
     at: push_warning (core/variant/variant_utility.cpp:1033)
     GDScript backtrace (most recent call first):
         [0] play_ambience (res://scripts/core/audio_manager.gd:97)
         [1] test_une_ambiance_sans_proprietaire_est_refusee (res://tests/integration/test_ambience_ownership_iss086.gd:438)
         [2] _rendre_le_silence (res://tests/integration/test_ambience_ownership_iss086.gd:208)
  ok   test_ambience_ownership_iss086.gd::test_une_ambiance_sans_proprietaire_est_refusee (4 assertions)
  ok   test_audio_ambience_loop_iss088.gd::test_la_borne_de_boucle_se_compte_en_trames_pas_en_octets (8 assertions)
  ok   test_audio_ambience_loop_iss088.gd::test_le_cache_partage_reste_intact_et_lambiance_a_sa_copie (11 assertions)
  ok   test_audio_ambience_loop_iss088.gd::test_la_lecture_ne_reboucle_pas_avant_la_fin_du_clip (5 assertions)
  ok   test_essais_ambiance_iss087.gd::test_d_temoin_committe_muet (3 assertions)
  ok   test_essais_ambiance_iss087.gd::test_p1_demarre_et_rend_a_la_sortie (3 assertions)
  ok   test_essais_ambiance_iss087.gd::test_p3_lit_et_minuterie_dans_les_bornes (6 assertions)
  ok   test_essais_ambiance_iss087.gd::test_p2_bascules_par_region_et_tenue_hors_region (7 assertions)
  ok   test_ambience_bus_restore.gd::test_le_volume_du_bus_ambience_est_restaure (2 assertions)
erreurs de script dans le journal : 0

=== RÉSULTAT: 12 réussi(s), 0 échoué(s) ===
LANCER_GODOT: RC_GODOT=0
filtre: essais_ambiance_iss087,ambience_bus_restore,audio_ambience_loop_iss088,ambience_ownership
