LANCER_GODOT: --headless ajouté (pas de --rendu : aucun affichage disponible).
LANCER_GODOT: VERROU=/home/istvan/Projects/Zelda/.git/heavy_tools.lock
LANCER_GODOT: XDG_DATA_HOME=/tmp/lancer_godot_ud_fChAEEtV
LANCER_GODOT: CWD=/home/istvan/Projects/zelda-wt-impl
LANCER_GODOT: CMD=/home/istvan/.local/bin/godot --headless --path . --script tools/godot/test_runner.gd -- --filter=audio_ambience_loop_iss088,ambience_ownership,textes_iss075,localisation_iss075,world_v2_anchors
Godot Engine v4.7.1.stable.official.a13da4feb - https://godotengine.org

=== TEST RUNNER — Godot 4.7.1-stable (official) ===
filtre: audio_ambience_loop_iss088,ambience_ownership,textes_iss075,localisation_iss075,world_v2_anchors
[boot] Godot            : 4.7.1-stable (official)
[boot] renderer         : forward_plus
[boot] physique 3D      : Jolt Physics
[boot] tick physique    : 60 Hz
[boot] pilote de rendu  : headless
[boot] autoloads        : GameState, EventBus, SaveSystem, AudioManager, SceneFlow
[boot] flux             : BOOT
[boot] fondation vérifiée — Phase A.
[boot] transition vers le menu principal.
[flow] transition vers : res://scenes/ui/MainMenu.tscn
[flow] transition vers : res://scenes/world/valley/ValleyWorld.tscn
[art] vallée peinte : 4469 surfaces
[monde] lieux habités : 8 chemins, 14 objets de vie
[flow] transition vers : res://scenes/ui/MainMenu.tscn
  ok   test_ambience_ownership_iss086.gd::test_quitter_la_vallee_arrete_et_libere_son_ambiance (8 assertions)
[art] vallée peinte : 4469 surfaces
[monde] lieux habités : 8 chemins, 14 objets de vie
[art] vallée peinte : 4469 surfaces
[monde] lieux habités : 8 chemins, 14 objets de vie
[art] vallée peinte : 4469 surfaces
[monde] lieux habités : 8 chemins, 14 objets de vie
  ok   test_ambience_ownership_iss086.gd::test_trois_cycles_ne_laissent_aucune_ambiance_derriere (13 assertions)
[art] vallée peinte : 4469 surfaces
[monde] lieux habités : 8 chemins, 14 objets de vie
  ok   test_ambience_ownership_iss086.gd::test_une_sortie_tardive_ne_coupe_pas_lambiance_suivante (5 assertions)
WARNING: [audio] play_ambience(amb_valley) sans propriétaire : refusé. Qui démarre une ambiance doit pouvoir la rendre.
     at: push_warning (core/variant/variant_utility.cpp:1033)
     GDScript backtrace (most recent call first):
         [0] play_ambience (res://scripts/core/audio_manager.gd:97)
         [1] test_une_ambiance_sans_proprietaire_est_refusee (res://tests/integration/test_ambience_ownership_iss086.gd:438)
         [2] _rendre_le_silence (res://tests/integration/test_ambience_ownership_iss086.gd:208)
  ok   test_ambience_ownership_iss086.gd::test_une_ambiance_sans_proprietaire_est_refusee (4 assertions)
  ok   test_audio_ambience_loop_iss088.gd::test_la_borne_de_boucle_se_compte_en_trames_pas_en_octets (8 assertions)
  ok   test_audio_ambience_loop_iss088.gd::test_le_cache_partage_reste_intact_et_lambiance_a_sa_copie (11 assertions)
  ok   test_audio_ambience_loop_iss088.gd::test_la_lecture_ne_reboucle_pas_avant_la_fin_du_clip (5 assertions)
  ok   test_localisation_iss075.gd::test_la_forme_d_une_cle_ne_peut_pas_attraper_un_texte_joueur (85 assertions)
  ok   test_localisation_iss075.gd::test_chaque_cle_de_la_source_rend_un_texte (75 assertions)
ERROR: [textes] clé absente de la langue source « fr » : cle.qui.n.existe.pas.du.tout
   at: push_error (core/variant/variant_utility.cpp:1023)
   GDScript backtrace (most recent call first):
       [0] t (res://scripts/localisation/textes.gd:130)
       [1] test_une_cle_absente_de_la_source_est_signalee_et_visible (res://tests/integration/test_localisation_iss075.gd:135)
       [2] _run_script (res://tools/godot/test_runner.gd:297)
       [3] _root_delta (res://tools/godot/test_runner.gd:390)
  ok   test_localisation_iss075.gd::test_une_cle_absente_de_la_source_est_signalee_et_visible (4 assertions)
  ok   test_localisation_iss075.gd::test_la_locale_temoin_change_le_texte_rendu (6 assertions)
  ok   test_localisation_iss075.gd::test_une_traduction_manquante_retombe_sur_le_francais_sans_echouer (5 assertions)
  ok   test_localisation_iss075.gd::test_les_textes_du_camp_sont_des_cles_qui_resolvent (6 assertions)
  ok   test_localisation_iss075.gd::test_le_hud_traduit_une_cle_et_laisse_passer_un_texte_brut (3 assertions)
  ok   test_localisation_iss075.gd::test_aucune_nouvelle_porte_notify_ne_porte_de_texte_ecrit_en_dur (7 assertions)
ERROR: [textes] dossier introuvable : res://ce_dossier_n_existe_pas/
   at: push_error (core/variant/variant_utility.cpp:1023)
   GDScript backtrace (most recent call first):
       [0] _charger_depuis (res://scripts/localisation/textes.gd:281)
       [1] test_un_chargement_rate_ne_produit_aucune_table (res://tests/unit/test_textes_iss075.gd:141)
       [2] _run_script (res://tools/godot/test_runner.gd:297)
       [3] _initialize (res://tools/godot/test_runner.gd:80)
       [4] _run_script (res://tools/godot/test_runner.gd:339)
       [5] _root_delta (res://tools/godot/test_runner.gd:390)
  ok   test_textes_iss075.gd::test_un_chargement_rate_ne_produit_aucune_table (3 assertions)
  ok   test_textes_iss075.gd::test_le_drapeau_de_cache_se_pose_apres_le_travail_jamais_avant (4 assertions)
  ok   test_textes_iss075.gd::test_brut_ne_construit_pas_un_dictionnaire_a_chaque_appel (5 assertions)
  ok   test_textes_iss075.gd::test_les_etiquettes_rafraichies_en_boucle_passent_par_la_garde (51 assertions)
  ok   test_textes_iss075.gd::test_le_chemin_par_frame_ne_porte_aucune_traduction (7 assertions)
  ok   test_textes_iss075.gd::test_le_francais_rendu_est_inchange (15 assertions)
  ok   test_textes_iss075.gd::test_aucune_valeur_ne_porte_un_echappement_non_decode (76 assertions)
  ok   test_textes_iss075.gd::test_chaque_cle_citee_par_le_hud_resout (67 assertions)
  ok   test_textes_iss075.gd::test_les_tables_de_libelles_portent_des_cles (69 assertions)
  ok   test_textes_iss075.gd::test_le_francais_restant_est_confine_au_chemin_par_frame (11 assertions)
  ok   test_textes_iss075.gd::test_les_comptes_de_fleches_et_de_plats_s_affichent (3 assertions)
  ok   test_textes_iss075.gd::test_aucun_tag_de_reprise_ne_ressemble_a_une_cle (7 assertions)
  ok   test_textes_iss075.gd::test_les_listes_epinglees_sont_egales_a_ce_que_process_appelle (5 assertions)
[hameau] implantation vérifiée : 3 toiture(s), 10 collider(s), 24 appui(s) — aucune faute.
[world_v2] monde        : neris_v2 (vallée whitebox V2.1)
[world_v2] carte        : 31 lieux + 3 sites systémiques, valide
[world_v2] terrain      : 64 chunks, montage 7472 ms
[world_v2] navigation   : 4 région(s) chargée(s)
[world_v2] lieux        : 15 scène(s) posée(s) par le layout
[world_v2] spawn        : (0.0, 24.4, 170.0)
[world_v2] porte donjon : posée au seuil §3.3
[world_v2] arrivée      : spawn
[world_v2] héros posé   : (0.0, 24.4, 170.0) lacet=0.00
[peuplement] garnison : 4 posé(s), 0 déjà tombé(s)
WARNING: Navigation region synchronization had 2 edge error(s).
More than 2 edges tried to occupy the same map rasterization space.
This causes a logical error in the navigation mesh geometry and is commonly caused by overlap or too densely placed edges.
Consider baking with a higher 'cell_size', greater geometry margin, and less detailed bake objects to cause fewer edges.
Consider lowering the 'navigation/3d/merge_rasterizer_cell_scale' in the project settings.
This warning can be toggled under 'navigation/3d/warnings/navmesh_edge_merge_errors' in the project settings.
     at: _build_step_find_edge_connection_pairs (modules/navigation_3d/3d/nav_region_builder_3d.cpp:219)
WARNING: Navigation region synchronization had 38 edge error(s).
More than 2 edges tried to occupy the same map rasterization space.
This causes a logical error in the navigation mesh geometry and is commonly caused by overlap or too densely placed edges.
Consider baking with a higher 'cell_size', greater geometry margin, and less detailed bake objects to cause fewer edges.
Consider lowering the 'navigation/3d/merge_rasterizer_cell_scale' in the project settings.
This warning can be toggled under 'navigation/3d/warnings/navmesh_edge_merge_errors' in the project settings.
     at: _build_step_find_edge_connection_pairs (modules/navigation_3d/3d/nav_region_builder_3d.cpp:219)
[world_v2] sol          : c4r6 à y=24.00
[world_v2] fondation V2 vérifiée — vallée whitebox prête.
  ok   test_world_v2_anchors.gd::test_les_ancres_immuables_ont_un_sol_conforme (26 assertions)
[hameau] implantation vérifiée : 3 toiture(s), 10 collider(s), 24 appui(s) — aucune faute.
[world_v2] monde        : neris_v2 (vallée whitebox V2.1)
[world_v2] carte        : 31 lieux + 3 sites systémiques, valide
[world_v2] terrain      : 64 chunks, montage 4935 ms
[world_v2] navigation   : 4 région(s) chargée(s)
[world_v2] lieux        : 15 scène(s) posée(s) par le layout
[world_v2] spawn        : (0.0, 24.4, 170.0)
[world_v2] porte donjon : posée au seuil §3.3
[world_v2] arrivée      : spawn
[world_v2] héros posé   : (0.0, 24.4, 170.0) lacet=0.00
[peuplement] garnison : 4 posé(s), 0 déjà tombé(s)
WARNING: Navigation region synchronization had 2 edge error(s).
More than 2 edges tried to occupy the same map rasterization space.
This causes a logical error in the navigation mesh geometry and is commonly caused by overlap or too densely placed edges.
Consider baking with a higher 'cell_size', greater geometry margin, and less detailed bake objects to cause fewer edges.
Consider lowering the 'navigation/3d/merge_rasterizer_cell_scale' in the project settings.
This warning can be toggled under 'navigation/3d/warnings/navmesh_edge_merge_errors' in the project settings.
     at: _build_step_find_edge_connection_pairs (modules/navigation_3d/3d/nav_region_builder_3d.cpp:219)
WARNING: Navigation region synchronization had 38 edge error(s).
More than 2 edges tried to occupy the same map rasterization space.
This causes a logical error in the navigation mesh geometry and is commonly caused by overlap or too densely placed edges.
Consider baking with a higher 'cell_size', greater geometry margin, and less detailed bake objects to cause fewer edges.
Consider lowering the 'navigation/3d/merge_rasterizer_cell_scale' in the project settings.
This warning can be toggled under 'navigation/3d/warnings/navmesh_edge_merge_errors' in the project settings.
     at: _build_step_find_edge_connection_pairs (modules/navigation_3d/3d/nav_region_builder_3d.cpp:219)
[world_v2] sol          : c4r6 à y=24.00
[world_v2] fondation V2 vérifiée — vallée whitebox prête.
  ok   test_world_v2_anchors.gd::test_chaque_lieu_a_son_marqueur_au_sol (22 assertions)
erreurs de script dans le journal : 0

=== RÉSULTAT: 30 réussi(s), 0 échoué(s) ===
WARNING: 111 ObjectDB instances were leaked at exit (run with `--verbose` for details).
   at: cleanup (core/object/object.cpp:2536)
ERROR: 61 resources still in use at exit (run with --verbose for details).
   at: clear (core/io/resource.cpp:822)
ERROR: Pages in use exist at exit in PagedAllocator: N12VariantPools12BucketMediumE
   at: ~PagedAllocator (./core/templates/paged_allocator.h:170)
ERROR: Pages in use exist at exit in PagedAllocator: N12VariantPools11BucketSmallE
   at: ~PagedAllocator (./core/templates/paged_allocator.h:170)
LANCER_GODOT: RC_GODOT=0
filtre: audio_ambience_loop_iss088,ambience_ownership,textes_iss075,localisation_iss075,world_v2_anchors
