graine visee (2.62, 2.58, 0.99)
   parite +X : 15 colonne(s) sur 24850 de parite IMPAIRE (0.060 %)
   parite +Y : 18 colonne(s) sur 27548 de parite IMPAIRE (0.065 %)
   parite +Z : 26 colonne(s) sur 33950 de parite IMPAIRE (0.077 %)
   vote a trois axes : 5553 case(s) en desaccord sur 4820900 (0.1152 %)
dim [194, 175, 142] lo ['-9.97', '-4.33', '-4.75']
graine (125, 69, 57) centre ['2.58', '2.62', '1.00'] montee 0

=== bouchon 1.20 m, y dans [-1.83, -0.53) : 256072 case(s) inondees
    FUITE en 137 case(s). Chemin (1 point sur 5) :
         0  cellule (125, 69, 57)     (2.58 ; 2.62 ; 1.00)
         5  cellule (120, 69, 57)     (2.08 ; 2.62 ; 1.00)
        10  cellule (115, 69, 57)     (1.58 ; 2.62 ; 1.00)
        15  cellule (110, 69, 57)     (1.08 ; 2.62 ; 1.00)
        20  cellule (105, 69, 57)     (0.58 ; 2.62 ; 1.00)
        25  cellule (105, 74, 57)     (0.58 ; 3.12 ; 1.00)
        30  cellule (105, 79, 57)     (0.58 ; 3.62 ; 1.00)
        35  cellule (105, 84, 57)     (0.58 ; 4.12 ; 1.00)
        40  cellule (105, 89, 57)     (0.58 ; 4.62 ; 1.00)
        45  cellule (105, 94, 57)     (0.58 ; 5.12 ; 1.00)
        50  cellule (105, 99, 57)     (0.58 ; 5.62 ; 1.00)
        55  cellule (105, 101, 60)    (0.58 ; 5.82 ; 1.30)
        60  cellule (105, 101, 65)    (0.58 ; 5.82 ; 1.80)
        65  cellule (105, 101, 70)    (0.58 ; 5.82 ; 2.30)
        70  cellule (105, 101, 75)    (0.58 ; 5.82 ; 2.80)
        75  cellule (105, 101, 80)    (0.58 ; 5.82 ; 3.30)
        80  cellule (105, 101, 85)    (0.58 ; 5.82 ; 3.80)
        85  cellule (105, 101, 90)    (0.58 ; 5.82 ; 4.30)
        90  cellule (105, 101, 95)    (0.58 ; 5.82 ; 4.80)
        95  cellule (105, 101, 100)   (0.58 ; 5.82 ; 5.30)
       100  cellule (105, 101, 105)   (0.58 ; 5.82 ; 5.80)
       105  cellule (105, 101, 110)   (0.58 ; 5.82 ; 6.30)
       110  cellule (105, 101, 115)   (0.58 ; 5.82 ; 6.80)
       115  cellule (105, 101, 120)   (0.58 ; 5.82 ; 7.30)
       120  cellule (105, 101, 125)   (0.58 ; 5.82 ; 7.80)
       125  cellule (105, 101, 130)   (0.58 ; 5.82 ; 8.30)
       130  cellule (105, 101, 135)   (0.58 ; 5.82 ; 8.80)
       135  cellule (105, 101, 140)   (0.58 ; 5.82 ; 9.30)
       136  cellule (105, 101, 141)   (0.58 ; 5.82 ; 9.40)

=== bouchon 3.00 m, y dans [-2.73, 0.37) : 247779 case(s) inondees
    FUITE en 137 case(s). Chemin (1 point sur 5) :
         0  cellule (125, 69, 57)     (2.58 ; 2.62 ; 1.00)
         5  cellule (120, 69, 57)     (2.08 ; 2.62 ; 1.00)
        10  cellule (115, 69, 57)     (1.58 ; 2.62 ; 1.00)
        15  cellule (110, 69, 57)     (1.08 ; 2.62 ; 1.00)
        20  cellule (105, 69, 57)     (0.58 ; 2.62 ; 1.00)
        25  cellule (105, 74, 57)     (0.58 ; 3.12 ; 1.00)
        30  cellule (105, 79, 57)     (0.58 ; 3.62 ; 1.00)
        35  cellule (105, 84, 57)     (0.58 ; 4.12 ; 1.00)
        40  cellule (105, 89, 57)     (0.58 ; 4.62 ; 1.00)
        45  cellule (105, 94, 57)     (0.58 ; 5.12 ; 1.00)
        50  cellule (105, 99, 57)     (0.58 ; 5.62 ; 1.00)
        55  cellule (105, 101, 60)    (0.58 ; 5.82 ; 1.30)
        60  cellule (105, 101, 65)    (0.58 ; 5.82 ; 1.80)
        65  cellule (105, 101, 70)    (0.58 ; 5.82 ; 2.30)
        70  cellule (105, 101, 75)    (0.58 ; 5.82 ; 2.80)
        75  cellule (105, 101, 80)    (0.58 ; 5.82 ; 3.30)
        80  cellule (105, 101, 85)    (0.58 ; 5.82 ; 3.80)
        85  cellule (105, 101, 90)    (0.58 ; 5.82 ; 4.30)
        90  cellule (105, 101, 95)    (0.58 ; 5.82 ; 4.80)
        95  cellule (105, 101, 100)   (0.58 ; 5.82 ; 5.30)
       100  cellule (105, 101, 105)   (0.58 ; 5.82 ; 5.80)
       105  cellule (105, 101, 110)   (0.58 ; 5.82 ; 6.30)
       110  cellule (105, 101, 115)   (0.58 ; 5.82 ; 6.80)
       115  cellule (105, 101, 120)   (0.58 ; 5.82 ; 7.30)
       120  cellule (105, 101, 125)   (0.58 ; 5.82 ; 7.80)
       125  cellule (105, 101, 130)   (0.58 ; 5.82 ; 8.30)
       130  cellule (105, 101, 135)   (0.58 ; 5.82 ; 8.80)
       135  cellule (105, 101, 140)   (0.58 ; 5.82 ; 9.30)
       136  cellule (105, 101, 141)   (0.58 ; 5.82 ; 9.40)

=== bouchon 6.00 m, y dans [-4.23, 1.87) : 234104 case(s) inondees
    FUITE en 137 case(s). Chemin (1 point sur 5) :
         0  cellule (125, 69, 57)     (2.58 ; 2.62 ; 1.00)
         5  cellule (120, 69, 57)     (2.08 ; 2.62 ; 1.00)
        10  cellule (115, 69, 57)     (1.58 ; 2.62 ; 1.00)
        15  cellule (110, 69, 57)     (1.08 ; 2.62 ; 1.00)
        20  cellule (105, 69, 57)     (0.58 ; 2.62 ; 1.00)
        25  cellule (105, 74, 57)     (0.58 ; 3.12 ; 1.00)
        30  cellule (105, 79, 57)     (0.58 ; 3.62 ; 1.00)
        35  cellule (105, 84, 57)     (0.58 ; 4.12 ; 1.00)
        40  cellule (105, 89, 57)     (0.58 ; 4.62 ; 1.00)
        45  cellule (105, 94, 57)     (0.58 ; 5.12 ; 1.00)
        50  cellule (105, 99, 57)     (0.58 ; 5.62 ; 1.00)
        55  cellule (105, 101, 60)    (0.58 ; 5.82 ; 1.30)
        60  cellule (105, 101, 65)    (0.58 ; 5.82 ; 1.80)
        65  cellule (105, 101, 70)    (0.58 ; 5.82 ; 2.30)
        70  cellule (105, 101, 75)    (0.58 ; 5.82 ; 2.80)
        75  cellule (105, 101, 80)    (0.58 ; 5.82 ; 3.30)
        80  cellule (105, 101, 85)    (0.58 ; 5.82 ; 3.80)
        85  cellule (105, 101, 90)    (0.58 ; 5.82 ; 4.30)
        90  cellule (105, 101, 95)    (0.58 ; 5.82 ; 4.80)
        95  cellule (105, 101, 100)   (0.58 ; 5.82 ; 5.30)
       100  cellule (105, 101, 105)   (0.58 ; 5.82 ; 5.80)
       105  cellule (105, 101, 110)   (0.58 ; 5.82 ; 6.30)
       110  cellule (105, 101, 115)   (0.58 ; 5.82 ; 6.80)
       115  cellule (105, 101, 120)   (0.58 ; 5.82 ; 7.30)
       120  cellule (105, 101, 125)   (0.58 ; 5.82 ; 7.80)
       125  cellule (105, 101, 130)   (0.58 ; 5.82 ; 8.30)
       130  cellule (105, 101, 135)   (0.58 ; 5.82 ; 8.80)
       135  cellule (105, 101, 140)   (0.58 ; 5.82 ; 9.30)
       136  cellule (105, 101, 141)   (0.58 ; 5.82 ; 9.40)

=== bouchon 10.00 m, y dans [-4.33, 3.87) : 1 case(s) inondees
    ETANCHE — la graine n'atteint aucun bord
RC=0
