soudees avant : 442 ; apres : 442
disparues : 9 ; apparues : 9
disparues : bande ay MESUREE [5.275 ; 7.022]
   glb(0.3757, -0.3127, -7.0222)  ay=7.022
   glb(0.4813, 1.0453, -6.8789)  ay=6.879
   glb(0.5869, 2.4033, -6.7357)  ay=6.736
   glb(1.7294, 0.8084, -5.5180)  ay=5.518
   glb(1.7697, 1.6096, -5.4724)  ay=5.472
   glb(1.8029, -0.0266, -5.4347)  ay=5.435
   glb(2.2071, 0.1047, -5.4495)  ay=5.450
   glb(2.2520, 1.3088, -5.4040)  ay=5.404
   glb(2.3792, -0.5126, -5.2748)  ay=5.275
apparues : bande ay MESUREE [5.394 ; 7.142]
   glb(0.5039, -0.2917, -7.1417)  ay=7.142
   glb(0.6095, 1.0663, -6.9984)  ay=6.998
   glb(0.7151, 2.4244, -6.8551)  ay=6.855
   glb(1.8794, 0.8330, -5.6578)  ay=5.658
   glb(1.8979, 1.6306, -5.5919)  ay=5.592
   glb(1.9311, -0.0056, -5.5542)  ay=5.554
   glb(2.3353, 0.1257, -5.5690)  ay=5.569
   glb(2.3802, 1.3298, -5.5235)  ay=5.523
   glb(2.5074, -0.4916, -5.3943)  ay=5.394
bande ay mesuree (ensemble) : [5.275 ; 7.142] — l'arrondi une decimale
du lead etait « 5,3-7,0 »
VERDICT invariant : CONFORME — 9/9 exactement, toutes en queue (ay > 4,4)
RC=0
