Godot Engine v4.7.1.stable.custom_build.a13da4feb (2026-07-13 21:00:28 UTC) - https://godotengine.org

=== TEST RUNNER — Godot 4.7.1-stable (custom_build) ===
filtre: world_v2
  ÉCHEC test_world_v2_layout.gd::test_la_carte_directrice_est_valide — la carte est valide — problèmes : lieu MANQUANT : valley.poi.hollow_crypt.01 — aucun des 31 ne disparaît
  ÉCHEC test_world_v2_layout.gd::test_la_carte_directrice_est_valide — le manifeste porte exactement les lieux canoniques : attendu 31, obtenu 30
  ok   test_world_v2_layout.gd::test_le_validateur_sait_dire_non (8 assertions)
  ÉCHEC test_world_v2_layout.gd::test_aucun_lieu_declare_en_v1_nest_oublie — chaque lieu V1 est couvert par la carte V2 — oubliés : valley.poi.hollow_crypt.01
  ok   test_world_v2_layout.gd::test_les_identifiants_de_monde_sont_distincts (4 assertions)
  ok   test_world_v2_skeleton.gd::test_la_v1_reste_le_flux_normal (6 assertions)
  ok   test_world_v2_skeleton.gd::test_aucune_reference_croisee_interdite (3 assertions)
ERROR: [world_v2] carte directrice invalide (1 problème(s)) — premier : lieu MANQUANT : valley.poi.hollow_crypt.01 — aucun des 31 ne disparaît
   at: push_error (core/variant/variant_utility.cpp:1023)
   GDScript backtrace (most recent call first):
       [0] _ready (res://scripts/world_v2/world_v2_root.gd:57)
       [1] test_le_squelette_porte_le_vrai_joueur_sans_toucher_la_sauvegarde (res://tests/world_v2/test_world_v2_skeleton.gd:117)
       [2] _run_script (res://tools/godot/test_runner.gd:297)
       [3] _root_delta (res://tools/godot/test_runner.gd:390)
  ok   test_world_v2_skeleton.gd::test_le_squelette_porte_le_vrai_joueur_sans_toucher_la_sauvegarde (23 assertions)
[world_v2] bootstrap    : squelette V2.0 — entrée développeur explicite
[world_v2] Godot        : 4.7.1-stable (custom_build)
ERROR: [world_v2] carte directrice REFUSÉE (1 problème(s)) : lieu MANQUANT : valley.poi.hollow_crypt.01 — aucun des 31 ne disparaît
   at: push_error (core/variant/variant_utility.cpp:1023)
   GDScript backtrace (most recent call first):
       [0] _ready (res://scripts/world_v2/world_v2_bootstrap.gd:45)
       [1] test_l_entree_developpeur_charge_v2_separement (res://tests/world_v2/test_world_v2_skeleton.gd:198)
       [2] _run_script (res://tools/godot/test_runner.gd:297)
       [3] _root_delta (res://tools/godot/test_runner.gd:390)
  ÉCHEC test_world_v2_skeleton.gd::test_l_entree_developpeur_charge_v2_separement — l'amorce mène au monde V2 via SceneFlow
erreurs de script dans le journal : 0

=== RÉSULTAT: 5 réussi(s), 4 échoué(s) ===
  ÉCHEC: test_world_v2_layout.gd::test_la_carte_directrice_est_valide — la carte est valide — problèmes : lieu MANQUANT : valley.poi.hollow_crypt.01 — aucun des 31 ne disparaît
  ÉCHEC: test_world_v2_layout.gd::test_la_carte_directrice_est_valide — le manifeste porte exactement les lieux canoniques : attendu 31, obtenu 30
  ÉCHEC: test_world_v2_layout.gd::test_aucun_lieu_declare_en_v1_nest_oublie — chaque lieu V1 est couvert par la carte V2 — oubliés : valley.poi.hollow_crypt.01
  ÉCHEC: test_world_v2_skeleton.gd::test_l_entree_developpeur_charge_v2_separement — l'amorce mène au monde V2 via SceneFlow
