==============================================================================
BATTERIE DE CONTROLES NEGATIFS
==============================================================================
source        : /home/user/zelda-r2a354/reference/SM_WaterfallCave_R2a34.glb
source sha256 : 8bf1a1b309aee79f92c77371f0f5137c3e6ceefc1ecf4842f038af4f48c77110
pas de grille : 0.060 m
reperes       : evidence/world_v2/v2_3_r2a/grotte/r2a354_portail/reperes_tronc_a4e91dc.gd

------------------------------------------------------------------------------
PLACEMENTS DERIVES DE CE MAILLAGE
------------------------------------------------------------------------------
   graine : (1.050 ; 6.250 ; 1.120)  AIR  degagement 0.935 m
   rayon  : 0.3000 m   (= 0.55 x degagement, borne a [0.08 0.30])
   longueur de tunnel : 56.938 m  (2 x diagonale AABB)
   poche  : (2.810 ; 2.726 ; 3.365)  roche, epaisseur verticale 12.073 m, degagement 2.019 m
   placebo: (2.410 ; 2.125 ; 9.598)  peau exterieure, roche dessous 12.324 m, rayon 0.300 m
   bloc   : (0.309 ; 4.130 ; 10.943)  rayon 0.300  disjoint OUI
   maillage : /home/user/zelda-r2a354/reference/SM_WaterfallCave_R2a34.glb
   sha256   : 8bf1a1b309aee79f
   reperes  : /home/user/zelda-r2a354/b_portail/evidence/world_v2/v2_3_r2a/grotte/r2a354_portail/reperes_tronc_a4e91dc.gd

------------------------------------------------------------------------------
VERDICT DE LA SOURCE, AVANT TOUT SABOTAGE
------------------------------------------------------------------------------
   oracle sur la source en 26 s : VERT   (RC=0)

------------------------------------------------------------------------------
CONTROLE : temoin     (attendu : VERT)
------------------------------------------------------------------------------
   SABOTAGE-FERMETURE-AVANT : bords libres 0  non-manifold 0  FERME
   SABOTAGE-FACES-AVANT : 19954
   SABOTAGE-TENTATIVES : 1
   SABOTAGE-FACES-APRES : 19954
   fabrique en 1 s   sha256 6504d5a1ca4e0cb4
     bords libres 0   aretes non-manifold 0   sommets pinces 0   composantes 1
        composante 0 : F=19954 V=9975 E=29931  khi=-2  genre 2
   oracle en 26 s : VERT   (RC=0)
   -> CONFORME

------------------------------------------------------------------------------
CONTROLE : placebo     (attendu : VERT)
------------------------------------------------------------------------------
   SABOTAGE-FERMETURE-AVANT : bords libres 0  non-manifold 0  FERME
   SABOTAGE-FACES-AVANT : 19954
   SABOTAGE-TENTATIVES : 1
   SABOTAGE-FACES-APRES : 20592
   fabrique en 2 s   sha256 33d7ac70d21b9b6d
     bords libres 0   aretes non-manifold 0   sommets pinces 0   composantes 1
        composante 0 : F=20592 V=10294 E=30888  khi=-2  genre 2
   oracle en 26 s : VERT   (RC=0)
   -> CONFORME

------------------------------------------------------------------------------
CONTROLE : toit     (attendu : ROUGE)
------------------------------------------------------------------------------
   SABOTAGE-FERMETURE-AVANT : bords libres 0  non-manifold 0  FERME
   SABOTAGE-FACES-AVANT : 19954
   SABOTAGE-TENTATIVES : 1
   SABOTAGE-FACES-APRES : 20254
   fabrique en 2 s   sha256 8e30ca029a292d22
     bords libres 0   aretes non-manifold 0   sommets pinces 0   composantes 1
        composante 0 : F=20254 V=10123 E=30381  khi=-4  genre 3
   traversees restantes sur l'axe : 0
   RAYON LIBRE MESURE : 0.280 m   (diametre libre 0.560 m)
   AXE TRAVERSANT : plus aucune face sur l'axe, de la graine jusqu'au dehors.
   oracle en 26 s : ROUGE   (RC=1)
      C3 : la composante interieure atteint 369330 case(s) de bord de grille alors que la bouche est barree -> COMMUNICATION NON INTENTIONNELLE. Exemples (r
   -> CONFORME

------------------------------------------------------------------------------
CONTROLE : paroi_est     (attendu : ROUGE)
------------------------------------------------------------------------------
   SABOTAGE-FERMETURE-AVANT : bords libres 0  non-manifold 0  FERME
   SABOTAGE-FACES-AVANT : 19954
   SABOTAGE-TENTATIVES : 1
   SABOTAGE-FACES-APRES : 20326
   fabrique en 2 s   sha256 fbaac3dc102f70c8
     bords libres 0   aretes non-manifold 0   sommets pinces 0   composantes 1
        composante 0 : F=20326 V=10159 E=30489  khi=-4  genre 3
   traversees restantes sur l'axe : 0
   RAYON LIBRE MESURE : 0.280 m   (diametre libre 0.560 m)
   AXE TRAVERSANT : plus aucune face sur l'axe, de la graine jusqu'au dehors.
   oracle en 26 s : ROUGE   (RC=1)
      C3 : la composante interieure atteint 369330 case(s) de bord de grille alors que la bouche est barree -> COMMUNICATION NON INTENTIONNELLE. Exemples (r
   -> CONFORME

------------------------------------------------------------------------------
CONTROLE : paroi_ouest     (attendu : ROUGE)
------------------------------------------------------------------------------
   SABOTAGE-FERMETURE-AVANT : bords libres 0  non-manifold 0  FERME
   SABOTAGE-FACES-AVANT : 19954
   SABOTAGE-TENTATIVES : 1
   SABOTAGE-FACES-APRES : 20564
   fabrique en 2 s   sha256 f8c375079bc03875
     bords libres 0   aretes non-manifold 0   sommets pinces 0   composantes 1
        composante 0 : F=20564 V=10276 E=30846  khi=-6  genre 4
   traversees restantes sur l'axe : 0
   RAYON LIBRE MESURE : 0.280 m   (diametre libre 0.560 m)
   AXE TRAVERSANT : plus aucune face sur l'axe, de la graine jusqu'au dehors.
   oracle en 26 s : ROUGE   (RC=1)
      C3 : la composante interieure atteint 369330 case(s) de bord de grille alors que la bouche est barree -> COMMUNICATION NON INTENTIONNELLE. Exemples (r
   -> CONFORME

------------------------------------------------------------------------------
CONTROLE : plancher     (attendu : ROUGE)
------------------------------------------------------------------------------
   SABOTAGE-FERMETURE-AVANT : bords libres 0  non-manifold 0  FERME
   SABOTAGE-FACES-AVANT : 19954
   SABOTAGE-TENTATIVES : 1
   SABOTAGE-FACES-APRES : 20232
   fabrique en 2 s   sha256 8f1bee701944201f
     bords libres 0   aretes non-manifold 0   sommets pinces 0   composantes 1
        composante 0 : F=20232 V=10112 E=30348  khi=-4  genre 3
   traversees restantes sur l'axe : 0
   RAYON LIBRE MESURE : 0.280 m   (diametre libre 0.560 m)
   AXE TRAVERSANT : plus aucune face sur l'axe, de la graine jusqu'au dehors.
   oracle en 26 s : ROUGE   (RC=1)
      C3 : la composante interieure atteint 369330 case(s) de bord de grille alors que la bouche est barree -> COMMUNICATION NON INTENTIONNELLE. Exemples (r
   -> CONFORME

------------------------------------------------------------------------------
CONTROLE : poche     (attendu : ROUGE)
------------------------------------------------------------------------------
   SABOTAGE-FERMETURE-AVANT : bords libres 0  non-manifold 0  FERME
   SABOTAGE-FACES-AVANT : 19954
   SABOTAGE-TENTATIVES : 1
   SABOTAGE-FACES-APRES : 20914
   fabrique en 2 s   sha256 b83290da3665d3d0
     bords libres 0   aretes non-manifold 0   sommets pinces 0   composantes 2
        composante 0 : F=19954 V=9975 E=29931  khi=-2  genre 2
        composante 1 : F=960 V=482 E=1440  khi=2  genre 0
   oracle en 25 s : ROUGE   (RC=1)
      T1 : 2 composantes de surface au lieu d'une -> corps detache
      C2 : 2 composante(s) AIR au lieu d'une seule -> poche d'air parasite
   -> CONFORME

------------------------------------------------------------------------------
CONTROLE : roche_flottante     (attendu : ROUGE)
------------------------------------------------------------------------------
   SABOTAGE-FERMETURE-AVANT : bords libres 0  non-manifold 0  FERME
   SABOTAGE-FACES-AVANT : 19954
   SABOTAGE-TENTATIVES : 1
   SABOTAGE-FACES-APRES : 19960
   fabrique en 1 s   sha256 58ea30fb725d2ae1
     bords libres 0   aretes non-manifold 0   sommets pinces 0   composantes 2
        composante 0 : F=19954 V=9975 E=29931  khi=-2  genre 2
        composante 1 : F=12 V=8 E=18  khi=2  genre 0
   oracle en 26 s : ROUGE   (RC=1)
      T1 : 2 composantes de surface au lieu d'une -> corps detache
      C1 : 2 composante(s) ROCHE au lieu d'une seule -> roche flottante ou massif scinde
   -> CONFORME

------------------------------------------------------------------------------
RESTAURATION ET VERT SUR LA SOURCE
------------------------------------------------------------------------------
   sha256 source AVANT batterie : 8bf1a1b309aee79f92c77371f0f5137c3e6ceefc1ecf4842f038af4f48c77110
   sha256 source APRES batterie : 8bf1a1b309aee79f92c77371f0f5137c3e6ceefc1ecf4842f038af4f48c77110
   -> BYTE-IDENTIQUE
   oracle sur la source en 26 s : VERT   (RC=0)

==============================================================================
controle           attendu  obtenu   etat           tentatives rayon libre
------------------------------------------------------------------------------
temoin             VERT     VERT     CONFORME       1          -
placebo            VERT     VERT     CONFORME       1          -
toit               ROUGE    ROUGE    CONFORME       1          0.280 m
paroi_est          ROUGE    ROUGE    CONFORME       1          0.280 m
paroi_ouest        ROUGE    ROUGE    CONFORME       1          0.280 m
plancher           ROUGE    ROUGE    CONFORME       1          0.280 m
poche              ROUGE    ROUGE    CONFORME       1          -
roche_flottante    ROUGE    ROUGE    CONFORME       1          -
------------------------------------------------------------------------------
BATTERIE : CONFORME
==============================================================================
