==========================================================================
SONDE DE CONTINUITE — Grotte du Couchant
==========================================================================
cotes  : CAVITE, CAVITE_ASYM, PALIER, SAG, PORCHE_DENIVELE conformes au generateur
garde  : le profil declare laisse au moins 0.42 m au-dessus du terrain a toutes les stations (herbe 0.30 m)

--------------------------------------------------------------------------
CONTROLE 0 — LA POSE MONDE, DERIVEE ET EPROUVEE
--------------------------------------------------------------------------
origine   : (-106.000 ; 3.500 ; 3.500), lacet 45.0 deg
derivee de: resources/world_v2/world_v2_layout.json -> v2_site [-110.0, 3.0, 6.0]
            scripts/world_v2/poi/waterfall_cave_place.gd -> SEUIL_LOCAL [4.0, -2.5], LACET_DEG 45.0, EXHAUSSEMENT 0.50
            terrain sous le seuil 3.00 m — NON VERIFIE — documentaire, cf. commentaires d'implantation de waterfall_cave_place.gd
aller-retour modele->monde(matrices)->modele(forme fermee) :
   ecart max 4.663e-15 m sur 14 points et 5 directions, tolerance 1e-09 m
   PASS — les deux chemins concordent
maillage rendu : 19992 triangles (COL_WaterfallCave ecarte)
   MAT_CaveRock_Base        8381 tris
   MAT_CaveRock_Face        6838 tris
   MAT_CaveRock_Collar      3604 tris
   MAT_CaveIn_Deep           508 tris
   MAT_CaveIn_Floor          468 tris
   MAT_CaveIn_Wall           193 tris
emprise modele : x[-9.17..8.57] y[-3.53..12.30] z[-3.95..8.59]
echantillons interieurs : 495 (stations 0 a 8, les quatre que le generateur saute comprises)

--------------------------------------------------------------------------
CONTROLE 1 — PLANCHER (rayon vers le BAS depuis l'interieur)
--------------------------------------------------------------------------
Aucune fonction du generateur ne fait ce controle :
  controle_epaisseur  : `if math.sin(theta) < -0.30: continue`
  controle_aucun_jour : `Vector((0.0, 0.0, 1.0))` — vers le HAUT
408 point(s) du vide sondes vers le bas, 45 faute(s)
   sol_trop_bas       45
   emprise des fautes : y[2.88 .. 3.17], stations 6, 7, 8
   sol_trop_bas     station 7  (x   2.42, y   3.09, z   0.91)  impacts 2  chute 0.80 m (attendue 0.35)
   sol_trop_bas     station 7  (x   2.42, y   3.09, z   1.46)  impacts 2  chute 1.35 m (attendue 0.90)
   sol_trop_bas     station 7  (x   2.42, y   3.09, z   2.06)  impacts 2  chute 1.95 m (attendue 1.50)
   sol_trop_bas     station 7  (x   2.29, y   3.06, z   0.88)  impacts 2  chute 0.80 m (attendue 0.35)
   sol_trop_bas     station 7  (x   2.29, y   3.06, z   1.43)  impacts 2  chute 1.35 m (attendue 0.90)
   sol_trop_bas     station 7  (x   2.29, y   3.06, z   2.03)  impacts 2  chute 1.95 m (attendue 1.50)
   sol_trop_bas     station 8  (x   2.54, y   3.12, z   0.95)  impacts 2  chute 0.80 m (attendue 0.35)
   sol_trop_bas     station 8  (x   2.54, y   3.12, z   1.50)  impacts 2  chute 1.35 m (attendue 0.90)

   CARTE DU PLANCHER (positions laterales avec sol / sans sol) :
      y  -1.15  station 0  #####    5/5  ecart max 0.03 m  z du fond    -
      y  -0.86  station 0  #####    5/5  ecart max 0.04 m  z du fond    -
      y  -0.57  station 0  #####    5/5  ecart max 0.05 m  z du fond    -
      y  -0.29  station 1  #####    5/5  ecart max 0.07 m  z du fond    -
      y  +0.00  station 1  #####    5/5  ecart max 0.08 m  z du fond    -
      y  +0.26  station 1  #####    5/5  ecart max 0.04 m  z du fond    -
      y  +0.53  station 2  #####    5/5  ecart max 0.03 m  z du fond    -
      y  +0.79  station 2  #####    5/5  ecart max 0.03 m  z du fond    -
      y  +1.05  station 2  #####    5/5  ecart max 0.01 m  z du fond    -
      y  +1.19  station 2  #####    5/5  ecart max 0.02 m  z du fond    -
      y  +1.33  station 2  #####    5/5  ecart max 0.03 m  z du fond    -
      y  +1.48  station 3  #####    5/5  ecart max 0.04 m  z du fond    -
      y  +1.62  station 3  #####    5/5  ecart max 0.05 m  z du fond    -
      y  +1.75  station 3  #####    5/5  ecart max 0.07 m  z du fond    -
      y  +1.87  station 4  #####    5/5  ecart max 0.07 m  z du fond    -
      y  +2.00  station 4  #####    5/5  ecart max 0.08 m  z du fond    -
      y  +2.12  station 4  ####     4/4  ecart max 0.09 m  z du fond    -
      y  +2.24  station 4  ####     4/4  ecart max 0.10 m  z du fond    -
      y  +2.35  station 4  ####     4/4  ecart max 0.11 m  z du fond    -
      y  +2.46  station 5  ####     4/4  ecart max 0.12 m  z du fond    -
      y  +2.58  station 5  ####     4/4  ecart max 0.12 m  z du fond    -
      y  +2.66  station 5  ####     4/4  ecart max 0.16 m  z du fond    -
      y  +2.73  station 6  ###      3/3  ecart max 0.20 m  z du fond    -
      y  +2.80  station 6  ###      3/3  ecart max 0.24 m  z du fond    -
      y  +2.88  station 6  ##.      2/3  ecart max 0.27 m  z du fond +0.04  <-- TROU
      y  +2.92  station 6  ##.      2/3  ecart max 0.31 m  z du fond +0.05  <-- TROU
      y  +2.97  station 6  #..      1/3  ecart max 0.36 m  z du fond +0.10  <-- TROU
      y  +3.02  station 7  #..      1/3  ecart max 0.40 m  z du fond +0.13  <-- TROU
      y  +3.06  station 7  #..      1/3  ecart max 0.45 m  z du fond +0.15  <-- TROU
      y  +3.09  station 7  #..      1/3  ecart max 0.45 m  z du fond +0.18  <-- TROU
      y  +3.12  station 8  #..      1/3  ecart max 0.45 m  z du fond +0.23  <-- TROU
      y  +3.14  station 8  #..      1/3  ecart max 0.44 m  z du fond +0.27  <-- TROU
      y  +3.17  station 8  ##.      2/3  ecart max 0.44 m  z du fond +0.23  <-- TROU
   >>> plancher absent de y = +2.88 a y = +3.17 (stations 6 a 8)

--------------------------------------------------------------------------
CONTROLE 2 — JOUR (sphere entiere, stations 0 a 8)
--------------------------------------------------------------------------
100 direction(s) par point, elevations -90 a +90 : le fond (±Y) et le sol (-Z) sont couverts
60 point(s) du porche ecarte(s) (ouvert par construction)
0 point(s) ecarte(s) comme HORS CAVITE (enclosure < 0.50)
33007 rayon(s) juges, 2193 ecarte(s) parce qu'ils sortent par la BOUCHE, 253 RAYON(S) SUSPECT(S)
   « suspect » n'est pas « percee » : voir la definition en tete de
   OUVERTURE_CONFIRMEE_M. La confirmation est faite plus bas.
   station 2 :   6 rayon(s) suspect(s), azimuts 0..334, elevations -68..68
   station 3 :   2 rayon(s) suspect(s), azimuts 77..231, elevations -45..-22
   station 4 :   3 rayon(s) suspect(s), azimuts 129..334, elevations -68..0
   station 5 :   2 rayon(s) suspect(s), azimuts 231..309, elevations -22..0
   station 6 : 115 rayon(s) suspect(s), azimuts 0..334, elevations -22..90
   station 7 :  93 rayon(s) suspect(s), azimuts 0..334, elevations -22..90
   station 8 :  32 rayon(s) suspect(s), azimuts 0..334, elevations -22..90
   OU LES RAYONS SORTENT (regroupe par maille de 1,5 m sur la coque) — un vrai trou fait converger, un mauvais point disperse :
       89 rayon(s) quittent la galerie en x~+4.56 y~+2.87 z~+1.84  (stations de depart 6,7)
       69 rayon(s) quittent la galerie en x~+4.47 y~+3.09 z~+2.06  (stations de depart 7,8)
       24 rayon(s) quittent la galerie en x~+4.39 y~+2.45 z~+2.40  (stations de depart 6,7,8)
       23 rayon(s) quittent la galerie en x~+4.53 y~+3.02 z~+1.97  (stations de depart 7)
       14 rayon(s) quittent la galerie en x~+4.23 y~+2.47 z~+3.53  (stations de depart 6,7,8)
       10 rayon(s) quittent la galerie en x~+4.83 y~+1.64 z~+2.45  (stations de depart 6,7,8)
        6 rayon(s) quittent la galerie en x~+4.84 y~+1.67 z~+3.30  (stations de depart 6,7)
        3 rayon(s) quittent la galerie en x~+3.60 y~+1.77 z~+3.45  (stations de depart 6,7)

   CARTE DU FOND (vue de derriere, emprise de la derniere station)
   'O' = le rayon traverse la galerie de part en part
      z +2.80  ..........OOOO
      z +2.55  ...........OOO
      z +2.30  ...........OOO
      z +2.05  ............OO
      z +1.80  ............OO
      z +1.55  ..............
      z +1.30  ..............
      z +1.05  ..............
      z +0.80  ..............
      z +0.55  ..............
      x de +1.84 a +5.32, pas 0,25 m
   >>> fond de la galerie OUVERT : 14 case(s) sur 140, emprise x[+4.34 .. +5.09] z[+1.80 .. +2.80], soit 0.75 x 1.00 m

--------------------------------------------------------------------------
CONTROLE 2b — CONFIRMATION DES RAYONS SUSPECTS
--------------------------------------------------------------------------
Un rayon suspect n'est pas une percee. Une percee est CONFIRMEE
quand un carre de 0.10 m de cote, perpendiculaire au rayon, est
INTEGRALEMENT perce — faisceau de pas 0.025 m sur +/-0.15 m.
51 amas de sortie mesure(s) : 38 CONFIRME(S), 13 ecarte(s)
   la plus grande ouverture parmi les amas ecartes : 0.025 m (seuil 0.10 m)
      ouverture 0.025 m   1 rayon(s)  sortie [-1.1, 0.79, 1.15]  faisceau 17/169 sortant  surface paroi_moins_x
      ouverture 0.025 m   1 rayon(s)  sortie [2.8, 3.17, 1.57]  faisceau 13/169 sortant  surface paroi_moins_x
      ouverture 0.000 m   2 rayon(s)  sortie [2.52, 1.05, 1.46]  faisceau 2/169 sortant  surface paroi_plus_x
      ouverture 0.000 m   1 rayon(s)  sortie [-0.62, 1.46, 3.16]  faisceau 1/169 sortant  surface toit
      ouverture 0.000 m   1 rayon(s)  sortie [1.76, 1.08, -0.3]  faisceau 5/169 sortant  surface plancher
   >>> PERCEE CONFIRMEE  ouverture 0.250 m  surface paroi_plus_x  sortie [4.57, 2.89, 1.84]  83 rayon(s)
   >>> PERCEE CONFIRMEE  ouverture 0.200 m  surface paroi_plus_x  sortie [4.46, 3.1, 2.08]  46 rayon(s)
   >>> PERCEE CONFIRMEE  ouverture 0.225 m  surface paroi_plus_x  sortie [4.53, 3.02, 1.97]  23 rayon(s)
   >>> PERCEE CONFIRMEE  ouverture 0.225 m  surface paroi_plus_x  sortie [4.51, 3.06, 2.03]  23 rayon(s)
   >>> PERCEE CONFIRMEE  ouverture 0.200 m  surface paroi_plus_x  sortie [4.86, 1.63, 2.37]  4 rayon(s)
   >>> PERCEE CONFIRMEE  ouverture 0.200 m  surface toit          sortie [4.35, 2.42, 2.37]  4 rayon(s)
   >>> PERCEE CONFIRMEE  ouverture 0.250 m  surface paroi_plus_x  sortie [4.83, 1.67, 3.39]  4 rayon(s)
   >>> PERCEE CONFIRMEE  ouverture 0.200 m  surface paroi_plus_x  sortie [4.34, 2.42, 2.1]  4 rayon(s)
   >>> PERCEE CONFIRMEE  ouverture 0.200 m  surface paroi_plus_x  sortie [4.49, 2.53, 1.83]  3 rayon(s)
   >>> PERCEE CONFIRMEE  ouverture 0.250 m  surface paroi_plus_x  sortie [4.83, 1.64, 2.62]  3 rayon(s)
   >>> PERCEE CONFIRMEE  ouverture 0.225 m  surface toit          sortie [4.12, 2.57, 3.53]  3 rayon(s)
   >>> PERCEE CONFIRMEE  ouverture 0.150 m  surface toit          sortie [4.07, 2.21, 2.6]  2 rayon(s)
   >>> PERCEE CONFIRMEE  ouverture 0.150 m  surface toit          sortie [4.47, 2.52, 2.08]  2 rayon(s)
   >>> PERCEE CONFIRMEE  ouverture 0.200 m  surface toit          sortie [4.51, 2.55, 2.09]  2 rayon(s)
   >>> PERCEE CONFIRMEE  ouverture 0.250 m  surface paroi_plus_x  sortie [4.87, 1.66, 3.11]  2 rayon(s)
   >>> PERCEE CONFIRMEE  ouverture 0.225 m  surface toit          sortie [4.54, 2.55, 2.65]  2 rayon(s)
   >>> PERCEE CONFIRMEE  ouverture 0.250 m  surface toit          sortie [4.12, 2.4, 3.6]  2 rayon(s)
   >>> PERCEE CONFIRMEE  ouverture 0.225 m  surface paroi_plus_x  sortie [4.42, 2.46, 1.94]  2 rayon(s)
   >>> PERCEE CONFIRMEE  ouverture 0.175 m  surface toit          sortie [3.6, 1.8, 3.46]  2 rayon(s)
   >>> PERCEE CONFIRMEE  ouverture 0.250 m  surface toit          sortie [4.39, 2.45, 2.6]  2 rayon(s)
   >>> PERCEE CONFIRMEE  ouverture 0.200 m  surface toit          sortie [4.35, 2.44, 3.62]  2 rayon(s)
   >>> PERCEE CONFIRMEE  ouverture 0.100 m  surface paroi_plus_x  sortie [4.79, 1.64, 2.08]  2 rayon(s)
   >>> PERCEE CONFIRMEE  ouverture 0.175 m  surface toit          sortie [4.29, 2.38, 2.83]  2 rayon(s)
   >>> PERCEE CONFIRMEE  ouverture 0.150 m  surface paroi_plus_x  sortie [4.82, 1.63, 2.97]  1 rayon(s)
   >>> PERCEE CONFIRMEE  ouverture 0.150 m  surface toit          sortie [4.08, 2.21, 3.61]  1 rayon(s)
   >>> PERCEE CONFIRMEE  ouverture 0.150 m  surface toit          sortie [4.49, 2.51, 2.5]  1 rayon(s)
   >>> PERCEE CONFIRMEE  ouverture 0.175 m  surface paroi_plus_x  sortie [4.27, 1.42, 1.81]  1 rayon(s)
   >>> PERCEE CONFIRMEE  ouverture 0.175 m  surface paroi_plus_x  sortie [4.52, 2.52, 1.96]  1 rayon(s)
   >>> PERCEE CONFIRMEE  ouverture 0.225 m  surface toit          sortie [4.1, 2.25, 3.75]  1 rayon(s)
   >>> PERCEE CONFIRMEE  ouverture 0.200 m  surface toit          sortie [3.61, 1.71, 3.42]  1 rayon(s)
   >>> PERCEE CONFIRMEE  ouverture 0.225 m  surface toit          sortie [4.48, 2.51, 2.29]  1 rayon(s)
   >>> PERCEE CONFIRMEE  ouverture 0.275 m  surface toit          sortie [4.48, 2.51, 2.88]  1 rayon(s)
   >>> PERCEE CONFIRMEE  ouverture 0.250 m  surface toit          sortie [4.44, 2.48, 3.12]  1 rayon(s)
   >>> PERCEE CONFIRMEE  ouverture 0.250 m  surface toit          sortie [4.4, 2.46, 3.36]  1 rayon(s)
   >>> PERCEE CONFIRMEE  ouverture 0.175 m  surface toit          sortie [4.56, 2.57, 2.33]  1 rayon(s)
   >>> PERCEE CONFIRMEE  ouverture 0.175 m  surface toit          sortie [4.08, 2.67, 3.48]  1 rayon(s)
   >>> PERCEE CONFIRMEE  ouverture 0.175 m  surface toit          sortie [4.3, 2.52, 3.58]  1 rayon(s)
   >>> PERCEE CONFIRMEE  ouverture 0.175 m  surface toit          sortie [4.56, 2.56, 3.48]  1 rayon(s)

--------------------------------------------------------------------------
CONTROLE 4 — LES CINQ SURFACES (plancher, TOIT, parois, fond)
--------------------------------------------------------------------------
Rayons tires du DEHORS vers le noyau, une face a la fois. Methode
independante du controle 2, et la seule qui nomme le TOIT — que la
version precedente ne cartographiait nulle part.

  LIRE « 0 CONFIRMEE » ICI COMME « SAINE » EST UNE ERREUR, ET ELLE
  EST STRUCTURELLE. Ce controle vise le NOYAU (55 %% de la demi-
  largeur) par des rayons alignes sur les axes. Deux angles morts
  lui sont propres, mesures sur la geometrie A1_ASYM :
    * une percee qui ouvre sur la MARGE, entre le noyau et la
      paroi, n'est pas visee — 59 des 161 percees du controle 2
      partaient hors du noyau ;
    * une percee OBLIQUE peut avoir de la roche au zenith et rien
      sur sa propre direction — 16 cas, invisibles a un raster
      aligne sur les axes.
  Le controle 2 part de l'interieur et balaie la sphere entiere.
  Les deux ne se remplacent pas : le verdict est le PLUS SEVERE
  des deux, jamais le plus rassurant.
   plancher       pas 0.050 m   10197 case(s),    0 ouverte(s), 0 bloc(s) assez large(s), 0 confirmee(s)
   toit           pas 0.050 m   10197 case(s),    0 ouverte(s), 0 bloc(s) assez large(s), 0 confirmee(s)
   paroi_moins_x  pas 0.050 m    3914 case(s),    0 ouverte(s), 0 bloc(s) assez large(s), 0 confirmee(s)
   paroi_plus_x   pas 0.050 m    3914 case(s),    0 ouverte(s), 0 bloc(s) assez large(s), 0 confirmee(s)
   fond           pas 0.050 m    3762 case(s),    0 ouverte(s), 0 bloc(s) assez large(s), 0 confirmee(s)
   PASS — aucune des cinq faces ne porte une percee confirmee

--------------------------------------------------------------------------
CONTROLE 3 — LIGNE DE VUE (regle du moteur : cull_back)
--------------------------------------------------------------------------
NON VERIFIE — aucun manifeste fourni (--manifeste)

==========================================================================
GATE — 0 PERCEE CONFIRMEE
==========================================================================
percees confirmees : 38  (seuil d'ouverture 0.10 m)
   controle_2   surface paroi_plus_x   ouverture 0.250 m
   controle_2   surface paroi_plus_x   ouverture 0.200 m
   controle_2   surface paroi_plus_x   ouverture 0.225 m
   controle_2   surface paroi_plus_x   ouverture 0.225 m
   controle_2   surface paroi_plus_x   ouverture 0.200 m
   controle_2   surface toit           ouverture 0.200 m
   controle_2   surface paroi_plus_x   ouverture 0.250 m
   controle_2   surface paroi_plus_x   ouverture 0.200 m
   controle_2   surface paroi_plus_x   ouverture 0.200 m
   controle_2   surface paroi_plus_x   ouverture 0.250 m
   controle_2   surface toit           ouverture 0.225 m
   controle_2   surface toit           ouverture 0.150 m
   controle_2   surface toit           ouverture 0.150 m
   controle_2   surface toit           ouverture 0.200 m
   controle_2   surface paroi_plus_x   ouverture 0.250 m
   controle_2   surface toit           ouverture 0.225 m
   controle_2   surface toit           ouverture 0.250 m
   controle_2   surface paroi_plus_x   ouverture 0.225 m
   controle_2   surface toit           ouverture 0.175 m
   controle_2   surface toit           ouverture 0.250 m
   controle_2   surface toit           ouverture 0.200 m
   controle_2   surface paroi_plus_x   ouverture 0.100 m
   controle_2   surface toit           ouverture 0.175 m
   controle_2   surface paroi_plus_x   ouverture 0.150 m
   controle_2   surface toit           ouverture 0.150 m
   controle_2   surface toit           ouverture 0.150 m
   controle_2   surface paroi_plus_x   ouverture 0.175 m
   controle_2   surface paroi_plus_x   ouverture 0.175 m
   controle_2   surface toit           ouverture 0.225 m
   controle_2   surface toit           ouverture 0.200 m
   controle_2   surface toit           ouverture 0.225 m
   controle_2   surface toit           ouverture 0.275 m
   controle_2   surface toit           ouverture 0.250 m
   controle_2   surface toit           ouverture 0.250 m
   controle_2   surface toit           ouverture 0.175 m
   controle_2   surface toit           ouverture 0.175 m
   controle_2   surface toit           ouverture 0.175 m
   controle_2   surface toit           ouverture 0.175 m
VERDICT : FAIL — 38 percee(s) confirmee(s)
==========================================================================
sortie brute : /tmp/integ_sonde.json
