/home/user/Zelda/tools/lot1_repetition.py:131: DeprecationWarning: Image.Image.getdata is deprecated and will be removed in Pillow 14 (2027-10-15). Use get_flattened_data instead.
  pixels = list(image.getdata())
règle R-D3 — docs/V2_3_B_LOT1_CONTROLES.md §3
commit 912a10b954c0 · dirty=False

--- 30 m — seuil S = 0.4931 (calibré sur 36 paires acceptées, paire calibrante : valley.poi.abandoned_farm.01 / valley.poi.stone_bridge.01) ---
a                                      b                                          IoU  dprofil
valley.poi.watchtower_ruin.01          valley.poi.waterfall_cave.01            0.4975   0.0860  <== SIGNALÉ
valley.poi.overlook_summit.01          valley.poi.riverside_village.01         0.4868   0.0879
valley.poi.watchtower_ruin.01          valley.poi.riverside_village.01         0.4526   0.1273
valley.poi.turquoise_spring.01         valley.poi.stone_bridge.01              0.4500   0.0840
valley.poi.overlook_summit.01          valley.poi.turquoise_spring.01          0.4286   0.1749
valley.poi.turquoise_spring.01         camp                                    0.4049   0.0839
valley.poi.barrow_cemetery.01          valley.poi.ember_raider_camps.01        0.3914   0.0910
valley.poi.overlook_summit.01          valley.poi.stone_bridge.01              0.3907   0.2190
valley.poi.forest_shrine.01            valley.poi.waterfall_cave.01            0.3866   0.1502
valley.poi.turquoise_spring.01         valley.poi.ember_raider_camps.01        0.3834   0.1377
valley.poi.forest_shrine.01            valley.poi.stone_bridge.01              0.3756   0.0825
valley.poi.overlook_summit.01          valley.poi.abandoned_farm.01            0.3727   0.1051
valley.poi.overlook_summit.01          valley.poi.barrow_cemetery.01           0.3672   0.1055
valley.poi.turquoise_spring.01         valley.poi.riverside_village.01         0.3662   0.0761
valley.poi.barrow_cemetery.01          valley.poi.riverside_village.01         0.3628   0.1164
valley.poi.watchtower_ruin.01          valley.poi.overlook_summit.01           0.3572   0.1522
valley.poi.watchtower_ruin.01          valley.poi.stone_bridge.01              0.3507   0.1418
valley.poi.turquoise_spring.01         valley.poi.abandoned_farm.01            0.3507   0.1444
valley.poi.overlook_summit.01          valley.poi.ember_raider_camps.01        0.3466   0.1093
valley.poi.overlook_summit.01          valley.poi.waterfall_cave.01            0.3196   0.1324
valley.poi.turquoise_spring.01         valley.poi.waterfall_cave.01            0.2990   0.1018
valley.poi.watchtower_ruin.01          valley.poi.forest_shrine.01             0.2955   0.1611
valley.poi.overlook_summit.01          camp                                    0.2922   0.1477
valley.poi.turquoise_spring.01         valley.poi.barrow_cemetery.01           0.2857   0.1319
valley.poi.watchtower_ruin.01          pylon                                   0.2749   0.1909
valley.poi.barrow_cemetery.01          valley.poi.stone_bridge.01              0.2668   0.1471
valley.poi.watchtower_ruin.01          valley.poi.abandoned_farm.01            0.2632   0.1647
valley.poi.watchtower_ruin.01          valley.poi.turquoise_spring.01          0.2621   0.1883
valley.poi.barrow_cemetery.01          camp                                    0.2521   0.1778
valley.poi.barrow_cemetery.01          valley.poi.conductive_basin.01          0.2437   0.1640
valley.poi.forest_shrine.01            valley.poi.abandoned_farm.01            0.2344   0.1925
valley.poi.watchtower_ruin.01          valley.poi.barrow_cemetery.01           0.2301   0.1375
valley.poi.barrow_cemetery.01          valley.poi.waterfall_cave.01            0.2245   0.1094
valley.poi.forest_shrine.01            valley.poi.thunderstruck_tree.01        0.2113   0.1134
valley.poi.barrow_cemetery.01          valley.poi.abandoned_farm.01            0.2102   0.1138
valley.poi.turquoise_spring.01         valley.poi.forest_shrine.01             0.2085   0.0903
valley.poi.forest_shrine.01            valley.poi.conductive_basin.01          0.2067   0.0687
valley.poi.forest_shrine.01            valley.poi.riverside_village.01         0.1996   0.1034
valley.poi.flower_field.01             valley.poi.riverside_village.01         0.1848   0.1279
valley.poi.forest_shrine.01            pylon                                   0.1828   0.1098
valley.poi.watchtower_ruin.01          valley.poi.ember_raider_camps.01        0.1751   0.1380
valley.poi.watchtower_ruin.01          camp                                    0.1699   0.1845
valley.poi.watchtower_ruin.01          valley.poi.thunderstruck_tree.01        0.1618   0.1798
valley.poi.turquoise_spring.01         valley.poi.conductive_basin.01          0.1552   0.1485
valley.poi.watchtower_ruin.01          valley.poi.conductive_basin.01          0.1520   0.2114
valley.poi.forest_shrine.01            valley.poi.flower_field.01              0.1468   0.1228
valley.poi.overlook_summit.01          valley.poi.flower_field.01              0.1451   0.1158
valley.poi.overlook_summit.01          valley.poi.conductive_basin.01          0.1420   0.2731
valley.poi.turquoise_spring.01         valley.poi.flower_field.01              0.1419   0.1377
valley.poi.flower_field.01             valley.poi.stone_bridge.01              0.1360   0.1509
valley.poi.flower_field.01             valley.poi.abandoned_farm.01            0.1354   0.1274
valley.poi.watchtower_ruin.01          valley.poi.flower_field.01              0.1306   0.1209
valley.poi.forest_shrine.01            valley.poi.barrow_cemetery.01           0.1278   0.2227
valley.poi.barrow_cemetery.01          valley.poi.thunderstruck_tree.01        0.1220   0.2079
valley.poi.overlook_summit.01          valley.poi.forest_shrine.01             0.1062   0.1773
valley.poi.forest_shrine.01            camp                                    0.1040   0.2117
valley.poi.flower_field.01             valley.poi.waterfall_cave.01            0.1020   0.1136
valley.poi.overlook_summit.01          pylon                                   0.0987   0.2847
valley.poi.overlook_summit.01          valley.poi.thunderstruck_tree.01        0.0981   0.2537
valley.poi.flower_field.01             pylon                                   0.0946   0.2017
valley.poi.flower_field.01             valley.poi.thunderstruck_tree.01        0.0806   0.1472
valley.poi.forest_shrine.01            valley.poi.ember_raider_camps.01        0.0803   0.2177
valley.poi.barrow_cemetery.01          pylon                                   0.0786   0.2585
valley.poi.flower_field.01             camp                                    0.0779   0.1428
valley.poi.flower_field.01             valley.poi.ember_raider_camps.01        0.0710   0.1003
valley.poi.turquoise_spring.01         pylon                                   0.0675   0.2357
valley.poi.turquoise_spring.01         valley.poi.thunderstruck_tree.01        0.0657   0.2517
valley.poi.flower_field.01             valley.poi.conductive_basin.01          0.0600   0.1839
valley.poi.barrow_cemetery.01          valley.poi.flower_field.01              0.0559   0.1299

--- 80 m — seuil S = 0.4912 (calibré sur 36 paires acceptées, paire calibrante : valley.poi.abandoned_farm.01 / valley.poi.stone_bridge.01) ---
a                                      b                                          IoU  dprofil
valley.poi.watchtower_ruin.01          valley.poi.waterfall_cave.01            0.4930   0.0865  <== SIGNALÉ
valley.poi.overlook_summit.01          valley.poi.riverside_village.01         0.4862   0.0854
valley.poi.watchtower_ruin.01          valley.poi.riverside_village.01         0.4431   0.1332
valley.poi.turquoise_spring.01         valley.poi.stone_bridge.01              0.4308   0.0905
valley.poi.overlook_summit.01          valley.poi.turquoise_spring.01          0.4241   0.1790
valley.poi.turquoise_spring.01         valley.poi.ember_raider_camps.01        0.4080   0.1447
valley.poi.turquoise_spring.01         camp                                    0.3930   0.0961
valley.poi.forest_shrine.01            valley.poi.waterfall_cave.01            0.3880   0.1518
valley.poi.overlook_summit.01          valley.poi.stone_bridge.01              0.3812   0.2194
valley.poi.turquoise_spring.01         valley.poi.riverside_village.01         0.3807   0.0792
valley.poi.forest_shrine.01            valley.poi.stone_bridge.01              0.3685   0.0913
valley.poi.barrow_cemetery.01          valley.poi.ember_raider_camps.01        0.3534   0.0949
valley.poi.watchtower_ruin.01          valley.poi.overlook_summit.01           0.3529   0.1616
valley.poi.turquoise_spring.01         valley.poi.abandoned_farm.01            0.3515   0.1510
valley.poi.overlook_summit.01          valley.poi.abandoned_farm.01            0.3509   0.1215
valley.poi.watchtower_ruin.01          valley.poi.stone_bridge.01              0.3463   0.1390
valley.poi.overlook_summit.01          valley.poi.ember_raider_camps.01        0.3414   0.1056
valley.poi.barrow_cemetery.01          valley.poi.riverside_village.01         0.3353   0.1303
valley.poi.overlook_summit.01          valley.poi.barrow_cemetery.01           0.3280   0.1117
valley.poi.overlook_summit.01          valley.poi.waterfall_cave.01            0.3151   0.1423
valley.poi.turquoise_spring.01         valley.poi.waterfall_cave.01            0.2895   0.1013
valley.poi.watchtower_ruin.01          valley.poi.forest_shrine.01             0.2879   0.1877
valley.poi.overlook_summit.01          camp                                    0.2818   0.1376
valley.poi.watchtower_ruin.01          pylon                                   0.2754   0.1911
valley.poi.turquoise_spring.01         valley.poi.barrow_cemetery.01           0.2724   0.1310
valley.poi.barrow_cemetery.01          valley.poi.stone_bridge.01              0.2621   0.1392
valley.poi.watchtower_ruin.01          valley.poi.abandoned_farm.01            0.2602   0.1672
valley.poi.watchtower_ruin.01          valley.poi.turquoise_spring.01          0.2558   0.1937
valley.poi.barrow_cemetery.01          valley.poi.waterfall_cave.01            0.2271   0.1034
valley.poi.forest_shrine.01            valley.poi.abandoned_farm.01            0.2269   0.1960
valley.poi.watchtower_ruin.01          valley.poi.barrow_cemetery.01           0.2178   0.1343
valley.poi.barrow_cemetery.01          camp                                    0.2112   0.1393
valley.poi.barrow_cemetery.01          valley.poi.abandoned_farm.01            0.2104   0.1617
valley.poi.forest_shrine.01            valley.poi.conductive_basin.01          0.2026   0.1127
valley.poi.forest_shrine.01            valley.poi.riverside_village.01         0.2011   0.1185
valley.poi.barrow_cemetery.01          valley.poi.conductive_basin.01          0.2010   0.1872
valley.poi.forest_shrine.01            valley.poi.thunderstruck_tree.01        0.1963   0.1147
valley.poi.turquoise_spring.01         valley.poi.forest_shrine.01             0.1932   0.0920
valley.poi.flower_field.01             valley.poi.riverside_village.01         0.1820   0.1326
valley.poi.forest_shrine.01            pylon                                   0.1799   0.1083
valley.poi.watchtower_ruin.01          valley.poi.ember_raider_camps.01        0.1764   0.1420
valley.poi.watchtower_ruin.01          valley.poi.thunderstruck_tree.01        0.1731   0.1820
valley.poi.watchtower_ruin.01          camp                                    0.1579   0.1702
valley.poi.overlook_summit.01          valley.poi.flower_field.01              0.1509   0.1255
valley.poi.forest_shrine.01            valley.poi.flower_field.01              0.1481   0.1034
valley.poi.turquoise_spring.01         valley.poi.flower_field.01              0.1406   0.1535
valley.poi.flower_field.01             valley.poi.stone_bridge.01              0.1386   0.1604
valley.poi.flower_field.01             valley.poi.abandoned_farm.01            0.1384   0.1271
valley.poi.watchtower_ruin.01          valley.poi.conductive_basin.01          0.1365   0.2479
valley.poi.watchtower_ruin.01          valley.poi.flower_field.01              0.1307   0.1251
valley.poi.forest_shrine.01            valley.poi.barrow_cemetery.01           0.1295   0.2325
valley.poi.overlook_summit.01          valley.poi.conductive_basin.01          0.1257   0.2700
valley.poi.barrow_cemetery.01          valley.poi.thunderstruck_tree.01        0.1186   0.2038
valley.poi.turquoise_spring.01         valley.poi.conductive_basin.01          0.1030   0.2944
valley.poi.flower_field.01             valley.poi.waterfall_cave.01            0.1013   0.1072
valley.poi.forest_shrine.01            camp                                    0.1012   0.1890
valley.poi.overlook_summit.01          valley.poi.thunderstruck_tree.01        0.0979   0.2613
valley.poi.overlook_summit.01          pylon                                   0.0975   0.2832
valley.poi.overlook_summit.01          valley.poi.forest_shrine.01             0.0953   0.1832
valley.poi.flower_field.01             pylon                                   0.0927   0.2079
valley.poi.flower_field.01             valley.poi.ember_raider_camps.01        0.0839   0.1002
valley.poi.flower_field.01             valley.poi.thunderstruck_tree.01        0.0829   0.1549
valley.poi.barrow_cemetery.01          pylon                                   0.0757   0.2472
valley.poi.forest_shrine.01            valley.poi.ember_raider_camps.01        0.0742   0.2161
valley.poi.flower_field.01             camp                                    0.0714   0.1501
valley.poi.flower_field.01             valley.poi.conductive_basin.01          0.0700   0.2610
valley.poi.turquoise_spring.01         pylon                                   0.0651   0.2402
valley.poi.turquoise_spring.01         valley.poi.thunderstruck_tree.01        0.0644   0.2499
valley.poi.barrow_cemetery.01          valley.poi.flower_field.01              0.0566   0.1289

--- 160 m — seuil S = 0.5458 (calibré sur 36 paires acceptées, paire calibrante : valley.poi.abandoned_farm.01 / valley.poi.stone_bridge.01) ---
a                                      b                                          IoU  dprofil
valley.poi.watchtower_ruin.01          valley.poi.riverside_village.01         0.4798   0.1134
valley.poi.overlook_summit.01          valley.poi.riverside_village.01         0.4791   0.1016
valley.poi.watchtower_ruin.01          valley.poi.waterfall_cave.01            0.4620   0.0915
valley.poi.turquoise_spring.01         valley.poi.stone_bridge.01              0.4564   0.0971
valley.poi.overlook_summit.01          valley.poi.abandoned_farm.01            0.4238   0.1182
valley.poi.overlook_summit.01          valley.poi.turquoise_spring.01          0.4064   0.1851
valley.poi.barrow_cemetery.01          valley.poi.ember_raider_camps.01        0.4017   0.1072
valley.poi.turquoise_spring.01         valley.poi.ember_raider_camps.01        0.4007   0.1410
valley.poi.forest_shrine.01            valley.poi.waterfall_cave.01            0.3914   0.1592
valley.poi.overlook_summit.01          valley.poi.stone_bridge.01              0.3871   0.2378
valley.poi.turquoise_spring.01         valley.poi.abandoned_farm.01            0.3720   0.1572
valley.poi.forest_shrine.01            valley.poi.stone_bridge.01              0.3677   0.0941
valley.poi.watchtower_ruin.01          valley.poi.stone_bridge.01              0.3643   0.1401
valley.poi.overlook_summit.01          valley.poi.ember_raider_camps.01        0.3581   0.1233
valley.poi.watchtower_ruin.01          valley.poi.overlook_summit.01           0.3570   0.1672
valley.poi.overlook_summit.01          valley.poi.barrow_cemetery.01           0.3542   0.1175
valley.poi.turquoise_spring.01         valley.poi.riverside_village.01         0.3498   0.0726
valley.poi.barrow_cemetery.01          valley.poi.riverside_village.01         0.3431   0.1301
valley.poi.watchtower_ruin.01          valley.poi.abandoned_farm.01            0.3188   0.1701
valley.poi.watchtower_ruin.01          valley.poi.forest_shrine.01             0.2924   0.1855
valley.poi.turquoise_spring.01         valley.poi.waterfall_cave.01            0.2873   0.1121
valley.poi.overlook_summit.01          valley.poi.waterfall_cave.01            0.2806   0.1475
valley.poi.turquoise_spring.01         camp                                    0.2688   0.1073
valley.poi.turquoise_spring.01         valley.poi.barrow_cemetery.01           0.2678   0.1484
valley.poi.watchtower_ruin.01          pylon                                   0.2641   0.1890
valley.poi.watchtower_ruin.01          valley.poi.turquoise_spring.01          0.2581   0.1987
valley.poi.forest_shrine.01            valley.poi.abandoned_farm.01            0.2414   0.1936
valley.poi.forest_shrine.01            valley.poi.conductive_basin.01          0.2388   0.1191
valley.poi.watchtower_ruin.01          valley.poi.barrow_cemetery.01           0.2342   0.1500
valley.poi.barrow_cemetery.01          valley.poi.abandoned_farm.01            0.2323   0.1354
valley.poi.barrow_cemetery.01          valley.poi.stone_bridge.01              0.2314   0.1826
valley.poi.overlook_summit.01          camp                                    0.2218   0.1633
valley.poi.forest_shrine.01            valley.poi.thunderstruck_tree.01        0.2147   0.1046
valley.poi.turquoise_spring.01         valley.poi.forest_shrine.01             0.2102   0.1032
valley.poi.forest_shrine.01            valley.poi.riverside_village.01         0.2058   0.1046
valley.poi.barrow_cemetery.01          valley.poi.waterfall_cave.01            0.2000   0.1287
valley.poi.forest_shrine.01            pylon                                   0.1943   0.1038
valley.poi.watchtower_ruin.01          valley.poi.ember_raider_camps.01        0.1868   0.1359
valley.poi.barrow_cemetery.01          camp                                    0.1746   0.2027
valley.poi.barrow_cemetery.01          valley.poi.conductive_basin.01          0.1745   0.1838
valley.poi.flower_field.01             valley.poi.riverside_village.01         0.1689   0.1290
valley.poi.watchtower_ruin.01          valley.poi.thunderstruck_tree.01        0.1641   0.1740
valley.poi.forest_shrine.01            valley.poi.flower_field.01              0.1524   0.0959
valley.poi.watchtower_ruin.01          valley.poi.conductive_basin.01          0.1512   0.2561
valley.poi.overlook_summit.01          valley.poi.flower_field.01              0.1448   0.1364
valley.poi.flower_field.01             valley.poi.stone_bridge.01              0.1334   0.1495
valley.poi.flower_field.01             valley.poi.abandoned_farm.01            0.1279   0.1335
valley.poi.watchtower_ruin.01          valley.poi.flower_field.01              0.1260   0.1229
valley.poi.turquoise_spring.01         valley.poi.flower_field.01              0.1253   0.1459
valley.poi.turquoise_spring.01         valley.poi.conductive_basin.01          0.1233   0.2445
valley.poi.watchtower_ruin.01          camp                                    0.1220   0.2194
valley.poi.barrow_cemetery.01          valley.poi.thunderstruck_tree.01        0.1190   0.1848
valley.poi.overlook_summit.01          valley.poi.conductive_basin.01          0.1137   0.2670
valley.poi.forest_shrine.01            valley.poi.barrow_cemetery.01           0.1119   0.1834
valley.poi.flower_field.01             valley.poi.waterfall_cave.01            0.1068   0.1181
valley.poi.flower_field.01             pylon                                   0.0957   0.1989
valley.poi.overlook_summit.01          valley.poi.thunderstruck_tree.01        0.0918   0.2610
valley.poi.overlook_summit.01          pylon                                   0.0859   0.2863
valley.poi.flower_field.01             valley.poi.thunderstruck_tree.01        0.0850   0.1440
valley.poi.overlook_summit.01          valley.poi.forest_shrine.01             0.0848   0.1840
valley.poi.flower_field.01             valley.poi.ember_raider_camps.01        0.0722   0.0951
valley.poi.turquoise_spring.01         pylon                                   0.0695   0.2308
valley.poi.flower_field.01             valley.poi.conductive_basin.01          0.0691   0.2441
valley.poi.barrow_cemetery.01          pylon                                   0.0679   0.2323
valley.poi.turquoise_spring.01         valley.poi.thunderstruck_tree.01        0.0660   0.2534
valley.poi.forest_shrine.01            valley.poi.ember_raider_camps.01        0.0632   0.1750
valley.poi.barrow_cemetery.01          valley.poi.flower_field.01              0.0466   0.1354
valley.poi.forest_shrine.01            camp                                    0.0462   0.2180
valley.poi.flower_field.01             camp                                    0.0438   0.1717

VERDICT : FAIL — valley.poi.watchtower_ruin.01 ≈ valley.poi.waterfall_cave.01 à 30 m (IoU 0.497 > S 0.493); valley.poi.watchtower_ruin.01 ≈ valley.poi.waterfall_cave.01 à 80 m (IoU 0.493 > S 0.491)
