assets/architecture/watchtower/SM_Watchtower_Ruin.glb: OK
assets/architecture/watchtower/SM_Watchtower_Ruin.glb.import: OK
assets/environment/rocks/SM_FlowerField_Steles.glb: OK
assets/environment/rocks/SM_FlowerField_Steles.glb.import: OK
assets/environment/rocks/SM_OverlookCrags.glb: OK
assets/environment/rocks/SM_OverlookCrags.glb.import: OK
scenes/world_v2/poi/FlowerFieldPlace.tscn: OK
scenes/world_v2/poi/OverlookSummitPlace.tscn: OK
scenes/world_v2/poi/WatchtowerRuinPlace.tscn: OK
scripts/world_v2/poi/flower_field_place.gd: OK
scripts/world_v2/poi/flower_field_place.gd.uid: OK
scripts/world_v2/poi/overlook_summit_place.gd: OK
scripts/world_v2/poi/overlook_summit_place.gd.uid: OK
scripts/world_v2/poi/watchtower_ruin_place.gd: OK
scripts/world_v2/poi/watchtower_ruin_place.gd.uid: OK
shaders/world_v2/poi/SH_FlowerFieldSway.gdshader: OK
shaders/world_v2/poi/SH_FlowerFieldSway.gdshader.uid: OK
source_assets/blender/architecture/SM_Watchtower_Ruin.blend: OK
source_assets/blender/architecture/make_watchtower_ruin.py: OK
source_assets/blender/environment/SM_FlowerFieldSteles.blend: OK
source_assets/blender/environment/SM_OverlookCrags.blend: OK
source_assets/blender/environment/make_flower_field_steles.py: OK
source_assets/blender/environment/make_overlook_crags.py: OK
