=== INSPECTION glTF : assets/architecture/flora/SM_ThunderstruckTree.glb ===
  format                 : GLB v2, 142584 octets
  chunk_binaire          : 135636 octets
  generateur             : Khronos glTF Blender I/O v4.0.44
  version_gltf           : 2.0
  meshes                 : 8
  materiaux              : 3 (MAT_Tree_CharredBark, MAT_Tree_Charcoal, MAT_Tree_Heartwood)
  textures               : 0 image(s), 0 texture(s)
  noeuds                 : 8 (SM_ThunderstruckTree_Bark, SM_ThunderstruckTree_Heart, SM_ThunderstruckTree_Roots, SM_ThunderstruckTree_BranchA, SM_ThunderstruckTree_BranchB, SM_ThunderstruckTree_BranchC, SM_ThunderstruckTree_BranchD, SM_ThunderstruckTree_BranchE)
  skins                  : 0
  animations             : 0 (aucune)
  triangles              : 2526
  bbox_min               : [-4.5578, 0, -4.0974]
  bbox_max               : [4.1423, 11.02, 4.3816]
  dimensions_m           : [8.7001, 11.02, 8.479]
  [AVERT] mesh 'SM_ThunderstruckTree_Bark': pas d'UV0 — lightmap et matériaux limités
  [AVERT] mesh 'SM_ThunderstruckTree_Bark': pas d'UV0 — lightmap et matériaux limités
  [AVERT] mesh 'SM_ThunderstruckTree_Heart': pas d'UV0 — lightmap et matériaux limités
  [AVERT] mesh 'SM_ThunderstruckTree_Roots': pas d'UV0 — lightmap et matériaux limités
  [AVERT] mesh 'SM_ThunderstruckTree_BranchA': pas d'UV0 — lightmap et matériaux limités
  [AVERT] mesh 'SM_ThunderstruckTree_BranchB': pas d'UV0 — lightmap et matériaux limités
  [AVERT] mesh 'SM_ThunderstruckTree_BranchC': pas d'UV0 — lightmap et matériaux limités
  [AVERT] mesh 'SM_ThunderstruckTree_BranchD': pas d'UV0 — lightmap et matériaux limités
  [AVERT] mesh 'SM_ThunderstruckTree_BranchE': pas d'UV0 — lightmap et matériaux limités
=== VALIDE ===
