
== G1. l'artefact mesuré est-il CELUI du commit courant ? ==
  PASS  build liée au commit courant (86bc5570df4d34f46a990a8529a49c8f9fa30639)

== G2/G3. arrivée réelle au camp, et zéro ressource manquante ==
        [peuplement] garnison : 4 posé(s), 0 déjà tombé(s)
  PASS  quatre gardes posés, aucun déjà tombé
  PASS  un garde a VU le héros arriver : garrison.ember_camp.blue.01
WM_DELETE_WINDOW envoyé à 2097155
        (fermeture honorée en 2 s)
        position sauvegardée : {'x': 35.9669952392578, 'y': 1.38202154636383, 'z': 28.6721439361572}
  PASS  le héros a RÉELLEMENT marché : 71.33 m depuis son point de reprise
  PASS  aucun modèle ni ressource manquant dans le PCK

== G4. aucune duplication au redémarrage ==
        [peuplement] garnison : 4 posé(s), 0 déjà tombé(s)  (lignes de peuplement : 1)
  PASS  quatre gardes, pas huit — aucune duplication
  PASS  le bâtisseur n'a construit QU'UNE fois dans ce processus
WM_DELETE_WINDOW envoyé à 2097155
        (fermeture honorée en 4 s)

== G5. une garnison tombée reste tombée après fermeture et « Continuer » ==
        [peuplement] garnison : 2 posé(s), 2 déjà tombé(s)
  PASS  deux gardes seulement : les deux morts du slot ne reviennent pas
WM_DELETE_WINDOW envoyé à 2097155
        (fermeture honorée en 32 s)

== G6. l'inventaire de l'antichambre survit à la reprise ==
  PASS  « Continuer » route vers l'antichambre
WM_DELETE_WINDOW envoyé à 2097155
        (fermeture honorée en 3 s)
  PASS  une écriture a RÉELLEMENT eu lieu (horodatage : 2026-08-28 21:02:37)
        armes=3 flèches=37 storm_berry=3 plats=1
  PASS  l'inventaire est INTACT après la reprise dans l'antichambre (ISS-080)

NON VÉRIFIÉ ICI, ET PROUVÉ EN MOTEUR PAR test_world_v2_garrison_combat.gd :
  dégâts dans les deux sens · victoire de la garnison · mort du héros et
  « Réessayer ». Un clavier synthétique sous Xvfb en rendu logiciel ne
  peut pas en faire une mesure déterministe.

GATE_EXPORT_GARNISON : VERT (0 échec)
RC_GARNISON=0
