==========================================================================
SONDE DE CONTINUITE — Grotte du Couchant
==========================================================================
cotes  : LUES dans /home/user/zelda-r2a351/a_profil/source_assets/blender/environment/make_waterfall_cave.py
         9 stations, axe y de -1.15 a +3.17, sag 0.08, denivele de porche -0.58
cotes  : CAVITE, CAVITE_ASYM, PALIER, SAG, PORCHE_DENIVELE conformes au generateur
garde  : le profil declare laisse au moins 0.42 m au-dessus du terrain a toutes les stations (herbe 0.30 m)

--------------------------------------------------------------------------
CONTROLE 0 — LA POSE MONDE, DERIVEE ET EPROUVEE
--------------------------------------------------------------------------
origine   : (-106.000 ; 3.500 ; 3.500), lacet 45.0 deg
derivee de: resources/world_v2/world_v2_layout.json -> v2_site [-110.0, 3.0, 6.0]
            scripts/world_v2/poi/waterfall_cave_place.gd -> SEUIL_LOCAL [4.0, -2.5], LACET_DEG 45.0, EXHAUSSEMENT 0.50
            terrain sous le seuil 3.00 m — NON VERIFIE — documentaire, cf. commentaires d'implantation de waterfall_cave_place.gd
aller-retour modele->monde(matrices)->modele(forme fermee) :
   ecart max 4.663e-15 m sur 14 points et 5 directions, tolerance 1e-09 m
   PASS — les deux chemins concordent
maillage rendu : 19858 triangles (COL_WaterfallCave ecarte)
   MAT_CaveRock_Base        8615 tris
   MAT_CaveRock_Face        6652 tris
   MAT_CaveRock_Collar      3405 tris
   MAT_CaveIn_Deep           502 tris
   MAT_CaveIn_Floor          469 tris
   MAT_CaveIn_Wall           215 tris
emprise modele : x[-9.17..9.29] y[-3.53..13.03] z[-3.95..8.59]
echantillons interieurs : 495 (stations 0 a 8, les quatre que le generateur saute comprises)

--------------------------------------------------------------------------
CONTROLE 1 — PLANCHER (rayon vers le BAS depuis l'interieur)
--------------------------------------------------------------------------
Aucune fonction du generateur ne fait ce controle :
  controle_epaisseur  : `if math.sin(theta) < -0.30: continue`
  controle_aucun_jour : `Vector((0.0, 0.0, 1.0))` — vers le HAUT
469 point(s) du vide sondes vers le bas, 0 faute(s)
   PASS — un sol existe sous chaque point sonde, a la hauteur attendue

   CARTE DU PLANCHER (positions laterales avec sol / sans sol) :
      y  -1.15  station 0  #####    5/5  ecart max 0.03 m  z du fond    -
      y  -0.86  station 0  #####    5/5  ecart max 0.05 m  z du fond    -
      y  -0.57  station 0  #####    5/5  ecart max 0.06 m  z du fond    -
      y  -0.29  station 1  #####    5/5  ecart max 0.07 m  z du fond    -
      y  +0.00  station 1  #####    5/5  ecart max 0.08 m  z du fond    -
      y  +0.26  station 1  #####    5/5  ecart max 0.04 m  z du fond    -
      y  +0.53  station 2  #####    5/5  ecart max 0.03 m  z du fond    -
      y  +0.79  station 2  #####    5/5  ecart max 0.03 m  z du fond    -
      y  +1.05  station 2  #####    5/5  ecart max 0.01 m  z du fond    -
      y  +1.19  station 2  #####    5/5  ecart max 0.02 m  z du fond    -
      y  +1.33  station 2  #####    5/5  ecart max 0.03 m  z du fond    -
      y  +1.48  station 3  #####    5/5  ecart max 0.04 m  z du fond    -
      y  +1.62  station 3  #####    5/5  ecart max 0.05 m  z du fond    -
      y  +1.75  station 3  #####    5/5  ecart max 0.07 m  z du fond    -
      y  +1.87  station 4  #####    5/5  ecart max 0.07 m  z du fond    -
      y  +2.00  station 4  #####    5/5  ecart max 0.08 m  z du fond    -
      y  +2.12  station 4  ####     4/4  ecart max 0.09 m  z du fond    -
      y  +2.24  station 4  ####     4/4  ecart max 0.10 m  z du fond    -
      y  +2.35  station 4  ####     4/4  ecart max 0.11 m  z du fond    -
      y  +2.46  station 5  ####     4/4  ecart max 0.12 m  z du fond    -
      y  +2.58  station 5  ####     4/4  ecart max 0.12 m  z du fond    -
      y  +2.66  station 5  ####     4/4  ecart max 0.16 m  z du fond    -
      y  +2.73  station 6  ###      3/3  ecart max 0.20 m  z du fond    -
      y  +2.80  station 6  ###      3/3  ecart max 0.24 m  z du fond    -
      y  +2.88  station 6  ##.      2/3  ecart max 0.27 m  z du fond +0.04  <-- TROU
      y  +2.92  station 6  ##.      2/3  ecart max 0.31 m  z du fond +0.05  <-- TROU
      y  +2.97  station 6  #..      1/3  ecart max 0.36 m  z du fond +0.10  <-- TROU
      y  +3.02  station 7  #..      1/3  ecart max 0.40 m  z du fond +0.13  <-- TROU
      y  +3.06  station 7  #..      1/3  ecart max 0.45 m  z du fond +0.15  <-- TROU
      y  +3.09  station 7  #..      1/3  ecart max 0.45 m  z du fond +0.18  <-- TROU
      y  +3.12  station 8  #..      1/3  ecart max 0.45 m  z du fond +0.23  <-- TROU
      y  +3.14  station 8  #..      1/3  ecart max 0.44 m  z du fond +0.27  <-- TROU
      y  +3.17  station 8  ##.      2/3  ecart max 0.44 m  z du fond +0.23  <-- TROU
   >>> plancher absent de y = +2.88 a y = +3.17 (stations 6 a 8)

--------------------------------------------------------------------------
CONTROLE 2 — JOUR (sphere entiere, stations 0 a 8)
--------------------------------------------------------------------------
100 direction(s) par point, elevations -90 a +90 : le fond (±Y) et le sol (-Z) sont couverts
66 point(s) du porche ecarte(s) (ouvert par construction)
0 point(s) ecarte(s) comme HORS CAVITE (enclosure < 0.50)
38196 rayon(s) juges, 2104 ecarte(s) parce qu'ils sortent par la BOUCHE, 329 RAYON(S) SUSPECT(S)
   « suspect » n'est pas « percee » : voir la definition en tete de
   OUVERTURE_CONFIRMEE_M. La confirmation est faite plus bas.
   station 1 : 108 rayon(s) suspect(s), azimuts 26..334, elevations -22..68
   station 2 : 101 rayon(s) suspect(s), azimuts 26..334, elevations -45..68
   station 3 :  36 rayon(s) suspect(s), azimuts 129..231, elevations 0..45
   station 4 :  40 rayon(s) suspect(s), azimuts 0..334, elevations -22..45
   station 5 :  16 rayon(s) suspect(s), azimuts 51..206, elevations 0..22
   station 6 :  19 rayon(s) suspect(s), azimuts 129..309, elevations -68..68
   station 7 :   4 rayon(s) suspect(s), azimuts 26..257, elevations -45..68
   station 8 :   5 rayon(s) suspect(s), azimuts 26..309, elevations -45..22
   OU LES RAYONS SORTENT (regroupe par maille de 1,5 m sur la coque) — un vrai trou fait converger, un mauvais point disperse :
       68 rayon(s) quittent la galerie en x~-2.30 y~-0.45 z~+1.53  (stations de depart 1,2,3,4,5,6)
       53 rayon(s) quittent la galerie en x~-2.31 y~-0.45 z~+2.57  (stations de depart 1,2,3,4,5)
       30 rayon(s) quittent la galerie en x~-2.38 y~-0.70 z~+0.68  (stations de depart 1,2,3,4)
       24 rayon(s) quittent la galerie en x~-2.34 y~-0.55 z~+3.35  (stations de depart 1,2,3,4,6)
       18 rayon(s) quittent la galerie en x~-1.83 y~+0.28 z~+2.41  (stations de depart 1,2,3,4)
       17 rayon(s) quittent la galerie en x~-2.12 y~+0.07 z~+2.41  (stations de depart 1,2,3)
       15 rayon(s) quittent la galerie en x~-2.12 y~+0.07 z~+1.63  (stations de depart 1,2,3,5,6,7)
       15 rayon(s) quittent la galerie en x~-1.85 y~+0.28 z~+1.71  (stations de depart 1,2,3,4,6,8)

   CARTE DU FOND (vue de derriere, emprise de la derniere station)
   'O' = le rayon traverse la galerie de part en part
      z +2.80  ..........OOOO
      z +2.55  ...........OOO
      z +2.30  ...........OOO
      z +2.05  ............OO
      z +1.80  ............O.
      z +1.55  ..............
      z +1.30  ..............
      z +1.05  ..............
      z +0.80  ..............
      z +0.55  ..............
      x de +1.84 a +5.32, pas 0,25 m
   >>> fond de la galerie OUVERT : 13 case(s) sur 140, emprise x[+4.34 .. +5.09] z[+1.80 .. +2.80], soit 0.75 x 1.00 m

--------------------------------------------------------------------------
CONTROLE 2b — CONFIRMATION DES RAYONS SUSPECTS
--------------------------------------------------------------------------
Un rayon suspect n'est pas une percee. Une percee est CONFIRMEE
quand un carre de 0.10 m de cote, perpendiculaire au rayon, est
INTEGRALEMENT perce — faisceau de pas 0.025 m sur +/-0.15 m.
150 amas de sortie mesure(s) : 117 CONFIRME(S), 33 ecarte(s)
   la plus grande ouverture parmi les amas ecartes : 0.075 m (seuil 0.10 m)
      ouverture 0.075 m   2 rayon(s)  sortie [-0.87, 1.07, 0.38]  faisceau 54/169 sortant  surface plancher
      ouverture 0.075 m   2 rayon(s)  sortie [-0.8, 1.08, 1.54]  faisceau 56/169 sortant  surface paroi_moins_x
      ouverture 0.075 m   1 rayon(s)  sortie [-0.79, 1.1, 2.17]  faisceau 36/169 sortant  surface paroi_moins_x
      ouverture 0.075 m   1 rayon(s)  sortie [-0.86, 1.09, 1.32]  faisceau 52/169 sortant  surface paroi_moins_x
      ouverture 0.075 m   1 rayon(s)  sortie [-0.86, 1.09, 1.92]  faisceau 48/169 sortant  surface paroi_moins_x
   >>> PERCEE CONFIRMEE  ouverture 0.250 m  surface paroi_moins_x sortie [-2.13, 0.06, 1.67]  9 rayon(s)
   >>> PERCEE CONFIRMEE  ouverture 0.300 m  surface paroi_moins_x sortie [-2.44, -0.84, 0.32]  8 rayon(s)
   >>> PERCEE CONFIRMEE  ouverture 0.300 m  surface paroi_moins_x sortie [-2.44, -0.84, 0.87]  8 rayon(s)
   >>> PERCEE CONFIRMEE  ouverture 0.300 m  surface paroi_moins_x sortie [-2.43, -0.84, 1.46]  8 rayon(s)
   >>> PERCEE CONFIRMEE  ouverture 0.275 m  surface paroi_moins_x sortie [-2.21, -0.13, 1.6]  7 rayon(s)
   >>> PERCEE CONFIRMEE  ouverture 0.200 m  surface paroi_moins_x sortie [-2.19, -0.07, 1.45]  7 rayon(s)
   >>> PERCEE CONFIRMEE  ouverture 0.300 m  surface paroi_moins_x sortie [-2.3, -0.42, 1.63]  7 rayon(s)
   >>> PERCEE CONFIRMEE  ouverture 0.300 m  surface paroi_moins_x sortie [-2.09, 0.09, 2.1]  6 rayon(s)
   >>> PERCEE CONFIRMEE  ouverture 0.300 m  surface paroi_moins_x sortie [-2.42, -0.83, 2.35]  6 rayon(s)
   >>> PERCEE CONFIRMEE  ouverture 0.300 m  surface paroi_moins_x sortie [-2.42, -0.83, 1.86]  6 rayon(s)
   >>> PERCEE CONFIRMEE  ouverture 0.300 m  surface paroi_moins_x sortie [-2.3, -0.39, 2.9]  5 rayon(s)
   >>> PERCEE CONFIRMEE  ouverture 0.225 m  surface paroi_moins_x sortie [-1.81, 0.3, 2.15]  5 rayon(s)
   >>> PERCEE CONFIRMEE  ouverture 0.300 m  surface paroi_moins_x sortie [-2.17, 0.04, 2.33]  5 rayon(s)
   >>> PERCEE CONFIRMEE  ouverture 0.200 m  surface paroi_moins_x sortie [-2.21, -0.09, 2.86]  5 rayon(s)
   >>> PERCEE CONFIRMEE  ouverture 0.275 m  surface paroi_moins_x sortie [-2.31, -0.42, 1.09]  5 rayon(s)
   >>> PERCEE CONFIRMEE  ouverture 0.300 m  surface paroi_moins_x sortie [-2.36, -0.64, 0.92]  5 rayon(s)
   >>> PERCEE CONFIRMEE  ouverture 0.300 m  surface paroi_moins_x sortie [-2.34, -0.62, 2.63]  5 rayon(s)
   >>> PERCEE CONFIRMEE  ouverture 0.300 m  surface paroi_moins_x sortie [-2.18, -0.09, 2.57]  5 rayon(s)
   >>> PERCEE CONFIRMEE  ouverture 0.300 m  surface paroi_moins_x sortie [-2.37, -0.62, 1.55]  5 rayon(s)
   >>> PERCEE CONFIRMEE  ouverture 0.300 m  surface paroi_moins_x sortie [-2.24, -0.32, 1.4]  4 rayon(s)
   >>> PERCEE CONFIRMEE  ouverture 0.150 m  surface paroi_moins_x sortie [-2.12, 0.09, 1.47]  4 rayon(s)
   >>> PERCEE CONFIRMEE  ouverture 0.300 m  surface paroi_moins_x sortie [-2.41, -0.81, 2.88]  4 rayon(s)
   >>> PERCEE CONFIRMEE  ouverture 0.300 m  surface paroi_moins_x sortie [-2.19, -0.1, 1.86]  4 rayon(s)
   >>> PERCEE CONFIRMEE  ouverture 0.275 m  surface paroi_moins_x sortie [-2.29, -0.43, 0.88]  4 rayon(s)
   >>> PERCEE CONFIRMEE  ouverture 0.300 m  surface paroi_moins_x sortie [-2.42, -0.85, 3.06]  4 rayon(s)
   >>> PERCEE CONFIRMEE  ouverture 0.300 m  surface paroi_moins_x sortie [-2.36, -0.64, 3.11]  4 rayon(s)
   >>> PERCEE CONFIRMEE  ouverture 0.300 m  surface paroi_moins_x sortie [-2.29, -0.4, 1.42]  3 rayon(s)
   >>> PERCEE CONFIRMEE  ouverture 0.225 m  surface paroi_moins_x sortie [-2.09, 0.07, 2.69]  3 rayon(s)
   >>> PERCEE CONFIRMEE  ouverture 0.175 m  surface paroi_moins_x sortie [-1.79, 0.31, 2.69]  3 rayon(s)
   >>> PERCEE CONFIRMEE  ouverture 0.300 m  surface toit          sortie [-1.41, -0.86, 3.81]  3 rayon(s)
   >>> PERCEE CONFIRMEE  ouverture 0.300 m  surface paroi_moins_x sortie [-2.15, 0.07, 2.89]  3 rayon(s)
   >>> PERCEE CONFIRMEE  ouverture 0.150 m  surface toit          sortie [-1.3, -0.67, 3.79]  3 rayon(s)
   >>> PERCEE CONFIRMEE  ouverture 0.300 m  surface paroi_moins_x sortie [-2.3, -0.37, 2.35]  3 rayon(s)
   >>> PERCEE CONFIRMEE  ouverture 0.200 m  surface paroi_moins_x sortie [-1.85, 0.28, 1.6]  3 rayon(s)
   >>> PERCEE CONFIRMEE  ouverture 0.150 m  surface paroi_moins_x sortie [-2.37, -0.68, 0.33]  3 rayon(s)
   >>> PERCEE CONFIRMEE  ouverture 0.125 m  surface paroi_moins_x sortie [-1.69, 0.39, 2.39]  3 rayon(s)
   >>> PERCEE CONFIRMEE  ouverture 0.300 m  surface paroi_moins_x sortie [-2.2, -0.13, 3.09]  3 rayon(s)
   >>> PERCEE CONFIRMEE  ouverture 0.300 m  surface toit          sortie [-2.4, -0.81, 3.8]  3 rayon(s)
   >>> PERCEE CONFIRMEE  ouverture 0.175 m  surface paroi_moins_x sortie [-1.83, 0.3, 1.79]  3 rayon(s)
   >>> PERCEE CONFIRMEE  ouverture 0.125 m  surface paroi_moins_x sortie [-1.72, 0.38, 1.86]  3 rayon(s)
   >>> PERCEE CONFIRMEE  ouverture 0.150 m  surface paroi_moins_x sortie [-2.24, -0.29, 0.86]  2 rayon(s)
   >>> PERCEE CONFIRMEE  ouverture 0.300 m  surface toit          sortie [-2.12, -0.85, 4.2]  2 rayon(s)
   >>> PERCEE CONFIRMEE  ouverture 0.225 m  surface toit          sortie [-1.6, -1.1, 3.91]  2 rayon(s)
   >>> PERCEE CONFIRMEE  ouverture 0.300 m  surface toit          sortie [-1.09, -0.88, 3.67]  2 rayon(s)
   >>> PERCEE CONFIRMEE  ouverture 0.300 m  surface paroi_moins_x sortie [-2.1, 0.1, 1.77]  2 rayon(s)
   >>> PERCEE CONFIRMEE  ouverture 0.300 m  surface paroi_moins_x sortie [-2.25, -0.34, 1.92]  2 rayon(s)
   >>> PERCEE CONFIRMEE  ouverture 0.125 m  surface toit          sortie [-0.29, -1.13, 3.06]  2 rayon(s)
   >>> PERCEE CONFIRMEE  ouverture 0.300 m  surface paroi_moins_x sortie [-2.12, 0.07, 3.12]  2 rayon(s)
   >>> PERCEE CONFIRMEE  ouverture 0.300 m  surface toit          sortie [-2.13, 0.09, 3.83]  2 rayon(s)
   >>> PERCEE CONFIRMEE  ouverture 0.300 m  surface paroi_moins_x sortie [-2.43, -0.84, 1.6]  2 rayon(s)
   >>> PERCEE CONFIRMEE  ouverture 0.275 m  surface toit          sortie [-1.89, -0.54, 4.1]  2 rayon(s)
   >>> PERCEE CONFIRMEE  ouverture 0.250 m  surface toit          sortie [-0.88, -1.04, 3.51]  2 rayon(s)
   >>> PERCEE CONFIRMEE  ouverture 0.200 m  surface toit          sortie [-0.79, -0.83, 3.45]  2 rayon(s)
   >>> PERCEE CONFIRMEE  ouverture 0.300 m  surface paroi_moins_x sortie [-2.19, -0.05, 2.09]  2 rayon(s)
   >>> PERCEE CONFIRMEE  ouverture 0.300 m  surface paroi_moins_x sortie [-2.35, -0.55, 2.42]  2 rayon(s)
   >>> PERCEE CONFIRMEE  ouverture 0.200 m  surface toit          sortie [-1.87, -0.4, 4.1]  2 rayon(s)
   >>> PERCEE CONFIRMEE  ouverture 0.300 m  surface paroi_moins_x sortie [-2.35, -0.51, 2.85]  2 rayon(s)
   >>> PERCEE CONFIRMEE  ouverture 0.300 m  surface toit          sortie [-2.36, -0.59, 3.54]  2 rayon(s)
   >>> PERCEE CONFIRMEE  ouverture 0.300 m  surface paroi_moins_x sortie [-2.42, -0.85, 2.55]  2 rayon(s)
   >>> PERCEE CONFIRMEE  ouverture 0.150 m  surface toit          sortie [-2.41, -0.86, 4.13]  2 rayon(s)
   >>> PERCEE CONFIRMEE  ouverture 0.175 m  surface paroi_moins_x sortie [-1.98, 0.18, 2.79]  2 rayon(s)
   >>> PERCEE CONFIRMEE  ouverture 0.300 m  surface paroi_moins_x sortie [-2.0, 0.17, 2.37]  2 rayon(s)
   >>> PERCEE CONFIRMEE  ouverture 0.200 m  surface toit          sortie [-2.29, -0.35, 3.58]  2 rayon(s)
   >>> PERCEE CONFIRMEE  ouverture 0.300 m  surface paroi_moins_x sortie [-2.35, -0.67, 1.43]  2 rayon(s)
   >>> PERCEE CONFIRMEE  ouverture 0.100 m  surface toit          sortie [-2.24, -1.11, 4.16]  2 rayon(s)
   >>> PERCEE CONFIRMEE  ouverture 0.300 m  surface paroi_moins_x sortie [-2.22, -0.12, 2.41]  2 rayon(s)
   >>> PERCEE CONFIRMEE  ouverture 0.200 m  surface paroi_moins_x sortie [-2.0, 0.18, 1.68]  2 rayon(s)
   >>> PERCEE CONFIRMEE  ouverture 0.100 m  surface paroi_moins_x sortie [-0.83, 1.08, 0.84]  2 rayon(s)
   >>> PERCEE CONFIRMEE  ouverture 0.300 m  surface paroi_moins_x sortie [-2.34, -0.67, 2.1]  2 rayon(s)
   >>> PERCEE CONFIRMEE  ouverture 0.150 m  surface paroi_moins_x sortie [-2.2, -0.2, 1.14]  2 rayon(s)
   >>> PERCEE CONFIRMEE  ouverture 0.175 m  surface toit          sortie [-2.32, -1.12, 4.2]  1 rayon(s)
   >>> PERCEE CONFIRMEE  ouverture 0.150 m  surface toit          sortie [-1.03, -1.14, 3.46]  1 rayon(s)
   >>> PERCEE CONFIRMEE  ouverture 0.225 m  surface toit          sortie [-0.53, -0.86, 3.37]  1 rayon(s)
   >>> PERCEE CONFIRMEE  ouverture 0.300 m  surface paroi_moins_x sortie [-2.28, -0.33, 1.93]  1 rayon(s)
   >>> PERCEE CONFIRMEE  ouverture 0.300 m  surface toit          sortie [-2.28, -0.33, 3.45]  1 rayon(s)
   >>> PERCEE CONFIRMEE  ouverture 0.150 m  surface toit          sortie [-0.65, -0.71, 3.45]  1 rayon(s)
   >>> PERCEE CONFIRMEE  ouverture 0.300 m  surface paroi_moins_x sortie [-2.28, -0.33, 2.53]  1 rayon(s)
   >>> PERCEE CONFIRMEE  ouverture 0.300 m  surface toit          sortie [-2.28, -0.33, 4.05]  1 rayon(s)
   >>> PERCEE CONFIRMEE  ouverture 0.300 m  surface toit          sortie [-2.01, -0.74, 4.15]  1 rayon(s)
   >>> PERCEE CONFIRMEE  ouverture 0.300 m  surface toit          sortie [-1.54, -0.84, 3.87]  1 rayon(s)
   >>> PERCEE CONFIRMEE  ouverture 0.300 m  surface paroi_moins_x sortie [-2.41, -0.78, 1.1]  1 rayon(s)
   >>> PERCEE CONFIRMEE  ouverture 0.300 m  surface paroi_moins_x sortie [-2.38, -0.76, 2.2]  1 rayon(s)
   >>> PERCEE CONFIRMEE  ouverture 0.300 m  surface toit          sortie [-2.14, -0.65, 4.27]  1 rayon(s)
   >>> PERCEE CONFIRMEE  ouverture 0.200 m  surface toit          sortie [-0.39, -1.13, 3.25]  1 rayon(s)
   >>> PERCEE CONFIRMEE  ouverture 0.200 m  surface paroi_plus_x  sortie [1.41, -0.93, 0.84]  1 rayon(s)
   >>> PERCEE CONFIRMEE  ouverture 0.150 m  surface toit          sortie [-2.08, 0.07, 4.26]  1 rayon(s)
   >>> PERCEE CONFIRMEE  ouverture 0.175 m  surface toit          sortie [-0.44, -0.9, 3.25]  1 rayon(s)
   >>> PERCEE CONFIRMEE  ouverture 0.300 m  surface paroi_moins_x sortie [-2.38, -0.76, 3.35]  1 rayon(s)
   >>> PERCEE CONFIRMEE  ouverture 0.275 m  surface toit          sortie [-2.2, -0.05, 3.37]  1 rayon(s)
   >>> PERCEE CONFIRMEE  ouverture 0.275 m  surface toit          sortie [-2.2, -0.05, 3.92]  1 rayon(s)
   >>> PERCEE CONFIRMEE  ouverture 0.150 m  surface paroi_moins_x sortie [-1.71, 0.38, 2.65]  1 rayon(s)
   >>> PERCEE CONFIRMEE  ouverture 0.275 m  surface toit          sortie [-2.43, -0.93, 3.58]  1 rayon(s)
   >>> PERCEE CONFIRMEE  ouverture 0.300 m  surface paroi_moins_x sortie [-1.99, 0.17, 1.88]  1 rayon(s)
   >>> PERCEE CONFIRMEE  ouverture 0.150 m  surface toit          sortie [-2.16, 0.07, 3.43]  1 rayon(s)
   >>> PERCEE CONFIRMEE  ouverture 0.300 m  surface paroi_moins_x sortie [-2.39, -0.68, 1.98]  1 rayon(s)
   >>> PERCEE CONFIRMEE  ouverture 0.175 m  surface paroi_moins_x sortie [-2.46, -1.05, 0.3]  1 rayon(s)
   >>> PERCEE CONFIRMEE  ouverture 0.175 m  surface paroi_moins_x sortie [-2.47, -1.06, 1.72]  1 rayon(s)
   >>> PERCEE CONFIRMEE  ouverture 0.175 m  surface toit          sortie [-2.52, -1.08, 3.77]  1 rayon(s)
   >>> PERCEE CONFIRMEE  ouverture 0.175 m  surface paroi_moins_x sortie [-2.46, -1.05, 0.85]  1 rayon(s)
   >>> PERCEE CONFIRMEE  ouverture 0.175 m  surface paroi_moins_x sortie [-2.47, -1.06, 2.27]  1 rayon(s)
   >>> PERCEE CONFIRMEE  ouverture 0.175 m  surface toit          sortie [-2.52, -1.08, 4.32]  1 rayon(s)
   >>> PERCEE CONFIRMEE  ouverture 0.175 m  surface paroi_moins_x sortie [-2.46, -1.05, 1.45]  1 rayon(s)
   >>> PERCEE CONFIRMEE  ouverture 0.175 m  surface paroi_moins_x sortie [-2.47, -1.06, 2.87]  1 rayon(s)
   >>> PERCEE CONFIRMEE  ouverture 0.300 m  surface paroi_moins_x sortie [-2.32, -0.41, 3.04]  1 rayon(s)
   >>> PERCEE CONFIRMEE  ouverture 0.300 m  surface paroi_moins_x sortie [-2.25, -0.37, 2.54]  1 rayon(s)
   >>> PERCEE CONFIRMEE  ouverture 0.150 m  surface paroi_moins_x sortie [-1.69, 0.4, 1.63]  1 rayon(s)
   >>> PERCEE CONFIRMEE  ouverture 0.300 m  surface paroi_moins_x sortie [-1.99, 0.19, 2.2]  1 rayon(s)
   >>> PERCEE CONFIRMEE  ouverture 0.100 m  surface paroi_moins_x sortie [-0.79, 1.1, 1.02]  1 rayon(s)
   >>> PERCEE CONFIRMEE  ouverture 0.150 m  surface paroi_moins_x sortie [-1.97, 0.19, 1.48]  1 rayon(s)
   >>> PERCEE CONFIRMEE  ouverture 0.175 m  surface paroi_moins_x sortie [-1.87, 0.26, 2.31]  1 rayon(s)
   >>> PERCEE CONFIRMEE  ouverture 0.150 m  surface paroi_moins_x sortie [-1.86, 0.27, 1.49]  1 rayon(s)
   >>> PERCEE CONFIRMEE  ouverture 0.300 m  surface paroi_moins_x sortie [-2.32, -0.49, 2.21]  1 rayon(s)
   >>> PERCEE CONFIRMEE  ouverture 0.300 m  surface paroi_moins_x sortie [-2.24, -0.33, 2.26]  1 rayon(s)
   >>> PERCEE CONFIRMEE  ouverture 0.300 m  surface paroi_moins_x sortie [-2.24, -0.33, 2.81]  1 rayon(s)
   >>> PERCEE CONFIRMEE  ouverture 0.300 m  surface paroi_moins_x sortie [-2.26, -0.2, 2.35]  1 rayon(s)
   >>> PERCEE CONFIRMEE  ouverture 0.250 m  surface paroi_moins_x sortie [-2.26, -0.2, 2.9]  1 rayon(s)
   >>> PERCEE CONFIRMEE  ouverture 0.300 m  surface paroi_moins_x sortie [-2.34, -0.53, 1.0]  1 rayon(s)

--------------------------------------------------------------------------
CONTROLE 4 — LES CINQ SURFACES (plancher, TOIT, parois, fond)
--------------------------------------------------------------------------
Rayons tires du DEHORS vers le noyau, une face a la fois. Methode
independante du controle 2, et la seule qui nomme le TOIT — que la
version precedente ne cartographiait nulle part.

  LIRE « 0 CONFIRMEE » ICI COMME « SAINE » EST UNE ERREUR, ET ELLE
  EST STRUCTURELLE. Ce controle vise le NOYAU (55 %% de la demi-
  largeur) par des rayons alignes sur les axes. Deux angles morts
  lui sont propres, mesures sur la geometrie A1_ASYM :
    * une percee qui ouvre sur la MARGE, entre le noyau et la
      paroi, n'est pas visee — 59 des 161 percees du controle 2
      partaient hors du noyau ;
    * une percee OBLIQUE peut avoir de la roche au zenith et rien
      sur sa propre direction — 16 cas, invisibles a un raster
      aligne sur les axes.
  Le controle 2 part de l'interieur et balaie la sphere entiere.
  Les deux ne se remplacent pas : le verdict est le PLUS SEVERE
  des deux, jamais le plus rassurant.
   plancher       pas 0.050 m   10197 case(s),    0 ouverte(s), 0 bloc(s) assez large(s), 0 confirmee(s)
   toit           pas 0.050 m   10197 case(s),    0 ouverte(s), 0 bloc(s) assez large(s), 0 confirmee(s)
   paroi_moins_x  pas 0.050 m    3914 case(s),   18 ouverte(s), 1 bloc(s) assez large(s), 1 confirmee(s)
        bloc   16 case(s)  y[-0.11..0.04] z[1.22..1.52]  ASSEZ LARGE
        bloc    2 case(s)  y[0.09..0.14] z[1.57..1.57]
        >>> PERCEE CONFIRMEE sur paroi_moins_x : ouverture 0.150 m, emprise {'y': [-0.106, 0.044], 'z': [1.22, 1.52]}
   paroi_plus_x   pas 0.050 m    3914 case(s),    0 ouverte(s), 0 bloc(s) assez large(s), 0 confirmee(s)
   fond           pas 0.050 m    3762 case(s),    0 ouverte(s), 0 bloc(s) assez large(s), 0 confirmee(s)

--------------------------------------------------------------------------
CONTROLE 3 — LIGNE DE VUE (regle du moteur : cull_back)
--------------------------------------------------------------------------
NON VERIFIE — aucun manifeste fourni (--manifeste)

==========================================================================
GATE — 0 PERCEE CONFIRMEE
==========================================================================
percees confirmees : 118  (seuil d'ouverture 0.10 m)
   controle_2   surface paroi_moins_x  ouverture 0.250 m
   controle_2   surface paroi_moins_x  ouverture 0.300 m
   controle_2   surface paroi_moins_x  ouverture 0.300 m
   controle_2   surface paroi_moins_x  ouverture 0.300 m
   controle_2   surface paroi_moins_x  ouverture 0.275 m
   controle_2   surface paroi_moins_x  ouverture 0.200 m
   controle_2   surface paroi_moins_x  ouverture 0.300 m
   controle_2   surface paroi_moins_x  ouverture 0.300 m
   controle_2   surface paroi_moins_x  ouverture 0.300 m
   controle_2   surface paroi_moins_x  ouverture 0.300 m
   controle_2   surface paroi_moins_x  ouverture 0.300 m
   controle_2   surface paroi_moins_x  ouverture 0.225 m
   controle_2   surface paroi_moins_x  ouverture 0.300 m
   controle_2   surface paroi_moins_x  ouverture 0.200 m
   controle_2   surface paroi_moins_x  ouverture 0.275 m
   controle_2   surface paroi_moins_x  ouverture 0.300 m
   controle_2   surface paroi_moins_x  ouverture 0.300 m
   controle_2   surface paroi_moins_x  ouverture 0.300 m
   controle_2   surface paroi_moins_x  ouverture 0.300 m
   controle_2   surface paroi_moins_x  ouverture 0.300 m
   controle_2   surface paroi_moins_x  ouverture 0.150 m
   controle_2   surface paroi_moins_x  ouverture 0.300 m
   controle_2   surface paroi_moins_x  ouverture 0.300 m
   controle_2   surface paroi_moins_x  ouverture 0.275 m
   controle_2   surface paroi_moins_x  ouverture 0.300 m
   controle_2   surface paroi_moins_x  ouverture 0.300 m
   controle_2   surface paroi_moins_x  ouverture 0.300 m
   controle_2   surface paroi_moins_x  ouverture 0.225 m
   controle_2   surface paroi_moins_x  ouverture 0.175 m
   controle_2   surface toit           ouverture 0.300 m
   controle_2   surface paroi_moins_x  ouverture 0.300 m
   controle_2   surface toit           ouverture 0.150 m
   controle_2   surface paroi_moins_x  ouverture 0.300 m
   controle_2   surface paroi_moins_x  ouverture 0.200 m
   controle_2   surface paroi_moins_x  ouverture 0.150 m
   controle_2   surface paroi_moins_x  ouverture 0.125 m
   controle_2   surface paroi_moins_x  ouverture 0.300 m
   controle_2   surface toit           ouverture 0.300 m
   controle_2   surface paroi_moins_x  ouverture 0.175 m
   controle_2   surface paroi_moins_x  ouverture 0.125 m
   controle_2   surface paroi_moins_x  ouverture 0.150 m
   controle_2   surface toit           ouverture 0.300 m
   controle_2   surface toit           ouverture 0.225 m
   controle_2   surface toit           ouverture 0.300 m
   controle_2   surface paroi_moins_x  ouverture 0.300 m
   controle_2   surface paroi_moins_x  ouverture 0.300 m
   controle_2   surface toit           ouverture 0.125 m
   controle_2   surface paroi_moins_x  ouverture 0.300 m
   controle_2   surface toit           ouverture 0.300 m
   controle_2   surface paroi_moins_x  ouverture 0.300 m
   controle_2   surface toit           ouverture 0.275 m
   controle_2   surface toit           ouverture 0.250 m
   controle_2   surface toit           ouverture 0.200 m
   controle_2   surface paroi_moins_x  ouverture 0.300 m
   controle_2   surface paroi_moins_x  ouverture 0.300 m
   controle_2   surface toit           ouverture 0.200 m
   controle_2   surface paroi_moins_x  ouverture 0.300 m
   controle_2   surface toit           ouverture 0.300 m
   controle_2   surface paroi_moins_x  ouverture 0.300 m
   controle_2   surface toit           ouverture 0.150 m
   controle_2   surface paroi_moins_x  ouverture 0.175 m
   controle_2   surface paroi_moins_x  ouverture 0.300 m
   controle_2   surface toit           ouverture 0.200 m
   controle_2   surface paroi_moins_x  ouverture 0.300 m
   controle_2   surface toit           ouverture 0.100 m
   controle_2   surface paroi_moins_x  ouverture 0.300 m
   controle_2   surface paroi_moins_x  ouverture 0.200 m
   controle_2   surface paroi_moins_x  ouverture 0.100 m
   controle_2   surface paroi_moins_x  ouverture 0.300 m
   controle_2   surface paroi_moins_x  ouverture 0.150 m
   controle_2   surface toit           ouverture 0.175 m
   controle_2   surface toit           ouverture 0.150 m
   controle_2   surface toit           ouverture 0.225 m
   controle_2   surface paroi_moins_x  ouverture 0.300 m
   controle_2   surface toit           ouverture 0.300 m
   controle_2   surface toit           ouverture 0.150 m
   controle_2   surface paroi_moins_x  ouverture 0.300 m
   controle_2   surface toit           ouverture 0.300 m
   controle_2   surface toit           ouverture 0.300 m
   controle_2   surface toit           ouverture 0.300 m
   controle_2   surface paroi_moins_x  ouverture 0.300 m
   controle_2   surface paroi_moins_x  ouverture 0.300 m
   controle_2   surface toit           ouverture 0.300 m
   controle_2   surface toit           ouverture 0.200 m
   controle_2   surface paroi_plus_x   ouverture 0.200 m
   controle_2   surface toit           ouverture 0.150 m
   controle_2   surface toit           ouverture 0.175 m
   controle_2   surface paroi_moins_x  ouverture 0.300 m
   controle_2   surface toit           ouverture 0.275 m
   controle_2   surface toit           ouverture 0.275 m
   controle_2   surface paroi_moins_x  ouverture 0.150 m
   controle_2   surface toit           ouverture 0.275 m
   controle_2   surface paroi_moins_x  ouverture 0.300 m
   controle_2   surface toit           ouverture 0.150 m
   controle_2   surface paroi_moins_x  ouverture 0.300 m
   controle_2   surface paroi_moins_x  ouverture 0.175 m
   controle_2   surface paroi_moins_x  ouverture 0.175 m
   controle_2   surface toit           ouverture 0.175 m
   controle_2   surface paroi_moins_x  ouverture 0.175 m
   controle_2   surface paroi_moins_x  ouverture 0.175 m
   controle_2   surface toit           ouverture 0.175 m
   controle_2   surface paroi_moins_x  ouverture 0.175 m
   controle_2   surface paroi_moins_x  ouverture 0.175 m
   controle_2   surface paroi_moins_x  ouverture 0.300 m
   controle_2   surface paroi_moins_x  ouverture 0.300 m
   controle_2   surface paroi_moins_x  ouverture 0.150 m
   controle_2   surface paroi_moins_x  ouverture 0.300 m
   controle_2   surface paroi_moins_x  ouverture 0.100 m
   controle_2   surface paroi_moins_x  ouverture 0.150 m
   controle_2   surface paroi_moins_x  ouverture 0.175 m
   controle_2   surface paroi_moins_x  ouverture 0.150 m
   controle_2   surface paroi_moins_x  ouverture 0.300 m
   controle_2   surface paroi_moins_x  ouverture 0.300 m
   controle_2   surface paroi_moins_x  ouverture 0.300 m
   controle_2   surface paroi_moins_x  ouverture 0.300 m
   controle_2   surface paroi_moins_x  ouverture 0.250 m
   controle_2   surface paroi_moins_x  ouverture 0.300 m
   controle_4   surface paroi_moins_x  ouverture 0.150 m
VERDICT : FAIL — 118 percee(s) confirmee(s)
==========================================================================
sortie brute : evidence/R2a-3.5.1/b_sonde/a1_apres/sonde.json
RC=1
